MPLINK 5.09, LINKER
Linker Map File - Created Wed Oct 09 17:05:44 2019

                                 Section Info
                  Section       Type    Address   Location Size(Bytes)
                ---------  ---------  ---------  ---------  ---------
                   .org_0       code   0x000000    program   0x0004d2
                   .cinit    romdata   0x000269    program   0x000004
.config_2007_BUILD/DEFAULT/PRODUCTION/ALPCRNE       code   0x002007    program   0x000002



                              Program Memory Usage 
                               Start         End      
                           ---------   ---------      
                            0x000000    0x00026a      
                            0x002007    0x002007      
            620 out of 1158 program addresses used, program memory utilization is 53%



                              Symbols - Sorted by Name
                     Name    Address   Location    Storage File                     
                ---------  ---------  ---------  --------- ---------                
                BD_Loop94   0x0000a4    program     static C:\Users\Xusniddin\Desktop\mplab\AlpCrNew.X\AlpCrNew.asm
                Big_delay   0x0000a2    program     static C:\Users\Xusniddin\Desktop\mplab\AlpCrNew.X\AlpCrNew.asm
                     Init   0x000001    program     static C:\Users\Xusniddin\Desktop\mplab\AlpCrNew.X\AlpCrNew.asm
                      LED   0x000050    program     static C:\Users\Xusniddin\Desktop\mplab\AlpCrNew.X\AlpCrNew.asm
                 Mainloop   0x00003b    program     static C:\Users\Xusniddin\Desktop\mplab\AlpCrNew.X\AlpCrNew.asm
               Send0_Loop   0x0001fd    program     static C:\Users\Xusniddin\Desktop\mplab\AlpCrNew.X\AlpCrNew.asm
              Send0_Loopp   0x00021a    program     static C:\Users\Xusniddin\Desktop\mplab\AlpCrNew.X\AlpCrNew.asm
             Send0_Loopp1   0x000236    program     static C:\Users\Xusniddin\Desktop\mplab\AlpCrNew.X\AlpCrNew.asm
               Send1_Loop   0x0001e0    program     static C:\Users\Xusniddin\Desktop\mplab\AlpCrNew.X\AlpCrNew.asm
                   Send_0   0x0001fb    program     static C:\Users\Xusniddin\Desktop\mplab\AlpCrNew.X\AlpCrNew.asm
                   Send_1   0x0001de    program     static C:\Users\Xusniddin\Desktop\mplab\AlpCrNew.X\AlpCrNew.asm
                 UMessen1   0x00003e    program     static C:\Users\Xusniddin\Desktop\mplab\AlpCrNew.X\AlpCrNew.asm
             _.org_0_004C   0x00004c    program     static C:\Users\Xusniddin\Desktop\mplab\AlpCrNew.X\AlpCrNew.asm
             _.org_0_004E   0x00004e    program     static C:\Users\Xusniddin\Desktop\mplab\AlpCrNew.X\AlpCrNew.asm
             _.org_0_0256   0x000256    program     static C:\Users\Xusniddin\Desktop\mplab\AlpCrNew.X\AlpCrNew.asm
             _.org_0_0258   0x000258    program     static C:\Users\Xusniddin\Desktop\mplab\AlpCrNew.X\AlpCrNew.asm
             _.org_0_0261   0x000261    program     static C:\Users\Xusniddin\Desktop\mplab\AlpCrNew.X\AlpCrNew.asm
             _.org_0_0263   0x000263    program     static C:\Users\Xusniddin\Desktop\mplab\AlpCrNew.X\AlpCrNew.asm
             _.org_0_0265   0x000265    program     static C:\Users\Xusniddin\Desktop\mplab\AlpCrNew.X\AlpCrNew.asm
                       bt   0x0001a9    program     static C:\Users\Xusniddin\Desktop\mplab\AlpCrNew.X\AlpCrNew.asm
              cmequalizer   0x00013f    program     static C:\Users\Xusniddin\Desktop\mplab\AlpCrNew.X\AlpCrNew.asm
                   cmmute   0x0000f5    program     static C:\Users\Xusniddin\Desktop\mplab\AlpCrNew.X\AlpCrNew.asm
                  cmmute1   0x0001bb    program     static C:\Users\Xusniddin\Desktop\mplab\AlpCrNew.X\AlpCrNew.asm
                  cmpause   0x00011f    program     static C:\Users\Xusniddin\Desktop\mplab\AlpCrNew.X\AlpCrNew.asm
                  cmpower   0x00012f    program     static C:\Users\Xusniddin\Desktop\mplab\AlpCrNew.X\AlpCrNew.asm
                  cmqizil   0x0000e5    program     static C:\Users\Xusniddin\Desktop\mplab\AlpCrNew.X\AlpCrNew.asm
            cmstrelkachap   0x00014f    program     static C:\Users\Xusniddin\Desktop\mplab\AlpCrNew.X\AlpCrNew.asm
              cmstrelkaon   0x00015f    program     static C:\Users\Xusniddin\Desktop\mplab\AlpCrNew.X\AlpCrNew.asm
             cmstrelkapas   0x0000d3    program     static C:\Users\Xusniddin\Desktop\mplab\AlpCrNew.X\AlpCrNew.asm
            cmstrelkatepa   0x00018f    program     static C:\Users\Xusniddin\Desktop\mplab\AlpCrNew.X\AlpCrNew.asm
               cmvolumpas   0x00016f    program     static C:\Users\Xusniddin\Desktop\mplab\AlpCrNew.X\AlpCrNew.asm
              cmvolumtepa   0x00017f    program     static C:\Users\Xusniddin\Desktop\mplab\AlpCrNew.X\AlpCrNew.asm
                 cmyashil   0x00010d    program     static C:\Users\Xusniddin\Desktop\mplab\AlpCrNew.X\AlpCrNew.asm
               delay250ms   0x00025a    program     static C:\Users\Xusniddin\Desktop\mplab\AlpCrNew.X\AlpCrNew.asm
              delayy4.5ms   0x000251    program     static C:\Users\Xusniddin\Desktop\mplab\AlpCrNew.X\AlpCrNew.asm
                delayy9ms   0x000218    program     static C:\Users\Xusniddin\Desktop\mplab\AlpCrNew.X\AlpCrNew.asm
                     krug   0x0000b1    program     static C:\Users\Xusniddin\Desktop\mplab\AlpCrNew.X\AlpCrNew.asm
                    krug1   0x0000bf    program     static C:\Users\Xusniddin\Desktop\mplab\AlpCrNew.X\AlpCrNew.asm
                    krug2   0x0000cd    program     static C:\Users\Xusniddin\Desktop\mplab\AlpCrNew.X\AlpCrNew.asm
                     loop   0x00003f    program     static C:\Users\Xusniddin\Desktop\mplab\AlpCrNew.X\AlpCrNew.asm
                metka1000   0x0001d9    program     static C:\Users\Xusniddin\Desktop\mplab\AlpCrNew.X\AlpCrNew.asm
              metka101000   0x0001d7    program     static C:\Users\Xusniddin\Desktop\mplab\AlpCrNew.X\AlpCrNew.asm
            metka10101000   0x0001d5    program     static C:\Users\Xusniddin\Desktop\mplab\AlpCrNew.X\AlpCrNew.asm
          metka1010101000   0x0001d3    program     static C:\Users\Xusniddin\Desktop\mplab\AlpCrNew.X\AlpCrNew.asm
        metka101010101000   0x0001d1    program     static C:\Users\Xusniddin\Desktop\mplab\AlpCrNew.X\AlpCrNew.asm
      metka10101010101000   0x0001cf    program     static C:\Users\Xusniddin\Desktop\mplab\AlpCrNew.X\AlpCrNew.asm
    metka1010101010101000   0x0001cd    program     static C:\Users\Xusniddin\Desktop\mplab\AlpCrNew.X\AlpCrNew.asm
  metka101010101010101000   0x0001cb    program     static C:\Users\Xusniddin\Desktop\mplab\AlpCrNew.X\AlpCrNew.asm
                    power   0x000084    program     static C:\Users\Xusniddin\Desktop\mplab\AlpCrNew.X\AlpCrNew.asm
             poweruderjat   0x0000c5    program     static C:\Users\Xusniddin\Desktop\mplab\AlpCrNew.X\AlpCrNew.asm
                    qizil   0x00007a    program     static C:\Users\Xusniddin\Desktop\mplab\AlpCrNew.X\AlpCrNew.asm
             qiziluderjat   0x0000a9    program     static C:\Users\Xusniddin\Desktop\mplab\AlpCrNew.X\AlpCrNew.asm
              strelkachap   0x000089    program     static C:\Users\Xusniddin\Desktop\mplab\AlpCrNew.X\AlpCrNew.asm
                strelkaon   0x00008e    program     static C:\Users\Xusniddin\Desktop\mplab\AlpCrNew.X\AlpCrNew.asm
               strelkapas   0x000075    program     static C:\Users\Xusniddin\Desktop\mplab\AlpCrNew.X\AlpCrNew.asm
              strelkatepa   0x00009d    program     static C:\Users\Xusniddin\Desktop\mplab\AlpCrNew.X\AlpCrNew.asm
                 volumpas   0x000093    program     static C:\Users\Xusniddin\Desktop\mplab\AlpCrNew.X\AlpCrNew.asm
                volumtepa   0x000098    program     static C:\Users\Xusniddin\Desktop\mplab\AlpCrNew.X\AlpCrNew.asm
                    yarmi   0x00019f    program     static C:\Users\Xusniddin\Desktop\mplab\AlpCrNew.X\AlpCrNew.asm
                   yashil   0x00007f    program     static C:\Users\Xusniddin\Desktop\mplab\AlpCrNew.X\AlpCrNew.asm
            yashiluderjat   0x0000b7    program     static C:\Users\Xusniddin\Desktop\mplab\AlpCrNew.X\AlpCrNew.asm



                              Symbols - Sorted by Address
                     Name    Address   Location    Storage File                     
                ---------  ---------  ---------  --------- ---------                
                     Init   0x000001    program     static C:\Users\Xusniddin\Desktop\mplab\AlpCrNew.X\AlpCrNew.asm
                 Mainloop   0x00003b    program     static C:\Users\Xusniddin\Desktop\mplab\AlpCrNew.X\AlpCrNew.asm
                 UMessen1   0x00003e    program     static C:\Users\Xusniddin\Desktop\mplab\AlpCrNew.X\AlpCrNew.asm
                     loop   0x00003f    program     static C:\Users\Xusniddin\Desktop\mplab\AlpCrNew.X\AlpCrNew.asm
             _.org_0_004C   0x00004c    program     static C:\Users\Xusniddin\Desktop\mplab\AlpCrNew.X\AlpCrNew.asm
             _.org_0_004E   0x00004e    program     static C:\Users\Xusniddin\Desktop\mplab\AlpCrNew.X\AlpCrNew.asm
                      LED   0x000050    program     static C:\Users\Xusniddin\Desktop\mplab\AlpCrNew.X\AlpCrNew.asm
               strelkapas   0x000075    program     static C:\Users\Xusniddin\Desktop\mplab\AlpCrNew.X\AlpCrNew.asm
                    qizil   0x00007a    program     static C:\Users\Xusniddin\Desktop\mplab\AlpCrNew.X\AlpCrNew.asm
                   yashil   0x00007f    program     static C:\Users\Xusniddin\Desktop\mplab\AlpCrNew.X\AlpCrNew.asm
                    power   0x000084    program     static C:\Users\Xusniddin\Desktop\mplab\AlpCrNew.X\AlpCrNew.asm
              strelkachap   0x000089    program     static C:\Users\Xusniddin\Desktop\mplab\AlpCrNew.X\AlpCrNew.asm
                strelkaon   0x00008e    program     static C:\Users\Xusniddin\Desktop\mplab\AlpCrNew.X\AlpCrNew.asm
                 volumpas   0x000093    program     static C:\Users\Xusniddin\Desktop\mplab\AlpCrNew.X\AlpCrNew.asm
                volumtepa   0x000098    program     static C:\Users\Xusniddin\Desktop\mplab\AlpCrNew.X\AlpCrNew.asm
              strelkatepa   0x00009d    program     static C:\Users\Xusniddin\Desktop\mplab\AlpCrNew.X\AlpCrNew.asm
                Big_delay   0x0000a2    program     static C:\Users\Xusniddin\Desktop\mplab\AlpCrNew.X\AlpCrNew.asm
                BD_Loop94   0x0000a4    program     static C:\Users\Xusniddin\Desktop\mplab\AlpCrNew.X\AlpCrNew.asm
             qiziluderjat   0x0000a9    program     static C:\Users\Xusniddin\Desktop\mplab\AlpCrNew.X\AlpCrNew.asm
                     krug   0x0000b1    program     static C:\Users\Xusniddin\Desktop\mplab\AlpCrNew.X\AlpCrNew.asm
            yashiluderjat   0x0000b7    program     static C:\Users\Xusniddin\Desktop\mplab\AlpCrNew.X\AlpCrNew.asm
                    krug1   0x0000bf    program     static C:\Users\Xusniddin\Desktop\mplab\AlpCrNew.X\AlpCrNew.asm
             poweruderjat   0x0000c5    program     static C:\Users\Xusniddin\Desktop\mplab\AlpCrNew.X\AlpCrNew.asm
                    krug2   0x0000cd    program     static C:\Users\Xusniddin\Desktop\mplab\AlpCrNew.X\AlpCrNew.asm
             cmstrelkapas   0x0000d3    program     static C:\Users\Xusniddin\Desktop\mplab\AlpCrNew.X\AlpCrNew.asm
                  cmqizil   0x0000e5    program     static C:\Users\Xusniddin\Desktop\mplab\AlpCrNew.X\AlpCrNew.asm
                   cmmute   0x0000f5    program     static C:\Users\Xusniddin\Desktop\mplab\AlpCrNew.X\AlpCrNew.asm
                 cmyashil   0x00010d    program     static C:\Users\Xusniddin\Desktop\mplab\AlpCrNew.X\AlpCrNew.asm
                  cmpause   0x00011f    program     static C:\Users\Xusniddin\Desktop\mplab\AlpCrNew.X\AlpCrNew.asm
                  cmpower   0x00012f    program     static C:\Users\Xusniddin\Desktop\mplab\AlpCrNew.X\AlpCrNew.asm
              cmequalizer   0x00013f    program     static C:\Users\Xusniddin\Desktop\mplab\AlpCrNew.X\AlpCrNew.asm
            cmstrelkachap   0x00014f    program     static C:\Users\Xusniddin\Desktop\mplab\AlpCrNew.X\AlpCrNew.asm
              cmstrelkaon   0x00015f    program     static C:\Users\Xusniddin\Desktop\mplab\AlpCrNew.X\AlpCrNew.asm
               cmvolumpas   0x00016f    program     static C:\Users\Xusniddin\Desktop\mplab\AlpCrNew.X\AlpCrNew.asm
              cmvolumtepa   0x00017f    program     static C:\Users\Xusniddin\Desktop\mplab\AlpCrNew.X\AlpCrNew.asm
            cmstrelkatepa   0x00018f    program     static C:\Users\Xusniddin\Desktop\mplab\AlpCrNew.X\AlpCrNew.asm
                    yarmi   0x00019f    program     static C:\Users\Xusniddin\Desktop\mplab\AlpCrNew.X\AlpCrNew.asm
                       bt   0x0001a9    program     static C:\Users\Xusniddin\Desktop\mplab\AlpCrNew.X\AlpCrNew.asm
                  cmmute1   0x0001bb    program     static C:\Users\Xusniddin\Desktop\mplab\AlpCrNew.X\AlpCrNew.asm
  metka101010101010101000   0x0001cb    program     static C:\Users\Xusniddin\Desktop\mplab\AlpCrNew.X\AlpCrNew.asm
    metka1010101010101000   0x0001cd    program     static C:\Users\Xusniddin\Desktop\mplab\AlpCrNew.X\AlpCrNew.asm
      metka10101010101000   0x0001cf    program     static C:\Users\Xusniddin\Desktop\mplab\AlpCrNew.X\AlpCrNew.asm
        metka101010101000   0x0001d1    program     static C:\Users\Xusniddin\Desktop\mplab\AlpCrNew.X\AlpCrNew.asm
          metka1010101000   0x0001d3    program     static C:\Users\Xusniddin\Desktop\mplab\AlpCrNew.X\AlpCrNew.asm
            metka10101000   0x0001d5    program     static C:\Users\Xusniddin\Desktop\mplab\AlpCrNew.X\AlpCrNew.asm
              metka101000   0x0001d7    program     static C:\Users\Xusniddin\Desktop\mplab\AlpCrNew.X\AlpCrNew.asm
                metka1000   0x0001d9    program     static C:\Users\Xusniddin\Desktop\mplab\AlpCrNew.X\AlpCrNew.asm
                   Send_1   0x0001de    program     static C:\Users\Xusniddin\Desktop\mplab\AlpCrNew.X\AlpCrNew.asm
               Send1_Loop   0x0001e0    program     static C:\Users\Xusniddin\Desktop\mplab\AlpCrNew.X\AlpCrNew.asm
                   Send_0   0x0001fb    program     static C:\Users\Xusniddin\Desktop\mplab\AlpCrNew.X\AlpCrNew.asm
               Send0_Loop   0x0001fd    program     static C:\Users\Xusniddin\Desktop\mplab\AlpCrNew.X\AlpCrNew.asm
                delayy9ms   0x000218    program     static C:\Users\Xusniddin\Desktop\mplab\AlpCrNew.X\AlpCrNew.asm
              Send0_Loopp   0x00021a    program     static C:\Users\Xusniddin\Desktop\mplab\AlpCrNew.X\AlpCrNew.asm
             Send0_Loopp1   0x000236    program     static C:\Users\Xusniddin\Desktop\mplab\AlpCrNew.X\AlpCrNew.asm
              delayy4.5ms   0x000251    program     static C:\Users\Xusniddin\Desktop\mplab\AlpCrNew.X\AlpCrNew.asm
             _.org_0_0256   0x000256    program     static C:\Users\Xusniddin\Desktop\mplab\AlpCrNew.X\AlpCrNew.asm
             _.org_0_0258   0x000258    program     static C:\Users\Xusniddin\Desktop\mplab\AlpCrNew.X\AlpCrNew.asm
               delay250ms   0x00025a    program     static C:\Users\Xusniddin\Desktop\mplab\AlpCrNew.X\AlpCrNew.asm
             _.org_0_0261   0x000261    program     static C:\Users\Xusniddin\Desktop\mplab\AlpCrNew.X\AlpCrNew.asm
             _.org_0_0263   0x000263    program     static C:\Users\Xusniddin\Desktop\mplab\AlpCrNew.X\AlpCrNew.asm
             _.org_0_0265   0x000265    program     static C:\Users\Xusniddin\Desktop\mplab\AlpCrNew.X\AlpCrNew.asm


