Microchip MPLAB XC8 Compiler V2.00 ()

Linker command line:

-W-3 --edf=C:\Program Files (x86)\Microchip\xc8\v2.00\pic\dat\en_msgs.txt \
  -cs -h+dist/default/debug\Tunel-New.X.debug.sym \
  --cmf=dist/default/debug\Tunel-New.X.debug.cmf -z -Q12F675 \
  -oC:\Users\User\AppData\Local\Temp\s5qg.2 --defsym=__MPLAB_BUILD=1 \
  -Mdist/default/debug/Tunel-New.X.debug.map -E1 -ver=XC8 --acfsm=1493 \
  -ASTACK=031h-05dh -pstack=STACK -ACODE=00h-03FEh -ASTRCODE=00h-03FEh \
  -ASTRING=00h-0FFhx3,0300h-03FEh -ACONST=00h-0FFhx3,0300h-03FEh \
  -AENTRY=00h-0FFhx3,0300h-03FEh -ABANK0=020h-05Dh -ARAM=020h-05Dh \
  -AABS1=020h-05Fh -ACOMMON=05Eh-05Fh -ASFR0=00h-01Fh -ASFR1=080h-0DDh \
  -preset_vec=00h,intentry=04h,init,end_init -ppowerup=CODE -pcinit=CODE \
  -pfunctab=ENTRY -ACONFIG=02007h-02007h -pconfig=CONFIG -DCONFIG=2 \
  -AIDLOC=02000h-02003h -pidloc=IDLOC -DIDLOC=2 -AEEDATA=00h-07Fh/02100h \
  -peeprom_data=EEDATA -DEEDATA=2 -posccal=03FFh -DCODE=2 -DSTRCODE=2 \
  -DSTRING=2 -DCONST=2 -DENTRY=2 -k C:\Users\User\AppData\Local\Temp\s5qg.o \
  dist/default/debug\Tunel-New.X.debug.o 

Object code version is 3.11

Machine type is 12F675



                Name                               Link     Load   Length Selector   Space Scale
C:\Users\User\AppData\Local\Temp\s5qg.o
                end_init                              B        B        1        8       0
                reset_vec                             0        0        1        0       0
                config                             2007     2007        1     400E       0
dist/default/debug\Tunel-New.X.debug.o
                cinit                                 C        C       16        8       0
                intentry                              4        4        7        8       0
                text7                               1FF      1FF       21        8       0
                text6                               1D9      1D9       26        8       0
                text5                               16A      16A       3C        8       0
                text4                               126      126       44        8       0
                text3                                E2       E2       44        8       0
                text2                                9E       9E       44        8       0
                text1                               1A6      1A6       33        8       0
                maintext                             22       22       7C        8       0
                cstackBANK0                          28       28        5       20       1
                dataBANK0                            20       20        8       20       1
                bssBANK0                             2D       2D        4       20       1
                idataBANK0                          220      220        8        8       0

TOTAL           Name                               Link     Load   Length     Space
        CLASS   STACK          

        CLASS   CODE           
                end_init                              B        B        1         0
                cinit                                 C        C       16         0
                intentry                              4        4        7         0
                reset_vec                             0        0        1         0
                text7                               1FF      1FF       21         0
                text6                               1D9      1D9       26         0
                text5                               16A      16A       3C         0
                text4                               126      126       44         0
                text3                                E2       E2       44         0
                text2                                9E       9E       44         0
                text1                               1A6      1A6       33         0
                maintext                             22       22       7C         0
                idataBANK0                          220      220        8         0

        CLASS   STRCODE        

        CLASS   STRING         

        CLASS   CONST          

        CLASS   ENTRY          

        CLASS   BANK0          
                cstackBANK0                          28       28        5         1
                dataBANK0                            20       20        8         1
                bssBANK0                             2D       2D        4         1

        CLASS   RAM            

        CLASS   ABS1           
                abs_s1                               5E       5E        2         1

        CLASS   COMMON         

        CLASS   SFR0           

        CLASS   SFR1           

        CLASS   CONFIG         
                config                             2007     2007        1         0

        CLASS   IDLOC          

        CLASS   EEDATA         

        CLASS   BANK1          



SEGMENTS        Name                           Load    Length   Top    Selector   Space  Class     Delta

                reset_vec                      000000  000001  000001         0       0  CODE        2
                intentry                       000004  000224  000228         8       0  CODE        2
                dataBANK0                      000020  000011  000031        20       1  BANK0       1
                config                         002007  000001  002008      400E       0  CONFIG      2


UNUSED ADDRESS RANGES

        Name                Unused          Largest block    Delta
        BANK0            0031-005D             2D           1
        CODE             0001-0003              3           2
                         0228-03FE            1D7
        CONST            0001-0003              3           2
                         0228-03FE             D8
        EEDATA           2100-217F             80           2
        ENTRY            0001-0003              3           2
                         0228-03FE             D8
        IDLOC            2000-2003              4           2
        RAM              0031-005D             2D           1
        SFR0             0000-001F             20           1
        SFR1             0080-00DD             5E           1
        STACK            0031-005D             2D           1
        STRCODE          0001-0003              3           2
                         0228-03FE            1D7
        STRING           0001-0003              3           2
                         0228-03FE             D8

                                  Symbol Table

_ADC                     text6        01D9
_ADCON0                  (abs)        001F
_ADON                    (abs)        00F8
_ADRESH                  (abs)        001E
_ANSEL                   (abs)        009F
_CMCON                   (abs)        0019
_GO_DONE                 (abs)        00F9
_GP0                     (abs)        0028
_GP1                     (abs)        0029
_GP2                     (abs)        002A
_GP3                     (abs)        002B
_GP5                     (abs)        002D
_GPIO                    (abs)        0005
_INTCON                  (abs)        000B
_INTF                    (abs)        0059
_OPTION_REGbits          (abs)        0081
_TRISIO                  (abs)        0085
__CFG_BOREN$OFF          (abs)        0000
__CFG_CP$ON              (abs)        0000
__CFG_CPD$ON             (abs)        0000
__CFG_FOSC$INTRCIO       (abs)        0000
__CFG_MCLRE$OFF          (abs)        0000
__CFG_PWRTE$OFF          (abs)        0000
__CFG_WDTE$OFF           (abs)        0000
__Habs1                  abs1         07FE
__Hbank0                 bank0        07FE
__Hbank1                 bank1        07FE
__HbssBANK0              bssBANK0     07FE
__Hcinit                 cinit        0022
__Hclrtext               clrtext      07FE
__Hcode                  code         07FE
__Hcommon                common       07FE
__Hconfig                config       2008
__HcstackBANK0           cstackBANK0  07FE
__HcstackCOMMON          cstackCOMMON 07FE
__HdataBANK0             dataBANK0    07FE
__Heeprom_data           eeprom_data  0000
__Hend_init              end_init     000C
__Hfunctab               functab      0000
__HidataBANK0            idataBANK0   07FE
__Hidloc                 idloc        0000
__Hinit                  init         000B
__Hintentry              intentry     000B
__Hmaintext              maintext     07FE
__Hosccal                osccal       03FF
__Hpowerup               powerup      0000
__Hram                   ram          07FE
__Hreset_vec             reset_vec    0001
__Hsfr0                  sfr0         07FE
__Hsfr1                  sfr1         07FE
__Hspace_0               (abs)        2008
__Hspace_1               (abs)        07FE
__Hspace_2               (abs)        0000
__Hspace_3               (abs)        0000
__Hstack                 stack        0000
__Hstrings               strings      07FE
__Htext                  text         07FE
__Labs1                  abs1         07FE
__Lbank0                 bank0        07FE
__Lbank1                 bank1        07FE
__LbssBANK0              bssBANK0     07FE
__Lcinit                 cinit        000C
__Lclrtext               clrtext      07FE
__Lcode                  code         07FE
__Lcommon                common       07FE
__Lconfig                config       2007
__LcstackBANK0           cstackBANK0  07FE
__LcstackCOMMON          cstackCOMMON 07FE
__LdataBANK0             dataBANK0    07FE
__Leeprom_data           eeprom_data  0000
__Lend_init              end_init     000B
__Lfunctab               functab      0000
__LidataBANK0            idataBANK0   07FE
__Lidloc                 idloc        0000
__Linit                  init         000B
__Lintentry              intentry     0004
__Lmaintext              maintext     07FE
__Losccal                osccal       03FF
__Lpowerup               powerup      0000
__Lram                   ram          07FE
__Lreset_vec             reset_vec    0000
__Lsfr0                  sfr0         07FE
__Lsfr1                  sfr1         07FE
__Lspace_0               (abs)        0000
__Lspace_1               (abs)        0000
__Lspace_2               (abs)        0000
__Lspace_3               (abs)        0000
__Lstack                 stack        0000
__Lstrings               strings      07FE
__Ltext                  text         07FE
__S0                     (abs)        2008
__S1                     (abs)        0031
__S2                     (abs)        0000
__S3                     (abs)        0000
___int_sp                stack        0000
___latbits               (abs)        0000
___osccal_val            osccal       03FF
___sp                    stack        0000
__end_of_ADC             text6        01FF
__end_of__initialization cinit        0020
__end_of_blijniyOff      text5        01A6
__end_of_blijniyOn       text4        016A
__end_of_gabaritOff      text3        0126
__end_of_gabaritOn       text2        00E2
__end_of_isr             text7        0220
__end_of_main            maintext     009E
__end_of_sentrZamok      text1        01D9
__initialization         cinit        000C
__pbssBANK0              bssBANK0     002D
__pcstackBANK0           cstackBANK0  0028
__pcstackCOMMON          cstackCOMMON 0000
__pdataBANK0             dataBANK0    0020
__pidataBANK0            idataBANK0   0220
__pintentry              intentry     0004
__pmaintext              maintext     0022
__ptext1                 text1        01A6
__ptext2                 text2        009E
__ptext3                 text3        00E2
__ptext4                 text4        0126
__ptext5                 text5        016A
__ptext6                 text6        01D9
__ptext7                 text7        01FF
__size_of_ADC            (abs)        0000
__size_of_blijniyOff     (abs)        0000
__size_of_blijniyOn      (abs)        0000
__size_of_gabaritOff     (abs)        0000
__size_of_gabaritOn      (abs)        0000
__size_of_isr            (abs)        0000
__size_of_main           (abs)        0000
__size_of_sentrZamok     (abs)        0000
_blijOff                 dataBANK0    0020
_blijOn                  dataBANK0    0022
_blijniyOff              text5        016A
_blijniyOn               text4        0126
_gabOff                  dataBANK0    0024
_gabOn                   dataBANK0    0026
_gabaritOff              text3        00E2
_gabaritOn               text2        009E
_i                       bssBANK0     002F
_isr                     text7        01FF
_main                    maintext     0022
_sentrZamok              text1        01A6
_volt                    bssBANK0     002D
btemp                    (abs)        005E
end_of_initialization    cinit        0020
interrupt_function       intentry     0004
intlevel0                functab      0000
intlevel1                functab      0000
intlevel2                functab      0000
intlevel3                functab      0000
intlevel4                functab      0000
intlevel5                functab      0000
reset_vec                reset_vec    0000
saved_w                  (abs)        005E
stackhi                  (abs)        0000
stacklo                  (abs)        0000
start                    init         000B
start_initialization     cinit        000C
wtemp0                   (abs)        005E


FUNCTION INFORMATION:

 *************** function _main *****************
 Defined at:
		line 117 in file "Tunel-New.c"
 Parameters:    Size  Location     Type
		None
 Auto vars:     Size  Location     Type
		None
 Return value:  Size  Location     Type
                  1    wreg      void 
 Registers used:
		wreg, status,2, status,0, pclath, cstack
 Tracked objects:
		On entry : 
		On exit  : 
		Unchanged: 
 Data sizes:     COMMON   BANK0
      Params:         0       0
      Locals:         0       0
      Temps:          0       0
      Totals:         0       0
Total ram usage:        0 bytes
 Hardware stack levels required when called:    3
 This function calls:
		_ADC
		_blijniyOff
		_blijniyOn
		_gabaritOff
		_gabaritOn
		_sentrZamok
 This function is called by:
		Startup code after reset
 This function uses a non-reentrant model


 *************** function _sentrZamok *****************
 Defined at:
		line 86 in file "Tunel-New.c"
 Parameters:    Size  Location     Type
		None
 Auto vars:     Size  Location     Type
		None
 Return value:  Size  Location     Type
                  1    wreg      void 
 Registers used:
		wreg, status,2
 Tracked objects:
		On entry : 
		On exit  : 
		Unchanged: 
 Data sizes:     COMMON   BANK0
      Params:         0       0
      Locals:         0       0
      Temps:          0       1
      Totals:         0       1
Total ram usage:        1 bytes
 Hardware stack levels used:    1
 Hardware stack levels required when called:    1
 This function calls:
		Nothing
 This function is called by:
		_main
 This function uses a non-reentrant model


 *************** function _gabaritOn *****************
 Defined at:
		line 35 in file "Tunel-New.c"
 Parameters:    Size  Location     Type
		None
 Auto vars:     Size  Location     Type
		None
 Return value:  Size  Location     Type
                  1    wreg      void 
 Registers used:
		wreg, status,2, status,0, pclath, cstack
 Tracked objects:
		On entry : 
		On exit  : 
		Unchanged: 
 Data sizes:     COMMON   BANK0
      Params:         0       0
      Locals:         0       0
      Temps:          0       1
      Totals:         0       1
Total ram usage:        1 bytes
 Hardware stack levels used:    1
 Hardware stack levels required when called:    2
 This function calls:
		_ADC
 This function is called by:
		_main
 This function uses a non-reentrant model


 *************** function _gabaritOff *****************
 Defined at:
		line 48 in file "Tunel-New.c"
 Parameters:    Size  Location     Type
		None
 Auto vars:     Size  Location     Type
		None
 Return value:  Size  Location     Type
                  1    wreg      void 
 Registers used:
		wreg, status,2, status,0, pclath, cstack
 Tracked objects:
		On entry : 
		On exit  : 
		Unchanged: 
 Data sizes:     COMMON   BANK0
      Params:         0       0
      Locals:         0       0
      Temps:          0       1
      Totals:         0       1
Total ram usage:        1 bytes
 Hardware stack levels used:    1
 Hardware stack levels required when called:    2
 This function calls:
		_ADC
 This function is called by:
		_main
 This function uses a non-reentrant model


 *************** function _blijniyOn *****************
 Defined at:
		line 61 in file "Tunel-New.c"
 Parameters:    Size  Location     Type
		None
 Auto vars:     Size  Location     Type
		None
 Return value:  Size  Location     Type
                  1    wreg      void 
 Registers used:
		wreg, status,2, status,0, pclath, cstack
 Tracked objects:
		On entry : 
		On exit  : 
		Unchanged: 
 Data sizes:     COMMON   BANK0
      Params:         0       0
      Locals:         0       0
      Temps:          0       1
      Totals:         0       1
Total ram usage:        1 bytes
 Hardware stack levels used:    1
 Hardware stack levels required when called:    2
 This function calls:
		_ADC
 This function is called by:
		_main
 This function uses a non-reentrant model


 *************** function _blijniyOff *****************
 Defined at:
		line 74 in file "Tunel-New.c"
 Parameters:    Size  Location     Type
		None
 Auto vars:     Size  Location     Type
		None
 Return value:  Size  Location     Type
                  1    wreg      void 
 Registers used:
		wreg, status,2, status,0, pclath, cstack
 Tracked objects:
		On entry : 
		On exit  : 
		Unchanged: 
 Data sizes:     COMMON   BANK0
      Params:         0       0
      Locals:         0       0
      Temps:          0       0
      Totals:         0       0
Total ram usage:        0 bytes
 Hardware stack levels used:    1
 Hardware stack levels required when called:    2
 This function calls:
		_ADC
 This function is called by:
		_main
 This function uses a non-reentrant model


 *************** function _ADC *****************
 Defined at:
		line 25 in file "Tunel-New.c"
 Parameters:    Size  Location     Type
		None
 Auto vars:     Size  Location     Type
		None
 Return value:  Size  Location     Type
                  1    wreg      void 
 Registers used:
		wreg
 Tracked objects:
		On entry : 
		On exit  : 
		Unchanged: 
 Data sizes:     COMMON   BANK0
      Params:         0       0
      Locals:         0       0
      Temps:          0       2
      Totals:         0       2
Total ram usage:        2 bytes
 Hardware stack levels used:    1
 Hardware stack levels required when called:    1
 This function calls:
		Nothing
 This function is called by:
		_gabaritOn
		_gabaritOff
		_blijniyOn
		_blijniyOff
		_main
 This function uses a non-reentrant model


 *************** function _isr *****************
 Defined at:
		line 100 in file "Tunel-New.c"
 Parameters:    Size  Location     Type
		None
 Auto vars:     Size  Location     Type
		None
 Return value:  Size  Location     Type
                  1    wreg      void 
 Registers used:
		None
 Tracked objects:
		On entry : 
		On exit  : 
		Unchanged: 
 Data sizes:     COMMON   BANK0
      Params:         0       0
      Locals:         0       0
      Temps:          0       2
      Totals:         0       2
Total ram usage:        2 bytes
 Hardware stack levels used:    1
 This function calls:
		Nothing
 This function is called by:
		Interrupt level 1
 This function uses a non-reentrant model



MODULE INFORMATION

Module		Function		Class		Link	Load	Size
Tunel-New.c
		_ADC           		CODE           	01D9	0000	39
		_main          		CODE           	0022	0000	125
		_gabaritOn     		CODE           	009E	0000	69
		_gabaritOff    		CODE           	00E2	0000	69
		_blijniyOn     		CODE           	0126	0000	69
		_blijniyOff    		CODE           	016A	0000	61
		_sentrZamok    		CODE           	01A6	0000	52
		_isr           		CODE           	01FF	0000	34

Tunel-New.c estimated size: 518

shared
		__initialization		CODE           	000C	0000	21

shared estimated size: 21

