MPLINK 5.09, LINKER
Linker Map File - Created Wed Oct 09 16:51:42 2019

                                 Section Info
                  Section       Type    Address   Location Size(Bytes)
                ---------  ---------  ---------  ---------  ---------
                   .org_0       code   0x000000    program   0x00053c
                   .cinit    romdata   0x00029e    program   0x000004
.config_2007_BUILD/DEFAULT/PRODUCTION/PICRBTN       code   0x002007    program   0x000002



                              Program Memory Usage 
                               Start         End      
                           ---------   ---------      
                            0x000000    0x00029f      
                            0x002007    0x002007      
            673 out of 1158 program addresses used, program memory utilization is 58%



                              Symbols - Sorted by Name
                     Name    Address   Location    Storage File                     
                ---------  ---------  ---------  --------- ---------                
                BD_Loop94   0x0000a4    program     static C:\Users\Xusniddin\Desktop\mplab\PiCrBtNEW.X\PiCrBtNew.asm
                Big_delay   0x0000a2    program     static C:\Users\Xusniddin\Desktop\mplab\PiCrBtNEW.X\PiCrBtNew.asm
                     Init   0x000001    program     static C:\Users\Xusniddin\Desktop\mplab\PiCrBtNEW.X\PiCrBtNew.asm
                      LED   0x000050    program     static C:\Users\Xusniddin\Desktop\mplab\PiCrBtNEW.X\PiCrBtNew.asm
                 Mainloop   0x00003b    program     static C:\Users\Xusniddin\Desktop\mplab\PiCrBtNEW.X\PiCrBtNew.asm
               Send0_Loop   0x000232    program     static C:\Users\Xusniddin\Desktop\mplab\PiCrBtNEW.X\PiCrBtNew.asm
              Send0_Loopp   0x00024f    program     static C:\Users\Xusniddin\Desktop\mplab\PiCrBtNEW.X\PiCrBtNew.asm
             Send0_Loopp1   0x00026b    program     static C:\Users\Xusniddin\Desktop\mplab\PiCrBtNEW.X\PiCrBtNew.asm
               Send1_Loop   0x000215    program     static C:\Users\Xusniddin\Desktop\mplab\PiCrBtNEW.X\PiCrBtNew.asm
                   Send_0   0x000230    program     static C:\Users\Xusniddin\Desktop\mplab\PiCrBtNEW.X\PiCrBtNew.asm
                   Send_1   0x000213    program     static C:\Users\Xusniddin\Desktop\mplab\PiCrBtNEW.X\PiCrBtNew.asm
                 UMessen1   0x00003e    program     static C:\Users\Xusniddin\Desktop\mplab\PiCrBtNEW.X\PiCrBtNew.asm
             _.org_0_004C   0x00004c    program     static C:\Users\Xusniddin\Desktop\mplab\PiCrBtNEW.X\PiCrBtNew.asm
             _.org_0_004E   0x00004e    program     static C:\Users\Xusniddin\Desktop\mplab\PiCrBtNEW.X\PiCrBtNew.asm
             _.org_0_028B   0x00028b    program     static C:\Users\Xusniddin\Desktop\mplab\PiCrBtNEW.X\PiCrBtNew.asm
             _.org_0_028D   0x00028d    program     static C:\Users\Xusniddin\Desktop\mplab\PiCrBtNEW.X\PiCrBtNew.asm
             _.org_0_0296   0x000296    program     static C:\Users\Xusniddin\Desktop\mplab\PiCrBtNEW.X\PiCrBtNew.asm
             _.org_0_0298   0x000298    program     static C:\Users\Xusniddin\Desktop\mplab\PiCrBtNEW.X\PiCrBtNew.asm
             _.org_0_029A   0x00029a    program     static C:\Users\Xusniddin\Desktop\mplab\PiCrBtNEW.X\PiCrBtNew.asm
                       bt   0x0001de    program     static C:\Users\Xusniddin\Desktop\mplab\PiCrBtNEW.X\PiCrBtNew.asm
              cmequalizer   0x00014b    program     static C:\Users\Xusniddin\Desktop\mplab\PiCrBtNEW.X\PiCrBtNew.asm
                   cmmute   0x0000fb    program     static C:\Users\Xusniddin\Desktop\mplab\PiCrBtNEW.X\PiCrBtNew.asm
                  cmmute1   0x0001f0    program     static C:\Users\Xusniddin\Desktop\mplab\PiCrBtNEW.X\PiCrBtNew.asm
                  cmpause   0x00012b    program     static C:\Users\Xusniddin\Desktop\mplab\PiCrBtNEW.X\PiCrBtNew.asm
                  cmpower   0x00013b    program     static C:\Users\Xusniddin\Desktop\mplab\PiCrBtNEW.X\PiCrBtNew.asm
                  cmqizil   0x0000e3    program     static C:\Users\Xusniddin\Desktop\mplab\PiCrBtNEW.X\PiCrBtNew.asm
            cmstrelkachap   0x000185    program     static C:\Users\Xusniddin\Desktop\mplab\PiCrBtNEW.X\PiCrBtNew.asm
              cmstrelkaon   0x000195    program     static C:\Users\Xusniddin\Desktop\mplab\PiCrBtNEW.X\PiCrBtNew.asm
             cmstrelkapas   0x0000d3    program     static C:\Users\Xusniddin\Desktop\mplab\PiCrBtNEW.X\PiCrBtNew.asm
            cmstrelkatepa   0x0001c5    program     static C:\Users\Xusniddin\Desktop\mplab\PiCrBtNEW.X\PiCrBtNew.asm
               cmvolumpas   0x0001a5    program     static C:\Users\Xusniddin\Desktop\mplab\PiCrBtNEW.X\PiCrBtNew.asm
              cmvolumtepa   0x0001b5    program     static C:\Users\Xusniddin\Desktop\mplab\PiCrBtNEW.X\PiCrBtNew.asm
                 cmyashil   0x000113    program     static C:\Users\Xusniddin\Desktop\mplab\PiCrBtNEW.X\PiCrBtNew.asm
               delay250ms   0x00028f    program     static C:\Users\Xusniddin\Desktop\mplab\PiCrBtNEW.X\PiCrBtNew.asm
              delayy4.5ms   0x000286    program     static C:\Users\Xusniddin\Desktop\mplab\PiCrBtNEW.X\PiCrBtNew.asm
                delayy9ms   0x00024d    program     static C:\Users\Xusniddin\Desktop\mplab\PiCrBtNEW.X\PiCrBtNew.asm
                     krug   0x0000b1    program     static C:\Users\Xusniddin\Desktop\mplab\PiCrBtNEW.X\PiCrBtNew.asm
                    krug1   0x0000bf    program     static C:\Users\Xusniddin\Desktop\mplab\PiCrBtNEW.X\PiCrBtNew.asm
                    krug2   0x0000cd    program     static C:\Users\Xusniddin\Desktop\mplab\PiCrBtNEW.X\PiCrBtNew.asm
                     loop   0x00003f    program     static C:\Users\Xusniddin\Desktop\mplab\PiCrBtNEW.X\PiCrBtNew.asm
                metka1000   0x00020e    program     static C:\Users\Xusniddin\Desktop\mplab\PiCrBtNEW.X\PiCrBtNew.asm
              metka101000   0x00020c    program     static C:\Users\Xusniddin\Desktop\mplab\PiCrBtNEW.X\PiCrBtNew.asm
            metka10101000   0x00020a    program     static C:\Users\Xusniddin\Desktop\mplab\PiCrBtNEW.X\PiCrBtNew.asm
          metka1010101000   0x000208    program     static C:\Users\Xusniddin\Desktop\mplab\PiCrBtNEW.X\PiCrBtNew.asm
        metka101010101000   0x000206    program     static C:\Users\Xusniddin\Desktop\mplab\PiCrBtNEW.X\PiCrBtNew.asm
      metka10101010101000   0x000204    program     static C:\Users\Xusniddin\Desktop\mplab\PiCrBtNEW.X\PiCrBtNew.asm
    metka1010101010101000   0x000202    program     static C:\Users\Xusniddin\Desktop\mplab\PiCrBtNEW.X\PiCrBtNew.asm
  metka101010101010101000   0x000200    program     static C:\Users\Xusniddin\Desktop\mplab\PiCrBtNEW.X\PiCrBtNew.asm
                    power   0x000084    program     static C:\Users\Xusniddin\Desktop\mplab\PiCrBtNEW.X\PiCrBtNew.asm
             poweruderjat   0x0000c5    program     static C:\Users\Xusniddin\Desktop\mplab\PiCrBtNEW.X\PiCrBtNew.asm
                    qizil   0x00007a    program     static C:\Users\Xusniddin\Desktop\mplab\PiCrBtNEW.X\PiCrBtNew.asm
             qiziluderjat   0x0000a9    program     static C:\Users\Xusniddin\Desktop\mplab\PiCrBtNEW.X\PiCrBtNew.asm
              strelkachap   0x000089    program     static C:\Users\Xusniddin\Desktop\mplab\PiCrBtNEW.X\PiCrBtNew.asm
                strelkaon   0x00008e    program     static C:\Users\Xusniddin\Desktop\mplab\PiCrBtNEW.X\PiCrBtNew.asm
               strelkapas   0x000075    program     static C:\Users\Xusniddin\Desktop\mplab\PiCrBtNEW.X\PiCrBtNew.asm
              strelkatepa   0x00009d    program     static C:\Users\Xusniddin\Desktop\mplab\PiCrBtNEW.X\PiCrBtNew.asm
                 volumpas   0x000093    program     static C:\Users\Xusniddin\Desktop\mplab\PiCrBtNEW.X\PiCrBtNew.asm
                volumtepa   0x000098    program     static C:\Users\Xusniddin\Desktop\mplab\PiCrBtNEW.X\PiCrBtNew.asm
                    yarmi   0x0001d5    program     static C:\Users\Xusniddin\Desktop\mplab\PiCrBtNEW.X\PiCrBtNew.asm
                   yashil   0x00007f    program     static C:\Users\Xusniddin\Desktop\mplab\PiCrBtNEW.X\PiCrBtNew.asm
            yashiluderjat   0x0000b7    program     static C:\Users\Xusniddin\Desktop\mplab\PiCrBtNEW.X\PiCrBtNew.asm



                              Symbols - Sorted by Address
                     Name    Address   Location    Storage File                     
                ---------  ---------  ---------  --------- ---------                
                     Init   0x000001    program     static C:\Users\Xusniddin\Desktop\mplab\PiCrBtNEW.X\PiCrBtNew.asm
                 Mainloop   0x00003b    program     static C:\Users\Xusniddin\Desktop\mplab\PiCrBtNEW.X\PiCrBtNew.asm
                 UMessen1   0x00003e    program     static C:\Users\Xusniddin\Desktop\mplab\PiCrBtNEW.X\PiCrBtNew.asm
                     loop   0x00003f    program     static C:\Users\Xusniddin\Desktop\mplab\PiCrBtNEW.X\PiCrBtNew.asm
             _.org_0_004C   0x00004c    program     static C:\Users\Xusniddin\Desktop\mplab\PiCrBtNEW.X\PiCrBtNew.asm
             _.org_0_004E   0x00004e    program     static C:\Users\Xusniddin\Desktop\mplab\PiCrBtNEW.X\PiCrBtNew.asm
                      LED   0x000050    program     static C:\Users\Xusniddin\Desktop\mplab\PiCrBtNEW.X\PiCrBtNew.asm
               strelkapas   0x000075    program     static C:\Users\Xusniddin\Desktop\mplab\PiCrBtNEW.X\PiCrBtNew.asm
                    qizil   0x00007a    program     static C:\Users\Xusniddin\Desktop\mplab\PiCrBtNEW.X\PiCrBtNew.asm
                   yashil   0x00007f    program     static C:\Users\Xusniddin\Desktop\mplab\PiCrBtNEW.X\PiCrBtNew.asm
                    power   0x000084    program     static C:\Users\Xusniddin\Desktop\mplab\PiCrBtNEW.X\PiCrBtNew.asm
              strelkachap   0x000089    program     static C:\Users\Xusniddin\Desktop\mplab\PiCrBtNEW.X\PiCrBtNew.asm
                strelkaon   0x00008e    program     static C:\Users\Xusniddin\Desktop\mplab\PiCrBtNEW.X\PiCrBtNew.asm
                 volumpas   0x000093    program     static C:\Users\Xusniddin\Desktop\mplab\PiCrBtNEW.X\PiCrBtNew.asm
                volumtepa   0x000098    program     static C:\Users\Xusniddin\Desktop\mplab\PiCrBtNEW.X\PiCrBtNew.asm
              strelkatepa   0x00009d    program     static C:\Users\Xusniddin\Desktop\mplab\PiCrBtNEW.X\PiCrBtNew.asm
                Big_delay   0x0000a2    program     static C:\Users\Xusniddin\Desktop\mplab\PiCrBtNEW.X\PiCrBtNew.asm
                BD_Loop94   0x0000a4    program     static C:\Users\Xusniddin\Desktop\mplab\PiCrBtNEW.X\PiCrBtNew.asm
             qiziluderjat   0x0000a9    program     static C:\Users\Xusniddin\Desktop\mplab\PiCrBtNEW.X\PiCrBtNew.asm
                     krug   0x0000b1    program     static C:\Users\Xusniddin\Desktop\mplab\PiCrBtNEW.X\PiCrBtNew.asm
            yashiluderjat   0x0000b7    program     static C:\Users\Xusniddin\Desktop\mplab\PiCrBtNEW.X\PiCrBtNew.asm
                    krug1   0x0000bf    program     static C:\Users\Xusniddin\Desktop\mplab\PiCrBtNEW.X\PiCrBtNew.asm
             poweruderjat   0x0000c5    program     static C:\Users\Xusniddin\Desktop\mplab\PiCrBtNEW.X\PiCrBtNew.asm
                    krug2   0x0000cd    program     static C:\Users\Xusniddin\Desktop\mplab\PiCrBtNEW.X\PiCrBtNew.asm
             cmstrelkapas   0x0000d3    program     static C:\Users\Xusniddin\Desktop\mplab\PiCrBtNEW.X\PiCrBtNew.asm
                  cmqizil   0x0000e3    program     static C:\Users\Xusniddin\Desktop\mplab\PiCrBtNEW.X\PiCrBtNew.asm
                   cmmute   0x0000fb    program     static C:\Users\Xusniddin\Desktop\mplab\PiCrBtNEW.X\PiCrBtNew.asm
                 cmyashil   0x000113    program     static C:\Users\Xusniddin\Desktop\mplab\PiCrBtNEW.X\PiCrBtNew.asm
                  cmpause   0x00012b    program     static C:\Users\Xusniddin\Desktop\mplab\PiCrBtNEW.X\PiCrBtNew.asm
                  cmpower   0x00013b    program     static C:\Users\Xusniddin\Desktop\mplab\PiCrBtNEW.X\PiCrBtNew.asm
              cmequalizer   0x00014b    program     static C:\Users\Xusniddin\Desktop\mplab\PiCrBtNEW.X\PiCrBtNew.asm
            cmstrelkachap   0x000185    program     static C:\Users\Xusniddin\Desktop\mplab\PiCrBtNEW.X\PiCrBtNew.asm
              cmstrelkaon   0x000195    program     static C:\Users\Xusniddin\Desktop\mplab\PiCrBtNEW.X\PiCrBtNew.asm
               cmvolumpas   0x0001a5    program     static C:\Users\Xusniddin\Desktop\mplab\PiCrBtNEW.X\PiCrBtNew.asm
              cmvolumtepa   0x0001b5    program     static C:\Users\Xusniddin\Desktop\mplab\PiCrBtNEW.X\PiCrBtNew.asm
            cmstrelkatepa   0x0001c5    program     static C:\Users\Xusniddin\Desktop\mplab\PiCrBtNEW.X\PiCrBtNew.asm
                    yarmi   0x0001d5    program     static C:\Users\Xusniddin\Desktop\mplab\PiCrBtNEW.X\PiCrBtNew.asm
                       bt   0x0001de    program     static C:\Users\Xusniddin\Desktop\mplab\PiCrBtNEW.X\PiCrBtNew.asm
                  cmmute1   0x0001f0    program     static C:\Users\Xusniddin\Desktop\mplab\PiCrBtNEW.X\PiCrBtNew.asm
  metka101010101010101000   0x000200    program     static C:\Users\Xusniddin\Desktop\mplab\PiCrBtNEW.X\PiCrBtNew.asm
    metka1010101010101000   0x000202    program     static C:\Users\Xusniddin\Desktop\mplab\PiCrBtNEW.X\PiCrBtNew.asm
      metka10101010101000   0x000204    program     static C:\Users\Xusniddin\Desktop\mplab\PiCrBtNEW.X\PiCrBtNew.asm
        metka101010101000   0x000206    program     static C:\Users\Xusniddin\Desktop\mplab\PiCrBtNEW.X\PiCrBtNew.asm
          metka1010101000   0x000208    program     static C:\Users\Xusniddin\Desktop\mplab\PiCrBtNEW.X\PiCrBtNew.asm
            metka10101000   0x00020a    program     static C:\Users\Xusniddin\Desktop\mplab\PiCrBtNEW.X\PiCrBtNew.asm
              metka101000   0x00020c    program     static C:\Users\Xusniddin\Desktop\mplab\PiCrBtNEW.X\PiCrBtNew.asm
                metka1000   0x00020e    program     static C:\Users\Xusniddin\Desktop\mplab\PiCrBtNEW.X\PiCrBtNew.asm
                   Send_1   0x000213    program     static C:\Users\Xusniddin\Desktop\mplab\PiCrBtNEW.X\PiCrBtNew.asm
               Send1_Loop   0x000215    program     static C:\Users\Xusniddin\Desktop\mplab\PiCrBtNEW.X\PiCrBtNew.asm
                   Send_0   0x000230    program     static C:\Users\Xusniddin\Desktop\mplab\PiCrBtNEW.X\PiCrBtNew.asm
               Send0_Loop   0x000232    program     static C:\Users\Xusniddin\Desktop\mplab\PiCrBtNEW.X\PiCrBtNew.asm
                delayy9ms   0x00024d    program     static C:\Users\Xusniddin\Desktop\mplab\PiCrBtNEW.X\PiCrBtNew.asm
              Send0_Loopp   0x00024f    program     static C:\Users\Xusniddin\Desktop\mplab\PiCrBtNEW.X\PiCrBtNew.asm
             Send0_Loopp1   0x00026b    program     static C:\Users\Xusniddin\Desktop\mplab\PiCrBtNEW.X\PiCrBtNew.asm
              delayy4.5ms   0x000286    program     static C:\Users\Xusniddin\Desktop\mplab\PiCrBtNEW.X\PiCrBtNew.asm
             _.org_0_028B   0x00028b    program     static C:\Users\Xusniddin\Desktop\mplab\PiCrBtNEW.X\PiCrBtNew.asm
             _.org_0_028D   0x00028d    program     static C:\Users\Xusniddin\Desktop\mplab\PiCrBtNEW.X\PiCrBtNew.asm
               delay250ms   0x00028f    program     static C:\Users\Xusniddin\Desktop\mplab\PiCrBtNEW.X\PiCrBtNew.asm
             _.org_0_0296   0x000296    program     static C:\Users\Xusniddin\Desktop\mplab\PiCrBtNEW.X\PiCrBtNew.asm
             _.org_0_0298   0x000298    program     static C:\Users\Xusniddin\Desktop\mplab\PiCrBtNEW.X\PiCrBtNew.asm
             _.org_0_029A   0x00029a    program     static C:\Users\Xusniddin\Desktop\mplab\PiCrBtNEW.X\PiCrBtNew.asm


