MPLINK 5.09, LINKER
Linker Map File - Created Tue Aug 20 14:33:25 2019

                                 Section Info
                  Section       Type    Address   Location Size(Bytes)
                ---------  ---------  ---------  ---------  ---------
                   .org_0       code   0x000000    program   0x000468
                   .cinit    romdata   0x000234    program   0x000004
.config_2007_BUILD/DEFAULT/PRODUCTION/ALPNEW.       code   0x002007    program   0x000002



                              Program Memory Usage 
                               Start         End      
                           ---------   ---------      
                            0x000000    0x000235      
                            0x002007    0x002007      
            567 out of 1158 program addresses used, program memory utilization is 48%



                              Symbols - Sorted by Name
                     Name    Address   Location    Storage File                     
                ---------  ---------  ---------  --------- ---------                
                BD_Loop94   0x000070    program     static C:\Users\Xusniddin\Desktop\mplab\AlpNew.X\AlpNew.asm
                Big_delay   0x00006e    program     static C:\Users\Xusniddin\Desktop\mplab\AlpNew.X\AlpNew.asm
                     Init   0x000001    program     static C:\Users\Xusniddin\Desktop\mplab\AlpNew.X\AlpNew.asm
                      LED   0x000040    program     static C:\Users\Xusniddin\Desktop\mplab\AlpNew.X\AlpNew.asm
                 Mainloop   0x00002b    program     static C:\Users\Xusniddin\Desktop\mplab\AlpNew.X\AlpNew.asm
               Send0_Loop   0x0001c9    program     static C:\Users\Xusniddin\Desktop\mplab\AlpNew.X\AlpNew.asm
              Send0_Loopp   0x0001e6    program     static C:\Users\Xusniddin\Desktop\mplab\AlpNew.X\AlpNew.asm
             Send0_Loopp1   0x000202    program     static C:\Users\Xusniddin\Desktop\mplab\AlpNew.X\AlpNew.asm
               Send1_Loop   0x0001ac    program     static C:\Users\Xusniddin\Desktop\mplab\AlpNew.X\AlpNew.asm
                   Send_0   0x0001c7    program     static C:\Users\Xusniddin\Desktop\mplab\AlpNew.X\AlpNew.asm
                   Send_1   0x0001aa    program     static C:\Users\Xusniddin\Desktop\mplab\AlpNew.X\AlpNew.asm
                 UMessen1   0x00002e    program     static C:\Users\Xusniddin\Desktop\mplab\AlpNew.X\AlpNew.asm
             _.org_0_003C   0x00003c    program     static C:\Users\Xusniddin\Desktop\mplab\AlpNew.X\AlpNew.asm
             _.org_0_003E   0x00003e    program     static C:\Users\Xusniddin\Desktop\mplab\AlpNew.X\AlpNew.asm
             _.org_0_0222   0x000222    program     static C:\Users\Xusniddin\Desktop\mplab\AlpNew.X\AlpNew.asm
             _.org_0_0224   0x000224    program     static C:\Users\Xusniddin\Desktop\mplab\AlpNew.X\AlpNew.asm
             _.org_0_022D   0x00022d    program     static C:\Users\Xusniddin\Desktop\mplab\AlpNew.X\AlpNew.asm
             _.org_0_022F   0x00022f    program     static C:\Users\Xusniddin\Desktop\mplab\AlpNew.X\AlpNew.asm
             _.org_0_0231   0x000231    program     static C:\Users\Xusniddin\Desktop\mplab\AlpNew.X\AlpNew.asm
                       bt   0x000175    program     static C:\Users\Xusniddin\Desktop\mplab\AlpNew.X\AlpNew.asm
              cmequalizer   0x00010b    program     static C:\Users\Xusniddin\Desktop\mplab\AlpNew.X\AlpNew.asm
                   cmmute   0x0000c1    program     static C:\Users\Xusniddin\Desktop\mplab\AlpNew.X\AlpNew.asm
                  cmmute1   0x000187    program     static C:\Users\Xusniddin\Desktop\mplab\AlpNew.X\AlpNew.asm
                  cmpause   0x0000eb    program     static C:\Users\Xusniddin\Desktop\mplab\AlpNew.X\AlpNew.asm
                  cmpower   0x0000fb    program     static C:\Users\Xusniddin\Desktop\mplab\AlpNew.X\AlpNew.asm
                  cmqizil   0x0000b1    program     static C:\Users\Xusniddin\Desktop\mplab\AlpNew.X\AlpNew.asm
            cmstrelkachap   0x00011b    program     static C:\Users\Xusniddin\Desktop\mplab\AlpNew.X\AlpNew.asm
              cmstrelkaon   0x00012b    program     static C:\Users\Xusniddin\Desktop\mplab\AlpNew.X\AlpNew.asm
             cmstrelkapas   0x00009f    program     static C:\Users\Xusniddin\Desktop\mplab\AlpNew.X\AlpNew.asm
            cmstrelkatepa   0x00015b    program     static C:\Users\Xusniddin\Desktop\mplab\AlpNew.X\AlpNew.asm
               cmvolumpas   0x00013b    program     static C:\Users\Xusniddin\Desktop\mplab\AlpNew.X\AlpNew.asm
              cmvolumtepa   0x00014b    program     static C:\Users\Xusniddin\Desktop\mplab\AlpNew.X\AlpNew.asm
                 cmyashil   0x0000d9    program     static C:\Users\Xusniddin\Desktop\mplab\AlpNew.X\AlpNew.asm
               delay250ms   0x000226    program     static C:\Users\Xusniddin\Desktop\mplab\AlpNew.X\AlpNew.asm
              delayy4.5ms   0x00021d    program     static C:\Users\Xusniddin\Desktop\mplab\AlpNew.X\AlpNew.asm
                delayy9ms   0x0001e4    program     static C:\Users\Xusniddin\Desktop\mplab\AlpNew.X\AlpNew.asm
                     krug   0x00007d    program     static C:\Users\Xusniddin\Desktop\mplab\AlpNew.X\AlpNew.asm
                    krug1   0x00008b    program     static C:\Users\Xusniddin\Desktop\mplab\AlpNew.X\AlpNew.asm
                    krug2   0x000099    program     static C:\Users\Xusniddin\Desktop\mplab\AlpNew.X\AlpNew.asm
                     loop   0x00002f    program     static C:\Users\Xusniddin\Desktop\mplab\AlpNew.X\AlpNew.asm
                metka1000   0x0001a5    program     static C:\Users\Xusniddin\Desktop\mplab\AlpNew.X\AlpNew.asm
              metka101000   0x0001a3    program     static C:\Users\Xusniddin\Desktop\mplab\AlpNew.X\AlpNew.asm
            metka10101000   0x0001a1    program     static C:\Users\Xusniddin\Desktop\mplab\AlpNew.X\AlpNew.asm
          metka1010101000   0x00019f    program     static C:\Users\Xusniddin\Desktop\mplab\AlpNew.X\AlpNew.asm
        metka101010101000   0x00019d    program     static C:\Users\Xusniddin\Desktop\mplab\AlpNew.X\AlpNew.asm
      metka10101010101000   0x00019b    program     static C:\Users\Xusniddin\Desktop\mplab\AlpNew.X\AlpNew.asm
    metka1010101010101000   0x000199    program     static C:\Users\Xusniddin\Desktop\mplab\AlpNew.X\AlpNew.asm
  metka101010101010101000   0x000197    program     static C:\Users\Xusniddin\Desktop\mplab\AlpNew.X\AlpNew.asm
                    power   0x000055    program     static C:\Users\Xusniddin\Desktop\mplab\AlpNew.X\AlpNew.asm
             poweruderjat   0x000091    program     static C:\Users\Xusniddin\Desktop\mplab\AlpNew.X\AlpNew.asm
                    qizil   0x00005f    program     static C:\Users\Xusniddin\Desktop\mplab\AlpNew.X\AlpNew.asm
             qiziluderjat   0x000075    program     static C:\Users\Xusniddin\Desktop\mplab\AlpNew.X\AlpNew.asm
                 volumpas   0x000069    program     static C:\Users\Xusniddin\Desktop\mplab\AlpNew.X\AlpNew.asm
                volumtepa   0x000064    program     static C:\Users\Xusniddin\Desktop\mplab\AlpNew.X\AlpNew.asm
                    yarmi   0x00016b    program     static C:\Users\Xusniddin\Desktop\mplab\AlpNew.X\AlpNew.asm
                   yashil   0x00005a    program     static C:\Users\Xusniddin\Desktop\mplab\AlpNew.X\AlpNew.asm
            yashiluderjat   0x000083    program     static C:\Users\Xusniddin\Desktop\mplab\AlpNew.X\AlpNew.asm



                              Symbols - Sorted by Address
                     Name    Address   Location    Storage File                     
                ---------  ---------  ---------  --------- ---------                
                     Init   0x000001    program     static C:\Users\Xusniddin\Desktop\mplab\AlpNew.X\AlpNew.asm
                 Mainloop   0x00002b    program     static C:\Users\Xusniddin\Desktop\mplab\AlpNew.X\AlpNew.asm
                 UMessen1   0x00002e    program     static C:\Users\Xusniddin\Desktop\mplab\AlpNew.X\AlpNew.asm
                     loop   0x00002f    program     static C:\Users\Xusniddin\Desktop\mplab\AlpNew.X\AlpNew.asm
             _.org_0_003C   0x00003c    program     static C:\Users\Xusniddin\Desktop\mplab\AlpNew.X\AlpNew.asm
             _.org_0_003E   0x00003e    program     static C:\Users\Xusniddin\Desktop\mplab\AlpNew.X\AlpNew.asm
                      LED   0x000040    program     static C:\Users\Xusniddin\Desktop\mplab\AlpNew.X\AlpNew.asm
                    power   0x000055    program     static C:\Users\Xusniddin\Desktop\mplab\AlpNew.X\AlpNew.asm
                   yashil   0x00005a    program     static C:\Users\Xusniddin\Desktop\mplab\AlpNew.X\AlpNew.asm
                    qizil   0x00005f    program     static C:\Users\Xusniddin\Desktop\mplab\AlpNew.X\AlpNew.asm
                volumtepa   0x000064    program     static C:\Users\Xusniddin\Desktop\mplab\AlpNew.X\AlpNew.asm
                 volumpas   0x000069    program     static C:\Users\Xusniddin\Desktop\mplab\AlpNew.X\AlpNew.asm
                Big_delay   0x00006e    program     static C:\Users\Xusniddin\Desktop\mplab\AlpNew.X\AlpNew.asm
                BD_Loop94   0x000070    program     static C:\Users\Xusniddin\Desktop\mplab\AlpNew.X\AlpNew.asm
             qiziluderjat   0x000075    program     static C:\Users\Xusniddin\Desktop\mplab\AlpNew.X\AlpNew.asm
                     krug   0x00007d    program     static C:\Users\Xusniddin\Desktop\mplab\AlpNew.X\AlpNew.asm
            yashiluderjat   0x000083    program     static C:\Users\Xusniddin\Desktop\mplab\AlpNew.X\AlpNew.asm
                    krug1   0x00008b    program     static C:\Users\Xusniddin\Desktop\mplab\AlpNew.X\AlpNew.asm
             poweruderjat   0x000091    program     static C:\Users\Xusniddin\Desktop\mplab\AlpNew.X\AlpNew.asm
                    krug2   0x000099    program     static C:\Users\Xusniddin\Desktop\mplab\AlpNew.X\AlpNew.asm
             cmstrelkapas   0x00009f    program     static C:\Users\Xusniddin\Desktop\mplab\AlpNew.X\AlpNew.asm
                  cmqizil   0x0000b1    program     static C:\Users\Xusniddin\Desktop\mplab\AlpNew.X\AlpNew.asm
                   cmmute   0x0000c1    program     static C:\Users\Xusniddin\Desktop\mplab\AlpNew.X\AlpNew.asm
                 cmyashil   0x0000d9    program     static C:\Users\Xusniddin\Desktop\mplab\AlpNew.X\AlpNew.asm
                  cmpause   0x0000eb    program     static C:\Users\Xusniddin\Desktop\mplab\AlpNew.X\AlpNew.asm
                  cmpower   0x0000fb    program     static C:\Users\Xusniddin\Desktop\mplab\AlpNew.X\AlpNew.asm
              cmequalizer   0x00010b    program     static C:\Users\Xusniddin\Desktop\mplab\AlpNew.X\AlpNew.asm
            cmstrelkachap   0x00011b    program     static C:\Users\Xusniddin\Desktop\mplab\AlpNew.X\AlpNew.asm
              cmstrelkaon   0x00012b    program     static C:\Users\Xusniddin\Desktop\mplab\AlpNew.X\AlpNew.asm
               cmvolumpas   0x00013b    program     static C:\Users\Xusniddin\Desktop\mplab\AlpNew.X\AlpNew.asm
              cmvolumtepa   0x00014b    program     static C:\Users\Xusniddin\Desktop\mplab\AlpNew.X\AlpNew.asm
            cmstrelkatepa   0x00015b    program     static C:\Users\Xusniddin\Desktop\mplab\AlpNew.X\AlpNew.asm
                    yarmi   0x00016b    program     static C:\Users\Xusniddin\Desktop\mplab\AlpNew.X\AlpNew.asm
                       bt   0x000175    program     static C:\Users\Xusniddin\Desktop\mplab\AlpNew.X\AlpNew.asm
                  cmmute1   0x000187    program     static C:\Users\Xusniddin\Desktop\mplab\AlpNew.X\AlpNew.asm
  metka101010101010101000   0x000197    program     static C:\Users\Xusniddin\Desktop\mplab\AlpNew.X\AlpNew.asm
    metka1010101010101000   0x000199    program     static C:\Users\Xusniddin\Desktop\mplab\AlpNew.X\AlpNew.asm
      metka10101010101000   0x00019b    program     static C:\Users\Xusniddin\Desktop\mplab\AlpNew.X\AlpNew.asm
        metka101010101000   0x00019d    program     static C:\Users\Xusniddin\Desktop\mplab\AlpNew.X\AlpNew.asm
          metka1010101000   0x00019f    program     static C:\Users\Xusniddin\Desktop\mplab\AlpNew.X\AlpNew.asm
            metka10101000   0x0001a1    program     static C:\Users\Xusniddin\Desktop\mplab\AlpNew.X\AlpNew.asm
              metka101000   0x0001a3    program     static C:\Users\Xusniddin\Desktop\mplab\AlpNew.X\AlpNew.asm
                metka1000   0x0001a5    program     static C:\Users\Xusniddin\Desktop\mplab\AlpNew.X\AlpNew.asm
                   Send_1   0x0001aa    program     static C:\Users\Xusniddin\Desktop\mplab\AlpNew.X\AlpNew.asm
               Send1_Loop   0x0001ac    program     static C:\Users\Xusniddin\Desktop\mplab\AlpNew.X\AlpNew.asm
                   Send_0   0x0001c7    program     static C:\Users\Xusniddin\Desktop\mplab\AlpNew.X\AlpNew.asm
               Send0_Loop   0x0001c9    program     static C:\Users\Xusniddin\Desktop\mplab\AlpNew.X\AlpNew.asm
                delayy9ms   0x0001e4    program     static C:\Users\Xusniddin\Desktop\mplab\AlpNew.X\AlpNew.asm
              Send0_Loopp   0x0001e6    program     static C:\Users\Xusniddin\Desktop\mplab\AlpNew.X\AlpNew.asm
             Send0_Loopp1   0x000202    program     static C:\Users\Xusniddin\Desktop\mplab\AlpNew.X\AlpNew.asm
              delayy4.5ms   0x00021d    program     static C:\Users\Xusniddin\Desktop\mplab\AlpNew.X\AlpNew.asm
             _.org_0_0222   0x000222    program     static C:\Users\Xusniddin\Desktop\mplab\AlpNew.X\AlpNew.asm
             _.org_0_0224   0x000224    program     static C:\Users\Xusniddin\Desktop\mplab\AlpNew.X\AlpNew.asm
               delay250ms   0x000226    program     static C:\Users\Xusniddin\Desktop\mplab\AlpNew.X\AlpNew.asm
             _.org_0_022D   0x00022d    program     static C:\Users\Xusniddin\Desktop\mplab\AlpNew.X\AlpNew.asm
             _.org_0_022F   0x00022f    program     static C:\Users\Xusniddin\Desktop\mplab\AlpNew.X\AlpNew.asm
             _.org_0_0231   0x000231    program     static C:\Users\Xusniddin\Desktop\mplab\AlpNew.X\AlpNew.asm


