MPLINK 5.09, LINKER
Linker Map File - Created Fri Nov 26 02:44:47 2021

                                 Section Info
                  Section       Type    Address   Location Size(Bytes)
                ---------  ---------  ---------  ---------  ---------
                   .org_0       code   0x000000    program   0x0005ee
                   .cinit    romdata   0x0002f7    program   0x000004
.config_2007_BUILD/DEFAULT/PRODUCTION/SONYCRB       code   0x002007    program   0x000002



                              Program Memory Usage 
                               Start         End      
                           ---------   ---------      
                            0x000000    0x0002f8      
                            0x002007    0x002007      
            762 out of 1158 program addresses used, program memory utilization is 65%



                              Symbols - Sorted by Name
                     Name    Address   Location    Storage File                     
                ---------  ---------  ---------  --------- ---------                
                BD_Loop94   0x0000a6    program     static C:\Users\User\Desktop\mplab\SonyCrBt.X\SonyCrBt.asm
                Big_delay   0x0000a4    program     static C:\Users\User\Desktop\mplab\SonyCrBt.X\SonyCrBt.asm
                     Init   0x000001    program     static C:\Users\User\Desktop\mplab\SonyCrBt.X\SonyCrBt.asm
                      LED   0x000052    program     static C:\Users\User\Desktop\mplab\SonyCrBt.X\SonyCrBt.asm
                 Mainloop   0x00003b    program     static C:\Users\User\Desktop\mplab\SonyCrBt.X\SonyCrBt.asm
               Send0_Loop   0x0002c3    program     static C:\Users\User\Desktop\mplab\SonyCrBt.X\SonyCrBt.asm
               Send1_Loop   0x0002a6    program     static C:\Users\User\Desktop\mplab\SonyCrBt.X\SonyCrBt.asm
                   Send_0   0x0002c1    program     static C:\Users\User\Desktop\mplab\SonyCrBt.X\SonyCrBt.asm
                   Send_1   0x0002a4    program     static C:\Users\User\Desktop\mplab\SonyCrBt.X\SonyCrBt.asm
                 UMessen1   0x00003e    program     static C:\Users\User\Desktop\mplab\SonyCrBt.X\SonyCrBt.asm
             _.org_0_004C   0x00004c    program     static C:\Users\User\Desktop\mplab\SonyCrBt.X\SonyCrBt.asm
             _.org_0_004E   0x00004e    program     static C:\Users\User\Desktop\mplab\SonyCrBt.X\SonyCrBt.asm
             _.org_0_02E5   0x0002e5    program     static C:\Users\User\Desktop\mplab\SonyCrBt.X\SonyCrBt.asm
             _.org_0_02E7   0x0002e7    program     static C:\Users\User\Desktop\mplab\SonyCrBt.X\SonyCrBt.asm
             _.org_0_02E9   0x0002e9    program     static C:\Users\User\Desktop\mplab\SonyCrBt.X\SonyCrBt.asm
             _.org_0_02F2   0x0002f2    program     static C:\Users\User\Desktop\mplab\SonyCrBt.X\SonyCrBt.asm
             _.org_0_02F4   0x0002f4    program     static C:\Users\User\Desktop\mplab\SonyCrBt.X\SonyCrBt.asm
                    cmatt   0x000134    program     static C:\Users\User\Desktop\mplab\SonyCrBt.X\SonyCrBt.asm
                   cmmute   0x00010c    program     static C:\Users\User\Desktop\mplab\SonyCrBt.X\SonyCrBt.asm
                  cmmute1   0x00029f    program     static C:\Users\User\Desktop\mplab\SonyCrBt.X\SonyCrBt.asm
                  cmpause   0x00018d    program     static C:\Users\User\Desktop\mplab\SonyCrBt.X\SonyCrBt.asm
                  cmpower   0x0001b5    program     static C:\Users\User\Desktop\mplab\SonyCrBt.X\SonyCrBt.asm
                  cmqizil   0x0000db    program     static C:\Users\User\Desktop\mplab\SonyCrBt.X\SonyCrBt.asm
            cmstrelkachap   0x0001dd    program     static C:\Users\User\Desktop\mplab\SonyCrBt.X\SonyCrBt.asm
              cmstrelkaon   0x000206    program     static C:\Users\User\Desktop\mplab\SonyCrBt.X\SonyCrBt.asm
             cmstrelkapas   0x0000b3    program     static C:\Users\User\Desktop\mplab\SonyCrBt.X\SonyCrBt.asm
            cmstrelkatepa   0x000276    program     static C:\Users\User\Desktop\mplab\SonyCrBt.X\SonyCrBt.asm
               cmvolumpas   0x00022e    program     static C:\Users\User\Desktop\mplab\SonyCrBt.X\SonyCrBt.asm
              cmvolumtepa   0x000256    program     static C:\Users\User\Desktop\mplab\SonyCrBt.X\SonyCrBt.asm
                 cmyashil   0x00015c    program     static C:\Users\User\Desktop\mplab\SonyCrBt.X\SonyCrBt.asm
               delay250ms   0x0002de    program     static C:\Users\User\Desktop\mplab\SonyCrBt.X\SonyCrBt.asm
                delay29ms   0x0002ed    program     static C:\Users\User\Desktop\mplab\SonyCrBt.X\SonyCrBt.asm
                     loop   0x00003f    program     static C:\Users\User\Desktop\mplab\SonyCrBt.X\SonyCrBt.asm
                    power   0x000086    program     static C:\Users\User\Desktop\mplab\SonyCrBt.X\SonyCrBt.asm
                    qizil   0x00007c    program     static C:\Users\User\Desktop\mplab\SonyCrBt.X\SonyCrBt.asm
             qiziluderjat   0x0000ab    program     static C:\Users\User\Desktop\mplab\SonyCrBt.X\SonyCrBt.asm
              strelkachap   0x00008b    program     static C:\Users\User\Desktop\mplab\SonyCrBt.X\SonyCrBt.asm
                strelkaon   0x000090    program     static C:\Users\User\Desktop\mplab\SonyCrBt.X\SonyCrBt.asm
               strelkapas   0x000077    program     static C:\Users\User\Desktop\mplab\SonyCrBt.X\SonyCrBt.asm
              strelkatepa   0x00009f    program     static C:\Users\User\Desktop\mplab\SonyCrBt.X\SonyCrBt.asm
                 volumpas   0x000095    program     static C:\Users\User\Desktop\mplab\SonyCrBt.X\SonyCrBt.asm
                volumtepa   0x00009a    program     static C:\Users\User\Desktop\mplab\SonyCrBt.X\SonyCrBt.asm
                   yashil   0x000081    program     static C:\Users\User\Desktop\mplab\SonyCrBt.X\SonyCrBt.asm
            yashiluderjat   0x0000af    program     static C:\Users\User\Desktop\mplab\SonyCrBt.X\SonyCrBt.asm



                              Symbols - Sorted by Address
                     Name    Address   Location    Storage File                     
                ---------  ---------  ---------  --------- ---------                
                     Init   0x000001    program     static C:\Users\User\Desktop\mplab\SonyCrBt.X\SonyCrBt.asm
                 Mainloop   0x00003b    program     static C:\Users\User\Desktop\mplab\SonyCrBt.X\SonyCrBt.asm
                 UMessen1   0x00003e    program     static C:\Users\User\Desktop\mplab\SonyCrBt.X\SonyCrBt.asm
                     loop   0x00003f    program     static C:\Users\User\Desktop\mplab\SonyCrBt.X\SonyCrBt.asm
             _.org_0_004C   0x00004c    program     static C:\Users\User\Desktop\mplab\SonyCrBt.X\SonyCrBt.asm
             _.org_0_004E   0x00004e    program     static C:\Users\User\Desktop\mplab\SonyCrBt.X\SonyCrBt.asm
                      LED   0x000052    program     static C:\Users\User\Desktop\mplab\SonyCrBt.X\SonyCrBt.asm
               strelkapas   0x000077    program     static C:\Users\User\Desktop\mplab\SonyCrBt.X\SonyCrBt.asm
                    qizil   0x00007c    program     static C:\Users\User\Desktop\mplab\SonyCrBt.X\SonyCrBt.asm
                   yashil   0x000081    program     static C:\Users\User\Desktop\mplab\SonyCrBt.X\SonyCrBt.asm
                    power   0x000086    program     static C:\Users\User\Desktop\mplab\SonyCrBt.X\SonyCrBt.asm
              strelkachap   0x00008b    program     static C:\Users\User\Desktop\mplab\SonyCrBt.X\SonyCrBt.asm
                strelkaon   0x000090    program     static C:\Users\User\Desktop\mplab\SonyCrBt.X\SonyCrBt.asm
                 volumpas   0x000095    program     static C:\Users\User\Desktop\mplab\SonyCrBt.X\SonyCrBt.asm
                volumtepa   0x00009a    program     static C:\Users\User\Desktop\mplab\SonyCrBt.X\SonyCrBt.asm
              strelkatepa   0x00009f    program     static C:\Users\User\Desktop\mplab\SonyCrBt.X\SonyCrBt.asm
                Big_delay   0x0000a4    program     static C:\Users\User\Desktop\mplab\SonyCrBt.X\SonyCrBt.asm
                BD_Loop94   0x0000a6    program     static C:\Users\User\Desktop\mplab\SonyCrBt.X\SonyCrBt.asm
             qiziluderjat   0x0000ab    program     static C:\Users\User\Desktop\mplab\SonyCrBt.X\SonyCrBt.asm
            yashiluderjat   0x0000af    program     static C:\Users\User\Desktop\mplab\SonyCrBt.X\SonyCrBt.asm
             cmstrelkapas   0x0000b3    program     static C:\Users\User\Desktop\mplab\SonyCrBt.X\SonyCrBt.asm
                  cmqizil   0x0000db    program     static C:\Users\User\Desktop\mplab\SonyCrBt.X\SonyCrBt.asm
                   cmmute   0x00010c    program     static C:\Users\User\Desktop\mplab\SonyCrBt.X\SonyCrBt.asm
                    cmatt   0x000134    program     static C:\Users\User\Desktop\mplab\SonyCrBt.X\SonyCrBt.asm
                 cmyashil   0x00015c    program     static C:\Users\User\Desktop\mplab\SonyCrBt.X\SonyCrBt.asm
                  cmpause   0x00018d    program     static C:\Users\User\Desktop\mplab\SonyCrBt.X\SonyCrBt.asm
                  cmpower   0x0001b5    program     static C:\Users\User\Desktop\mplab\SonyCrBt.X\SonyCrBt.asm
            cmstrelkachap   0x0001dd    program     static C:\Users\User\Desktop\mplab\SonyCrBt.X\SonyCrBt.asm
              cmstrelkaon   0x000206    program     static C:\Users\User\Desktop\mplab\SonyCrBt.X\SonyCrBt.asm
               cmvolumpas   0x00022e    program     static C:\Users\User\Desktop\mplab\SonyCrBt.X\SonyCrBt.asm
              cmvolumtepa   0x000256    program     static C:\Users\User\Desktop\mplab\SonyCrBt.X\SonyCrBt.asm
            cmstrelkatepa   0x000276    program     static C:\Users\User\Desktop\mplab\SonyCrBt.X\SonyCrBt.asm
                  cmmute1   0x00029f    program     static C:\Users\User\Desktop\mplab\SonyCrBt.X\SonyCrBt.asm
                   Send_1   0x0002a4    program     static C:\Users\User\Desktop\mplab\SonyCrBt.X\SonyCrBt.asm
               Send1_Loop   0x0002a6    program     static C:\Users\User\Desktop\mplab\SonyCrBt.X\SonyCrBt.asm
                   Send_0   0x0002c1    program     static C:\Users\User\Desktop\mplab\SonyCrBt.X\SonyCrBt.asm
               Send0_Loop   0x0002c3    program     static C:\Users\User\Desktop\mplab\SonyCrBt.X\SonyCrBt.asm
               delay250ms   0x0002de    program     static C:\Users\User\Desktop\mplab\SonyCrBt.X\SonyCrBt.asm
             _.org_0_02E5   0x0002e5    program     static C:\Users\User\Desktop\mplab\SonyCrBt.X\SonyCrBt.asm
             _.org_0_02E7   0x0002e7    program     static C:\Users\User\Desktop\mplab\SonyCrBt.X\SonyCrBt.asm
             _.org_0_02E9   0x0002e9    program     static C:\Users\User\Desktop\mplab\SonyCrBt.X\SonyCrBt.asm
                delay29ms   0x0002ed    program     static C:\Users\User\Desktop\mplab\SonyCrBt.X\SonyCrBt.asm
             _.org_0_02F2   0x0002f2    program     static C:\Users\User\Desktop\mplab\SonyCrBt.X\SonyCrBt.asm
             _.org_0_02F4   0x0002f4    program     static C:\Users\User\Desktop\mplab\SonyCrBt.X\SonyCrBt.asm


