Archive member included to satisfy reference by file (symbol)

c:/program files (x86)/microchip/xc8/v2.00/avr/bin/../lib/gcc/avr/5.4.0/avr25/tiny-stack\libgcc.a(_exit.o)
                              C:/Program Files (x86)/Microchip/MPLABX/v5.35/packs/Microchip/ATtiny_DFP/2.1.63/gcc/dev/attiny13a/avr25/tiny-stack/crtattiny13a.o (exit)
c:/program files (x86)/microchip/xc8/v2.00/avr/bin/../lib/gcc/avr/5.4.0/avr25/tiny-stack\libgcc.a(_copy_data.o)
                              build/default/production/Chaqmoq-New.o (__do_copy_data)

Allocating common symbols
Common symbol       size              file

i                   0x1               build/default/production/Chaqmoq-New.o
y                   0x1               build/default/production/Chaqmoq-New.o

Discarded input sections

 .data          0x00000000        0x0 C:/Program Files (x86)/Microchip/MPLABX/v5.35/packs/Microchip/ATtiny_DFP/2.1.63/gcc/dev/attiny13a/avr25/tiny-stack/crtattiny13a.o
 .bss           0x00000000        0x0 C:/Program Files (x86)/Microchip/MPLABX/v5.35/packs/Microchip/ATtiny_DFP/2.1.63/gcc/dev/attiny13a/avr25/tiny-stack/crtattiny13a.o
 .text          0x00000000        0x0 build/default/production/Chaqmoq-New.o
 .data          0x00000000        0x0 build/default/production/Chaqmoq-New.o
 .bss           0x00000000        0x0 build/default/production/Chaqmoq-New.o
 .avr.prop      0x00000000       0x16 build/default/production/Chaqmoq-New.o
 .text          0x00000000        0x0 c:/program files (x86)/microchip/xc8/v2.00/avr/bin/../lib/gcc/avr/5.4.0/avr25/tiny-stack\libgcc.a(_exit.o)
 .data          0x00000000        0x0 c:/program files (x86)/microchip/xc8/v2.00/avr/bin/../lib/gcc/avr/5.4.0/avr25/tiny-stack\libgcc.a(_exit.o)
 .bss           0x00000000        0x0 c:/program files (x86)/microchip/xc8/v2.00/avr/bin/../lib/gcc/avr/5.4.0/avr25/tiny-stack\libgcc.a(_exit.o)
 .text.libgcc.mul
                0x00000000        0x0 c:/program files (x86)/microchip/xc8/v2.00/avr/bin/../lib/gcc/avr/5.4.0/avr25/tiny-stack\libgcc.a(_exit.o)
 .text.libgcc.div
                0x00000000        0x0 c:/program files (x86)/microchip/xc8/v2.00/avr/bin/../lib/gcc/avr/5.4.0/avr25/tiny-stack\libgcc.a(_exit.o)
 .text.libgcc   0x00000000        0x0 c:/program files (x86)/microchip/xc8/v2.00/avr/bin/../lib/gcc/avr/5.4.0/avr25/tiny-stack\libgcc.a(_exit.o)
 .text.libgcc.prologue
                0x00000000        0x0 c:/program files (x86)/microchip/xc8/v2.00/avr/bin/../lib/gcc/avr/5.4.0/avr25/tiny-stack\libgcc.a(_exit.o)
 .text.libgcc.builtins
                0x00000000        0x0 c:/program files (x86)/microchip/xc8/v2.00/avr/bin/../lib/gcc/avr/5.4.0/avr25/tiny-stack\libgcc.a(_exit.o)
 .text.libgcc.fmul
                0x00000000        0x0 c:/program files (x86)/microchip/xc8/v2.00/avr/bin/../lib/gcc/avr/5.4.0/avr25/tiny-stack\libgcc.a(_exit.o)
 .text.libgcc.fixed
                0x00000000        0x0 c:/program files (x86)/microchip/xc8/v2.00/avr/bin/../lib/gcc/avr/5.4.0/avr25/tiny-stack\libgcc.a(_exit.o)
 .text          0x00000000        0x0 c:/program files (x86)/microchip/xc8/v2.00/avr/bin/../lib/gcc/avr/5.4.0/avr25/tiny-stack\libgcc.a(_copy_data.o)
 .data          0x00000000        0x0 c:/program files (x86)/microchip/xc8/v2.00/avr/bin/../lib/gcc/avr/5.4.0/avr25/tiny-stack\libgcc.a(_copy_data.o)
 .bss           0x00000000        0x0 c:/program files (x86)/microchip/xc8/v2.00/avr/bin/../lib/gcc/avr/5.4.0/avr25/tiny-stack\libgcc.a(_copy_data.o)
 .text.libgcc.mul
                0x00000000        0x0 c:/program files (x86)/microchip/xc8/v2.00/avr/bin/../lib/gcc/avr/5.4.0/avr25/tiny-stack\libgcc.a(_copy_data.o)
 .text.libgcc.div
                0x00000000        0x0 c:/program files (x86)/microchip/xc8/v2.00/avr/bin/../lib/gcc/avr/5.4.0/avr25/tiny-stack\libgcc.a(_copy_data.o)
 .text.libgcc   0x00000000        0x0 c:/program files (x86)/microchip/xc8/v2.00/avr/bin/../lib/gcc/avr/5.4.0/avr25/tiny-stack\libgcc.a(_copy_data.o)
 .text.libgcc.prologue
                0x00000000        0x0 c:/program files (x86)/microchip/xc8/v2.00/avr/bin/../lib/gcc/avr/5.4.0/avr25/tiny-stack\libgcc.a(_copy_data.o)
 .text.libgcc.builtins
                0x00000000        0x0 c:/program files (x86)/microchip/xc8/v2.00/avr/bin/../lib/gcc/avr/5.4.0/avr25/tiny-stack\libgcc.a(_copy_data.o)
 .text.libgcc.fmul
                0x00000000        0x0 c:/program files (x86)/microchip/xc8/v2.00/avr/bin/../lib/gcc/avr/5.4.0/avr25/tiny-stack\libgcc.a(_copy_data.o)
 .text.libgcc.fixed
                0x00000000        0x0 c:/program files (x86)/microchip/xc8/v2.00/avr/bin/../lib/gcc/avr/5.4.0/avr25/tiny-stack\libgcc.a(_copy_data.o)

Memory Configuration

Name             Origin             Length             Attributes
text             0x00000000         0x00000400         xr
data             0x00800060         0x00000040         rw !x
eeprom           0x00810000         0x00000040         rw !x
fuse             0x00820000         0x00000002         rw !x
lock             0x00830000         0x00000400         rw !x
signature        0x00840000         0x00000400         rw !x
user_signatures  0x00850000         0x00000400         rw !x
*default*        0x00000000         0xffffffff

Linker script and memory map

LOAD C:/Program Files (x86)/Microchip/MPLABX/v5.35/packs/Microchip/ATtiny_DFP/2.1.63/gcc/dev/attiny13a/avr25/tiny-stack/crtattiny13a.o
                0x00000001                __MPLAB_BUILD = 0x1
LOAD build/default/production/Chaqmoq-New.o
START GROUP
LOAD c:/program files (x86)/microchip/xc8/v2.00/avr/bin/../lib/gcc/avr/5.4.0/../../../../avr/lib/avr25/tiny-stack\libm.a
END GROUP
START GROUP
LOAD c:/program files (x86)/microchip/xc8/v2.00/avr/bin/../lib/gcc/avr/5.4.0/avr25/tiny-stack\libgcc.a
LOAD c:/program files (x86)/microchip/xc8/v2.00/avr/bin/../lib/gcc/avr/5.4.0/../../../../avr/lib/avr25/tiny-stack\libm.a
LOAD c:/program files (x86)/microchip/xc8/v2.00/avr/bin/../lib/gcc/avr/5.4.0/../../../../avr/lib/avr25/tiny-stack\libc.a
LOAD C:/Program Files (x86)/Microchip/MPLABX/v5.35/packs/Microchip/ATtiny_DFP/2.1.63/gcc/dev/attiny13a/avr25/tiny-stack\libattiny13a.a
END GROUP
                [0x00000400]                __TEXT_REGION_LENGTH__ = DEFINED (__TEXT_REGION_LENGTH__)?__TEXT_REGION_LENGTH__:0x2000
                [0x00000040]                __DATA_REGION_LENGTH__ = DEFINED (__DATA_REGION_LENGTH__)?__DATA_REGION_LENGTH__:0xffa0
                [0x00000040]                __EEPROM_REGION_LENGTH__ = DEFINED (__EEPROM_REGION_LENGTH__)?__EEPROM_REGION_LENGTH__:0x10000
                [0x00000002]                __FUSE_REGION_LENGTH__ = DEFINED (__FUSE_REGION_LENGTH__)?__FUSE_REGION_LENGTH__:0x400
                0x00000400                __LOCK_REGION_LENGTH__ = DEFINED (__LOCK_REGION_LENGTH__)?__LOCK_REGION_LENGTH__:0x400
                0x00000400                __SIGNATURE_REGION_LENGTH__ = DEFINED (__SIGNATURE_REGION_LENGTH__)?__SIGNATURE_REGION_LENGTH__:0x400
                0x00000400                __USER_SIGNATURE_REGION_LENGTH__ = DEFINED (__USER_SIGNATURE_REGION_LENGTH__)?__USER_SIGNATURE_REGION_LENGTH__:0x400

.hash
 *(.hash)

.dynsym
 *(.dynsym)

.dynstr
 *(.dynstr)

.gnu.version
 *(.gnu.version)

.gnu.version_d
 *(.gnu.version_d)

.gnu.version_r
 *(.gnu.version_r)

.rel.init
 *(.rel.init)

.rela.init
 *(.rela.init)

.rel.text
 *(.rel.text)
 *(.rel.text.*)
 *(.rel.gnu.linkonce.t*)

.rela.text
 *(.rela.text)
 *(.rela.text.*)
 *(.rela.gnu.linkonce.t*)

.rel.fini
 *(.rel.fini)

.rela.fini
 *(.rela.fini)

.rel.rodata
 *(.rel.rodata)
 *(.rel.rodata.*)
 *(.rel.gnu.linkonce.r*)

.rela.rodata
 *(.rela.rodata)
 *(.rela.rodata.*)
 *(.rela.gnu.linkonce.r*)

.rel.data
 *(.rel.data)
 *(.rel.data.*)
 *(.rel.gnu.linkonce.d*)

.rela.data
 *(.rela.data)
 *(.rela.data.*)
 *(.rela.gnu.linkonce.d*)

.rel.ctors
 *(.rel.ctors)

.rela.ctors
 *(.rela.ctors)

.rel.dtors
 *(.rel.dtors)

.rela.dtors
 *(.rela.dtors)

.rel.got
 *(.rel.got)

.rela.got
 *(.rela.got)

.rel.bss
 *(.rel.bss)

.rela.bss
 *(.rela.bss)

.rel.plt
 *(.rel.plt)

.rela.plt
 *(.rela.plt)

.text           0x00000000       0x82
 *(.vectors)
 .vectors       0x00000000       0x14 C:/Program Files (x86)/Microchip/MPLABX/v5.35/packs/Microchip/ATtiny_DFP/2.1.63/gcc/dev/attiny13a/avr25/tiny-stack/crtattiny13a.o
                0x00000000                __vector_default
                0x00000000                __vectors
 *(.vectors)
 *(.progmem.gcc*)
 .progmem.gcc_sw_table.prog
                0x00000014       0x18 build/default/production/Chaqmoq-New.o
 *(.dinit)
 .dinit         0x0000002c        0xc data_init
                0x00000038                . = ALIGN (0x2)
                0x00000038                __trampolines_start = .
 *(.trampolines)
 .trampolines   0x00000038        0x0 linker stubs
 *(.trampolines*)
                0x00000038                __trampolines_end = .
 *libprintf_flt.a:*(.progmem.data)
 *libc.a:*(.progmem.data)
                0x00000038                . = ALIGN (0x2)
 *(.jumptables)
 *(.jumptables*)
 *(.lowtext)
 *(.lowtext*)
                0x00000038                __ctors_start = .
 *(.ctors)
                0x00000038                __ctors_end = .
                0x00000038                __dtors_start = .
 *(.dtors)
                0x00000038                __dtors_end = .
 SORT(*)(.ctors)
 SORT(*)(.dtors)
 *(.init0)
 .init0         0x00000038        0x0 C:/Program Files (x86)/Microchip/MPLABX/v5.35/packs/Microchip/ATtiny_DFP/2.1.63/gcc/dev/attiny13a/avr25/tiny-stack/crtattiny13a.o
                0x00000038                __init
 *(.init0)
 *(.init1)
 *(.init1)
 *(.init2)
 .init2         0x00000038        0x8 C:/Program Files (x86)/Microchip/MPLABX/v5.35/packs/Microchip/ATtiny_DFP/2.1.63/gcc/dev/attiny13a/avr25/tiny-stack/crtattiny13a.o
 *(.init2)
 *(.init3)
 *(.init3)
 *(.init4)
 .init4         0x00000040       0x3a c:/program files (x86)/microchip/xc8/v2.00/avr/bin/../lib/gcc/avr/5.4.0/avr25/tiny-stack\libgcc.a(_copy_data.o)
                0x00000040                __do_copy_data
 *(.init4)
 *(.init5)
 *(.init5)
 *(.init6)
 *(.init6)
 *(.init7)
 *(.init7)
 *(.init8)
 *(.init8)
 *(.init9)
 .init9         0x0000007a        0x4 C:/Program Files (x86)/Microchip/MPLABX/v5.35/packs/Microchip/ATtiny_DFP/2.1.63/gcc/dev/attiny13a/avr25/tiny-stack/crtattiny13a.o
 *(.init9)
                0x0000007e                . = ALIGN (0x2)
 *(.fini9)
 .fini9         0x0000007e        0x0 c:/program files (x86)/microchip/xc8/v2.00/avr/bin/../lib/gcc/avr/5.4.0/avr25/tiny-stack\libgcc.a(_exit.o)
                0x0000007e                _exit
                0x0000007e                exit
 *(.fini9)
 *(.fini8)
 *(.fini8)
 *(.fini7)
 *(.fini7)
 *(.fini6)
 *(.fini6)
 *(.fini5)
 *(.fini5)
 *(.fini4)
 *(.fini4)
 *(.fini3)
 *(.fini3)
 *(.fini2)
 *(.fini2)
 *(.fini1)
 *(.fini1)
 *(.fini0)
 .fini0         0x0000007e        0x4 c:/program files (x86)/microchip/xc8/v2.00/avr/bin/../lib/gcc/avr/5.4.0/avr25/tiny-stack\libgcc.a(_exit.o)
 *(.fini0)
                0x00000082                _etext = .

.data           0x00800060        0x0 load address 0x00000082
                [!provide]                PROVIDE (__data_start, .)
 *(.gnu.linkonce.d*)
 *(.gnu.linkonce.r*)
                0x00800060                . = ALIGN (0x2)
 *fill*         0x00800060        0x0 
                0x00800060                _edata = .
                [!provide]                PROVIDE (__data_end, .)

.bss            0x00800060        0x2
                [!provide]                PROVIDE (__bss_start, .)
 *(COMMON)
 COMMON         0x00800060        0x2 build/default/production/Chaqmoq-New.o
                0x00800060                i
                0x00800061                y
                [!provide]                PROVIDE (__bss_end, .)
                0x00000082                __data_load_start = LOADADDR (.data)
                0x00000082                __data_load_end = (__data_load_start + SIZEOF (.data))

.noinit         0x00800062        0x0
                [!provide]                PROVIDE (__noinit_start, .)
 *(.noinit*)
                [!provide]                PROVIDE (__noinit_end, .)
                0x00800062                _end = .
                [!provide]                PROVIDE (__heap_start, .)

.eeprom         0x00810000        0x0
 *(.eeprom*)
                0x00810000                __eeprom_end = .

.fuse
 *(.fuse)
 *(.lfuse)
 *(.hfuse)
 *(.efuse)

.lock
 *(.lock*)

.signature
 *(.signature*)

.user_signatures
 *(.user_signatures*)

.stab
 *(.stab)

.stabstr
 *(.stabstr)

.stab.excl
 *(.stab.excl)

.stab.exclstr
 *(.stab.exclstr)

.stab.index
 *(.stab.index)

.stab.indexstr
 *(.stab.indexstr)

.comment        0x00000000       0x2e
 *(.comment)
 .comment       0x00000000       0x2e build/default/production/Chaqmoq-New.o
                                 0x2f (size before relaxing)

.note.gnu.build-id
 *(.note.gnu.build-id)

.debug
 *(.debug)

.line
 *(.line)

.debug_srcinfo
 *(.debug_srcinfo)

.debug_sfnames
 *(.debug_sfnames)

.debug_aranges  0x00000000       0x68
 *(.debug_aranges)
 .debug_aranges
                0x00000000       0x68 build/default/production/Chaqmoq-New.o

.debug_pubnames
 *(.debug_pubnames)

.debug_info     0x00000000      0xbb9
 *(.debug_info .gnu.linkonce.wi.*)
 .debug_info    0x00000000      0x2dc C:/Program Files (x86)/Microchip/MPLABX/v5.35/packs/Microchip/ATtiny_DFP/2.1.63/gcc/dev/attiny13a/avr25/tiny-stack/crtattiny13a.o
 .debug_info    0x000002dc      0x8dd build/default/production/Chaqmoq-New.o

.debug_abbrev   0x00000000      0x3db
 *(.debug_abbrev)
 .debug_abbrev  0x00000000      0x2b6 C:/Program Files (x86)/Microchip/MPLABX/v5.35/packs/Microchip/ATtiny_DFP/2.1.63/gcc/dev/attiny13a/avr25/tiny-stack/crtattiny13a.o
 .debug_abbrev  0x000002b6      0x125 build/default/production/Chaqmoq-New.o

.debug_line     0x00000000      0x570
 *(.debug_line .debug_line.* .debug_line_end)
 .debug_line    0x00000000       0xca C:/Program Files (x86)/Microchip/MPLABX/v5.35/packs/Microchip/ATtiny_DFP/2.1.63/gcc/dev/attiny13a/avr25/tiny-stack/crtattiny13a.o
 .debug_line    0x000000ca      0x4a6 build/default/production/Chaqmoq-New.o

.debug_frame    0x00000000      0x12c
 *(.debug_frame)
 .debug_frame   0x00000000      0x12c build/default/production/Chaqmoq-New.o

.debug_str      0x00000000      0x100
 *(.debug_str)
 .debug_str     0x00000000      0x100 C:/Program Files (x86)/Microchip/MPLABX/v5.35/packs/Microchip/ATtiny_DFP/2.1.63/gcc/dev/attiny13a/avr25/tiny-stack/crtattiny13a.o
 .debug_str     0x00000100        0x0 build/default/production/Chaqmoq-New.o

.debug_loc      0x00000000      0x2a6
 *(.debug_loc)
 .debug_loc     0x00000000      0x2a6 build/default/production/Chaqmoq-New.o

.debug_macinfo
 *(.debug_macinfo)

.debug_weaknames
 *(.debug_weaknames)

.debug_funcnames
 *(.debug_funcnames)

.debug_typenames
 *(.debug_typenames)

.debug_varnames
 *(.debug_varnames)

.debug_pubtypes
 *(.debug_pubtypes)

.debug_ranges   0x00000000       0x58
 *(.debug_ranges)
 .debug_ranges  0x00000000       0x58 build/default/production/Chaqmoq-New.o

.debug_macro
 *(.debug_macro)
OUTPUT(dist/default/production/Chaqmoq-New.X.production.elf elf32-avr)
LOAD linker stubs
LOAD data_init

.text           0x000003f8        0x2
 .text          0x000003f8        0x2 C:/Program Files (x86)/Microchip/MPLABX/v5.35/packs/Microchip/ATtiny_DFP/2.1.63/gcc/dev/attiny13a/avr25/tiny-stack/crtattiny13a.o
                0x000003f8                __vector_1
                0x000003f8                __bad_interrupt
                0x000003f8                __vector_6
                0x000003f8                __vector_3
                0x000003f8                __vector_7
                0x000003f8                __vector_5
                0x000003f8                __vector_4
                0x000003f8                __vector_9
                0x000003f8                __vector_8

.note.gnu.avr.deviceinfo
                0x00000000       0x3c
 .note.gnu.avr.deviceinfo
                0x00000000       0x3c C:/Program Files (x86)/Microchip/MPLABX/v5.35/packs/Microchip/ATtiny_DFP/2.1.63/gcc/dev/attiny13a/avr25/tiny-stack/crtattiny13a.o

.text.wait1     0x000003d4       0x12
 .text.wait1    0x000003d4       0x12 build/default/production/Chaqmoq-New.o
                0x000003d4                wait1

.text.adcTest   0x0000038e       0x1c
 .text.adcTest  0x0000038e       0x1c build/default/production/Chaqmoq-New.o
                0x0000038e                adcTest

.text.wait      0x000003aa       0x16
 .text.wait     0x000003aa       0x16 build/default/production/Chaqmoq-New.o
                0x000003aa                wait

.text.timer     0x0000030a       0x44
 .text.timer    0x0000030a       0x44 build/default/production/Chaqmoq-New.o
                0x0000030a                timer

.text.forLoop   0x0000023c       0x6c
 .text.forLoop  0x0000023c       0x6c build/default/production/Chaqmoq-New.o
                0x0000023c                forLoop

.text.EEPROMwrite
                0x000003c0       0x14
 .text.EEPROMwrite
                0x000003c0       0x14 build/default/production/Chaqmoq-New.o
                0x000003c0                EEPROMwrite

.text.EEPROMread
                0x000003e6       0x12
 .text.EEPROMread
                0x000003e6       0x12 build/default/production/Chaqmoq-New.o
                0x000003e6                EEPROMread

.text.prog      0x00000082      0x1ba
 .text.prog     0x00000082      0x1ba build/default/production/Chaqmoq-New.o
                0x00000082                prog

.text.__vector_2
                0x000002a8       0x62
 .text.__vector_2
                0x000002a8       0x62 build/default/production/Chaqmoq-New.o
                0x000002a8                __vector_2

.text.main      0x0000034e       0x40
 .text.main     0x0000034e       0x40 build/default/production/Chaqmoq-New.o
                0x0000034e                main

.data.data      0x00800062        0x1 load address 0x000003fa
 .data.data     0x00800062        0x1 build/default/production/Chaqmoq-New.o
                0x00800062                data
