MPLINK 5.09, LINKER
Linker Map File - Created Fri Apr 03 01:48:19 2020

                                 Section Info
                  Section       Type    Address   Location Size(Bytes)
                ---------  ---------  ---------  ---------  ---------
                   .org_0       code   0x000000    program   0x0003b6
                   .cinit    romdata   0x0001db    program   0x000004
.config_2007_BUILD/DEFAULT/PRODUCTION/STARTNE       code   0x002007    program   0x000002



                              Program Memory Usage 
                               Start         End      
                           ---------   ---------      
                            0x000000    0x0001dc      
                            0x002007    0x002007      
            478 out of 2182 program addresses used, program memory utilization is 21%



                              Symbols - Sorted by Name
                     Name    Address   Location    Storage File                     
                ---------  ---------  ---------  --------- ---------                
             _.org_0_0173   0x000173    program     static C:\Users\Xusniddin\Desktop\mplab\STARTnew.X\STARTnew.asm
             _.org_0_0175   0x000175    program     static C:\Users\Xusniddin\Desktop\mplab\STARTnew.X\STARTnew.asm
             _.org_0_0177   0x000177    program     static C:\Users\Xusniddin\Desktop\mplab\STARTnew.X\STARTnew.asm
             _.org_0_0180   0x000180    program     static C:\Users\Xusniddin\Desktop\mplab\STARTnew.X\STARTnew.asm
             _.org_0_0182   0x000182    program     static C:\Users\Xusniddin\Desktop\mplab\STARTnew.X\STARTnew.asm
             _.org_0_0184   0x000184    program     static C:\Users\Xusniddin\Desktop\mplab\STARTnew.X\STARTnew.asm
             _.org_0_0191   0x000191    program     static C:\Users\Xusniddin\Desktop\mplab\STARTnew.X\STARTnew.asm
             _.org_0_0193   0x000193    program     static C:\Users\Xusniddin\Desktop\mplab\STARTnew.X\STARTnew.asm
             _.org_0_0195   0x000195    program     static C:\Users\Xusniddin\Desktop\mplab\STARTnew.X\STARTnew.asm
             _.org_0_01A0   0x0001a0    program     static C:\Users\Xusniddin\Desktop\mplab\STARTnew.X\STARTnew.asm
             _.org_0_01A2   0x0001a2    program     static C:\Users\Xusniddin\Desktop\mplab\STARTnew.X\STARTnew.asm
             _.org_0_01A4   0x0001a4    program     static C:\Users\Xusniddin\Desktop\mplab\STARTnew.X\STARTnew.asm
             _.org_0_01AB   0x0001ab    program     static C:\Users\Xusniddin\Desktop\mplab\STARTnew.X\STARTnew.asm
             _.org_0_01AD   0x0001ad    program     static C:\Users\Xusniddin\Desktop\mplab\STARTnew.X\STARTnew.asm
             _.org_0_01B6   0x0001b6    program     static C:\Users\Xusniddin\Desktop\mplab\STARTnew.X\STARTnew.asm
             _.org_0_01B8   0x0001b8    program     static C:\Users\Xusniddin\Desktop\mplab\STARTnew.X\STARTnew.asm
             _.org_0_01BA   0x0001ba    program     static C:\Users\Xusniddin\Desktop\mplab\STARTnew.X\STARTnew.asm
             _.org_0_01C5   0x0001c5    program     static C:\Users\Xusniddin\Desktop\mplab\STARTnew.X\STARTnew.asm
             _.org_0_01C7   0x0001c7    program     static C:\Users\Xusniddin\Desktop\mplab\STARTnew.X\STARTnew.asm
             _.org_0_01C9   0x0001c9    program     static C:\Users\Xusniddin\Desktop\mplab\STARTnew.X\STARTnew.asm
             _.org_0_01D3   0x0001d3    program     static C:\Users\Xusniddin\Desktop\mplab\STARTnew.X\STARTnew.asm
             _.org_0_01D5   0x0001d5    program     static C:\Users\Xusniddin\Desktop\mplab\STARTnew.X\STARTnew.asm
             _.org_0_01D7   0x0001d7    program     static C:\Users\Xusniddin\Desktop\mplab\STARTnew.X\STARTnew.asm
                   ahrana   0x000100    program     static C:\Users\Xusniddin\Desktop\mplab\STARTnew.X\STARTnew.asm
              ahranastart   0x000110    program     static C:\Users\Xusniddin\Desktop\mplab\STARTnew.X\STARTnew.asm
                 bigdelay   0x0001af    program     static C:\Users\Xusniddin\Desktop\mplab\STARTnew.X\STARTnew.asm
                delay20ms   0x0001be    program     static C:\Users\Xusniddin\Desktop\mplab\STARTnew.X\STARTnew.asm
                delay3sek   0x000188    program     static C:\Users\Xusniddin\Desktop\mplab\STARTnew.X\STARTnew.asm
               delay520ms   0x0001cc    program     static C:\Users\Xusniddin\Desktop\mplab\STARTnew.X\STARTnew.asm
              delayknopka   0x000179    program     static C:\Users\Xusniddin\Desktop\mplab\STARTnew.X\STARTnew.asm
              delaymargat   0x00016c    program     static C:\Users\Xusniddin\Desktop\mplab\STARTnew.X\STARTnew.asm
               delaystart   0x000199    program     static C:\Users\Xusniddin\Desktop\mplab\STARTnew.X\STARTnew.asm
                delayzvuk   0x0001a6    program     static C:\Users\Xusniddin\Desktop\mplab\STARTnew.X\STARTnew.asm
                helpstart   0x0000e6    program     static C:\Users\Xusniddin\Desktop\mplab\STARTnew.X\STARTnew.asm
               helpstart1   0x0000f3    program     static C:\Users\Xusniddin\Desktop\mplab\STARTnew.X\STARTnew.asm
                  karobka   0x0000da    program     static C:\Users\Xusniddin\Desktop\mplab\STARTnew.X\STARTnew.asm
               karobkamag   0x000061    program     static C:\Users\Xusniddin\Desktop\mplab\STARTnew.X\STARTnew.asm
               karobkazaj   0x00009d    program     static C:\Users\Xusniddin\Desktop\mplab\STARTnew.X\STARTnew.asm
       knopkauderjatstart   0x000122    program     static C:\Users\Xusniddin\Desktop\mplab\STARTnew.X\STARTnew.asm
        knopkauderjatstop   0x000141    program     static C:\Users\Xusniddin\Desktop\mplab\STARTnew.X\STARTnew.asm
               magnitafon   0x00002a    program     static C:\Users\Xusniddin\Desktop\mplab\STARTnew.X\STARTnew.asm
              magnitafon1   0x00002f    program     static C:\Users\Xusniddin\Desktop\mplab\STARTnew.X\STARTnew.asm
                   margat   0x000107    program     static C:\Users\Xusniddin\Desktop\mplab\STARTnew.X\STARTnew.asm
                  margat1   0x00011d    program     static C:\Users\Xusniddin\Desktop\mplab\STARTnew.X\STARTnew.asm
                metkaclrf   0x000160    program     static C:\Users\Xusniddin\Desktop\mplab\STARTnew.X\STARTnew.asm
           metkaclrfstart   0x000167    program     static C:\Users\Xusniddin\Desktop\mplab\STARTnew.X\STARTnew.asm
                   pavtor   0x0000d7    program     static C:\Users\Xusniddin\Desktop\mplab\STARTnew.X\STARTnew.asm
                programma   0x00001c    program     static C:\Users\Xusniddin\Desktop\mplab\STARTnew.X\STARTnew.asm
                    start   0x0000af    program     static C:\Users\Xusniddin\Desktop\mplab\STARTnew.X\STARTnew.asm
                   start1   0x0000c6    program     static C:\Users\Xusniddin\Desktop\mplab\STARTnew.X\STARTnew.asm
                 startmag   0x000043    program     static C:\Users\Xusniddin\Desktop\mplab\STARTnew.X\STARTnew.asm
               startpoyla   0x00013e    program     static C:\Users\Xusniddin\Desktop\mplab\STARTnew.X\STARTnew.asm
                 startzaj   0x00007f    program     static C:\Users\Xusniddin\Desktop\mplab\STARTnew.X\STARTnew.asm
                     stop   0x0000fa    program     static C:\Users\Xusniddin\Desktop\mplab\STARTnew.X\STARTnew.asm
                stoppoyla   0x00015d    program     static C:\Users\Xusniddin\Desktop\mplab\STARTnew.X\STARTnew.asm
                   tormoz   0x0000ac    program     static C:\Users\Xusniddin\Desktop\mplab\STARTnew.X\STARTnew.asm
                tormozmag   0x00003d    program     static C:\Users\Xusniddin\Desktop\mplab\STARTnew.X\STARTnew.asm
                tormozzaj   0x0000a6    program     static C:\Users\Xusniddin\Desktop\mplab\STARTnew.X\STARTnew.asm
               zajiganiya   0x00006a    program     static C:\Users\Xusniddin\Desktop\mplab\STARTnew.X\STARTnew.asm
              zajiganiya1   0x00006f    program     static C:\Users\Xusniddin\Desktop\mplab\STARTnew.X\STARTnew.asm



                              Symbols - Sorted by Address
                     Name    Address   Location    Storage File                     
                ---------  ---------  ---------  --------- ---------                
                programma   0x00001c    program     static C:\Users\Xusniddin\Desktop\mplab\STARTnew.X\STARTnew.asm
               magnitafon   0x00002a    program     static C:\Users\Xusniddin\Desktop\mplab\STARTnew.X\STARTnew.asm
              magnitafon1   0x00002f    program     static C:\Users\Xusniddin\Desktop\mplab\STARTnew.X\STARTnew.asm
                tormozmag   0x00003d    program     static C:\Users\Xusniddin\Desktop\mplab\STARTnew.X\STARTnew.asm
                 startmag   0x000043    program     static C:\Users\Xusniddin\Desktop\mplab\STARTnew.X\STARTnew.asm
               karobkamag   0x000061    program     static C:\Users\Xusniddin\Desktop\mplab\STARTnew.X\STARTnew.asm
               zajiganiya   0x00006a    program     static C:\Users\Xusniddin\Desktop\mplab\STARTnew.X\STARTnew.asm
              zajiganiya1   0x00006f    program     static C:\Users\Xusniddin\Desktop\mplab\STARTnew.X\STARTnew.asm
                 startzaj   0x00007f    program     static C:\Users\Xusniddin\Desktop\mplab\STARTnew.X\STARTnew.asm
               karobkazaj   0x00009d    program     static C:\Users\Xusniddin\Desktop\mplab\STARTnew.X\STARTnew.asm
                tormozzaj   0x0000a6    program     static C:\Users\Xusniddin\Desktop\mplab\STARTnew.X\STARTnew.asm
                   tormoz   0x0000ac    program     static C:\Users\Xusniddin\Desktop\mplab\STARTnew.X\STARTnew.asm
                    start   0x0000af    program     static C:\Users\Xusniddin\Desktop\mplab\STARTnew.X\STARTnew.asm
                   start1   0x0000c6    program     static C:\Users\Xusniddin\Desktop\mplab\STARTnew.X\STARTnew.asm
                   pavtor   0x0000d7    program     static C:\Users\Xusniddin\Desktop\mplab\STARTnew.X\STARTnew.asm
                  karobka   0x0000da    program     static C:\Users\Xusniddin\Desktop\mplab\STARTnew.X\STARTnew.asm
                helpstart   0x0000e6    program     static C:\Users\Xusniddin\Desktop\mplab\STARTnew.X\STARTnew.asm
               helpstart1   0x0000f3    program     static C:\Users\Xusniddin\Desktop\mplab\STARTnew.X\STARTnew.asm
                     stop   0x0000fa    program     static C:\Users\Xusniddin\Desktop\mplab\STARTnew.X\STARTnew.asm
                   ahrana   0x000100    program     static C:\Users\Xusniddin\Desktop\mplab\STARTnew.X\STARTnew.asm
                   margat   0x000107    program     static C:\Users\Xusniddin\Desktop\mplab\STARTnew.X\STARTnew.asm
              ahranastart   0x000110    program     static C:\Users\Xusniddin\Desktop\mplab\STARTnew.X\STARTnew.asm
                  margat1   0x00011d    program     static C:\Users\Xusniddin\Desktop\mplab\STARTnew.X\STARTnew.asm
       knopkauderjatstart   0x000122    program     static C:\Users\Xusniddin\Desktop\mplab\STARTnew.X\STARTnew.asm
               startpoyla   0x00013e    program     static C:\Users\Xusniddin\Desktop\mplab\STARTnew.X\STARTnew.asm
        knopkauderjatstop   0x000141    program     static C:\Users\Xusniddin\Desktop\mplab\STARTnew.X\STARTnew.asm
                stoppoyla   0x00015d    program     static C:\Users\Xusniddin\Desktop\mplab\STARTnew.X\STARTnew.asm
                metkaclrf   0x000160    program     static C:\Users\Xusniddin\Desktop\mplab\STARTnew.X\STARTnew.asm
           metkaclrfstart   0x000167    program     static C:\Users\Xusniddin\Desktop\mplab\STARTnew.X\STARTnew.asm
              delaymargat   0x00016c    program     static C:\Users\Xusniddin\Desktop\mplab\STARTnew.X\STARTnew.asm
             _.org_0_0173   0x000173    program     static C:\Users\Xusniddin\Desktop\mplab\STARTnew.X\STARTnew.asm
             _.org_0_0175   0x000175    program     static C:\Users\Xusniddin\Desktop\mplab\STARTnew.X\STARTnew.asm
             _.org_0_0177   0x000177    program     static C:\Users\Xusniddin\Desktop\mplab\STARTnew.X\STARTnew.asm
              delayknopka   0x000179    program     static C:\Users\Xusniddin\Desktop\mplab\STARTnew.X\STARTnew.asm
             _.org_0_0180   0x000180    program     static C:\Users\Xusniddin\Desktop\mplab\STARTnew.X\STARTnew.asm
             _.org_0_0182   0x000182    program     static C:\Users\Xusniddin\Desktop\mplab\STARTnew.X\STARTnew.asm
             _.org_0_0184   0x000184    program     static C:\Users\Xusniddin\Desktop\mplab\STARTnew.X\STARTnew.asm
                delay3sek   0x000188    program     static C:\Users\Xusniddin\Desktop\mplab\STARTnew.X\STARTnew.asm
             _.org_0_0191   0x000191    program     static C:\Users\Xusniddin\Desktop\mplab\STARTnew.X\STARTnew.asm
             _.org_0_0193   0x000193    program     static C:\Users\Xusniddin\Desktop\mplab\STARTnew.X\STARTnew.asm
             _.org_0_0195   0x000195    program     static C:\Users\Xusniddin\Desktop\mplab\STARTnew.X\STARTnew.asm
               delaystart   0x000199    program     static C:\Users\Xusniddin\Desktop\mplab\STARTnew.X\STARTnew.asm
             _.org_0_01A0   0x0001a0    program     static C:\Users\Xusniddin\Desktop\mplab\STARTnew.X\STARTnew.asm
             _.org_0_01A2   0x0001a2    program     static C:\Users\Xusniddin\Desktop\mplab\STARTnew.X\STARTnew.asm
             _.org_0_01A4   0x0001a4    program     static C:\Users\Xusniddin\Desktop\mplab\STARTnew.X\STARTnew.asm
                delayzvuk   0x0001a6    program     static C:\Users\Xusniddin\Desktop\mplab\STARTnew.X\STARTnew.asm
             _.org_0_01AB   0x0001ab    program     static C:\Users\Xusniddin\Desktop\mplab\STARTnew.X\STARTnew.asm
             _.org_0_01AD   0x0001ad    program     static C:\Users\Xusniddin\Desktop\mplab\STARTnew.X\STARTnew.asm
                 bigdelay   0x0001af    program     static C:\Users\Xusniddin\Desktop\mplab\STARTnew.X\STARTnew.asm
             _.org_0_01B6   0x0001b6    program     static C:\Users\Xusniddin\Desktop\mplab\STARTnew.X\STARTnew.asm
             _.org_0_01B8   0x0001b8    program     static C:\Users\Xusniddin\Desktop\mplab\STARTnew.X\STARTnew.asm
             _.org_0_01BA   0x0001ba    program     static C:\Users\Xusniddin\Desktop\mplab\STARTnew.X\STARTnew.asm
                delay20ms   0x0001be    program     static C:\Users\Xusniddin\Desktop\mplab\STARTnew.X\STARTnew.asm
             _.org_0_01C5   0x0001c5    program     static C:\Users\Xusniddin\Desktop\mplab\STARTnew.X\STARTnew.asm
             _.org_0_01C7   0x0001c7    program     static C:\Users\Xusniddin\Desktop\mplab\STARTnew.X\STARTnew.asm
             _.org_0_01C9   0x0001c9    program     static C:\Users\Xusniddin\Desktop\mplab\STARTnew.X\STARTnew.asm
               delay520ms   0x0001cc    program     static C:\Users\Xusniddin\Desktop\mplab\STARTnew.X\STARTnew.asm
             _.org_0_01D3   0x0001d3    program     static C:\Users\Xusniddin\Desktop\mplab\STARTnew.X\STARTnew.asm
             _.org_0_01D5   0x0001d5    program     static C:\Users\Xusniddin\Desktop\mplab\STARTnew.X\STARTnew.asm
             _.org_0_01D7   0x0001d7    program     static C:\Users\Xusniddin\Desktop\mplab\STARTnew.X\STARTnew.asm


