Microchip MPLAB XC8 Compiler V2.00 ()

Linker command line:

-W-3 --edf=C:\Program Files (x86)\Microchip\xc8\v2.00\pic\dat\en_msgs.txt \
  -cs -h+dist/default/production\STARTlacetti01.07.21.X.production.sym \
  --cmf=dist/default/production\STARTlacetti01.07.21.X.production.cmf -z \
  -Q16F628A -oC:\Users\User\AppData\Local\Temp\semk.2 \
  --defsym=__MPLAB_BUILD=1 \
  -Mdist/default/production/STARTlacetti01.07.21.X.production.map -E1 \
  -ver=XC8 --acfsm=1493 -ASTACK=020h-06fh -pstack=STACK -ACODE=00h-07FFh \
  -ASTRCODE=00h-07FFh -ASTRING=00h-0FFhx8 -ACONST=00h-0FFhx8 \
  -AENTRY=00h-0FFhx8 -ACOMMON=070h-07Fh -ABANK0=020h-06Fh -ABANK1=0A0h-0EFh \
  -ABANK2=0120h-014Fh -ARAM=020h-06Fh,0A0h-0EFh,0120h-014Fh \
  -AABS1=020h-07Fh,0A0h-0EFh,0120h-014Fh -ASFR0=00h-01Fh -ASFR1=080h-09Fh \
  -ASFR2=0100h-011Fh -ASFR3=0180h-01EFh \
  -preset_vec=00h,intentry,init,end_init -ppowerup=CODE -pcinit=CODE \
  -pfunctab=ENTRY -ACONFIG=02007h-02007h -pconfig=CONFIG -DCONFIG=2 \
  -AIDLOC=02000h-02003h -pidloc=IDLOC -DIDLOC=2 -AEEDATA=00h-07Fh/02100h \
  -peeprom_data=EEDATA -DEEDATA=2 -DCODE=2 -DSTRCODE=2 -DSTRING=2 -DCONST=2 \
  -DENTRY=2 -k C:\Users\User\AppData\Local\Temp\semk.o \
  dist/default/production\STARTlacetti01.07.21.X.production.o 

Object code version is 3.11

Machine type is 16F628A



                Name                               Link     Load   Length Selector   Space Scale
C:\Users\User\AppData\Local\Temp\semk.o
                end_init                              0        0        1        0       0
                config                             2007     2007        1     400E       0
dist/default/production\STARTlacetti01.07.21.X.production.o
                cinit                               7FA      7FA        6      FF4       0
                text8                               4DD      4DD        8      9BA       0
                text7                               546      546       31      A8C       0
                text6                               577      577       B1      AEE       0
                text5                               4E5      4E5        F      9CA       0
                text4                               51C      51C       2A      A38       0
                text3                               4D6      4D6        7      9AC       0
                text2                               506      506       16      A0C       0
                text1                               4F4      4F4       12      9E8       0
                maintext                            628      628      1D2      C50       0
                cstackCOMMON                         70       70        8       70       1
                bssCOMMON                            78       78        4       70       1

TOTAL           Name                               Link     Load   Length     Space
        CLASS   STACK          

        CLASS   CODE           
                end_init                              0        0        1         0
                cinit                               7FA      7FA        6         0
                text8                               4DD      4DD        8         0
                text7                               546      546       31         0
                text6                               577      577       B1         0
                text5                               4E5      4E5        F         0
                text4                               51C      51C       2A         0
                text3                               4D6      4D6        7         0
                text2                               506      506       16         0
                text1                               4F4      4F4       12         0
                maintext                            628      628      1D2         0

        CLASS   STRCODE        

        CLASS   STRING         

        CLASS   CONST          

        CLASS   ENTRY          

        CLASS   COMMON         
                cstackCOMMON                         70       70        8         1
                bssCOMMON                            78       78        4         1

        CLASS   BANK0          

        CLASS   BANK1          

        CLASS   BANK2          

        CLASS   RAM            

        CLASS   ABS1           
                abs_s1                               7E       7E        2         1

        CLASS   SFR0           

        CLASS   SFR1           

        CLASS   SFR2           

        CLASS   SFR3           

        CLASS   CONFIG         
                config                             2007     2007        1         0

        CLASS   IDLOC          

        CLASS   EEDATA         

        CLASS   BANK3          



SEGMENTS        Name                           Load    Length   Top    Selector   Space  Class     Delta

                reset_vec                      000000  000001  000001         0       0  CODE        2
                cstackCOMMON                   000070  00000C  00007C        70       1  COMMON      1
                text3                          0004D6  000007  0004DD       9AC       0  CODE        2
                text8                          0004DD  000008  0004E5       9BA       0  CODE        2
                text5                          0004E5  00000F  0004F4       9CA       0  CODE        2
                text1                          0004F4  000012  000506       9E8       0  CODE        2
                text2                          000506  000016  00051C       A0C       0  CODE        2
                text4                          00051C  00002A  000546       A38       0  CODE        2
                text7                          000546  000031  000577       A8C       0  CODE        2
                text6                          000577  0000B1  000628       AEE       0  CODE        2
                maintext                       000628  0001D2  0007FA       C50       0  CODE        2
                cinit                          0007FA  000006  000800       FF4       0  CODE        2
                config                         002007  000001  002008      400E       0  CONFIG      2


UNUSED ADDRESS RANGES

        Name                Unused          Largest block    Delta
        BANK0            0020-006F             50           1
        BANK1            00A0-00EF             50           1
        BANK2            0120-014F             30           1
        CODE             0001-04D5            4D5           2
        COMMON           007C-007D              2           1
        CONST            0001-04D5            100           2
        EEDATA           2100-217F             80           2
        ENTRY            0001-04D5            100           2
        IDLOC            2000-2003              4           2
        RAM              0020-006F             50           1
                         00A0-00EF             50
                         0120-014F             30
        SFR0             0000-001F             20           1
        SFR1             0080-009F             20           1
        SFR2             0100-011F             20           1
        SFR3             0180-01EF             70           1
        STACK            0020-006F             50           1
        STRCODE          0001-04D5            4D5           2
        STRING           0001-04D5            100           2

                                  Symbol Table

_CMCON                   (abs)        001F
_OPTION_REG              (abs)        0081
_PORTA                   (abs)        0005
_PORTAbits               (abs)        0005
_PORTB                   (abs)        0006
_PORTBbits               (abs)        0006
_TRISA                   (abs)        0085
_TRISB                   (abs)        0086
__CFG_BOREN$OFF          (abs)        0000
__CFG_CP$ON              (abs)        0000
__CFG_CPD$ON             (abs)        0000
__CFG_FOSC$INTOSCIO      (abs)        0000
__CFG_LVP$OFF            (abs)        0000
__CFG_MCLRE$OFF          (abs)        0000
__CFG_PWRTE$OFF          (abs)        0000
__CFG_WDTE$OFF           (abs)        0000
__Habs1                  abs1         0000
__Hbank0                 bank0        0000
__Hbank1                 bank1        0000
__Hbank2                 bank2        0000
__Hbank3                 bank3        0000
__HbssCOMMON             bssCOMMON    0000
__Hcinit                 cinit        0800
__Hclrtext               clrtext      0000
__Hcode                  code         0000
__Hcommon                common       0000
__Hconfig                config       2008
__HcstackCOMMON          cstackCOMMON 0000
__Heeprom_data           eeprom_data  0000
__Hend_init              end_init     0001
__Hfunctab               functab      0000
__Hidloc                 idloc        0000
__Hinit                  init         0000
__Hintentry              intentry     0000
__Hmaintext              maintext     0000
__Hpowerup               powerup      0000
__Hram                   ram          0000
__Hreset_vec             reset_vec    0000
__Hsfr0                  sfr0         0000
__Hsfr1                  sfr1         0000
__Hsfr2                  sfr2         0000
__Hsfr3                  sfr3         0000
__Hspace_0               (abs)        2008
__Hspace_1               (abs)        007C
__Hspace_2               (abs)        0000
__Hspace_3               (abs)        0000
__Hstack                 stack        0000
__Hstrings               strings      0000
__Htext                  text         0000
__Labs1                  abs1         0000
__Lbank0                 bank0        0000
__Lbank1                 bank1        0000
__Lbank2                 bank2        0000
__Lbank3                 bank3        0000
__LbssCOMMON             bssCOMMON    0000
__Lcinit                 cinit        07FA
__Lclrtext               clrtext      0000
__Lcode                  code         0000
__Lcommon                common       0000
__Lconfig                config       2007
__LcstackCOMMON          cstackCOMMON 0000
__Leeprom_data           eeprom_data  0000
__Lend_init              end_init     0000
__Lfunctab               functab      0000
__Lidloc                 idloc        0000
__Linit                  init         0000
__Lintentry              intentry     0000
__Lmaintext              maintext     0000
__Lpowerup               powerup      0000
__Lram                   ram          0000
__Lreset_vec             reset_vec    0000
__Lsfr0                  sfr0         0000
__Lsfr1                  sfr1         0000
__Lsfr2                  sfr2         0000
__Lsfr3                  sfr3         0000
__Lspace_0               (abs)        0000
__Lspace_1               (abs)        0000
__Lspace_2               (abs)        0000
__Lspace_3               (abs)        0000
__Lstack                 stack        0000
__Lstrings               strings      0000
__Ltext                  text         0000
__S0                     (abs)        2008
__S1                     (abs)        007C
__S2                     (abs)        0000
__S3                     (abs)        0000
___int_sp                stack        0000
___latbits               (abs)        0000
___sp                    stack        0000
__end_of__initialization cinit        07FE
__end_of_flicker         text7        0577
__end_of_magnitafon      text4        0546
__end_of_main            maintext     07FA
__end_of_ohrana          text3        04DD
__end_of_ohranastart     text8        04E5
__end_of_start           text6        0628
__end_of_stop            text2        051C
__end_of_zajiganiya      text1        0506
__end_of_zvuk            text5        04F4
__initialization         cinit        07FA
__pbssCOMMON             bssCOMMON    0078
__pcstackCOMMON          cstackCOMMON 0070
__pmaintext              maintext     0628
__ptext1                 text1        04F4
__ptext2                 text2        0506
__ptext3                 text3        04D6
__ptext4                 text4        051C
__ptext5                 text5        04E5
__ptext6                 text6        0577
__ptext7                 text7        0546
__ptext8                 text8        04DD
__size_of_flicker        (abs)        0000
__size_of_magnitafon     (abs)        0000
__size_of_main           (abs)        0000
__size_of_ohrana         (abs)        0000
__size_of_ohranastart    (abs)        0000
__size_of_start          (abs)        0000
__size_of_stop           (abs)        0000
__size_of_zajiganiya     (abs)        0000
__size_of_zvuk           (abs)        0000
_flicker                 text7        0546
_i                       bssCOMMON    007B
_magnitafon              text4        051C
_main                    maintext     0628
_ohrana                  text3        04D6
_ohranastart             text8        04DD
_start                   text6        0577
_starts                  bssCOMMON    0078
_status                  bssCOMMON    0079
_stop                    text2        0506
_u                       bssCOMMON    007A
_zajiganiya              text1        04F4
_zvuk                    text5        04E5
btemp                    (abs)        007E
end_of_initialization    cinit        07FE
intlevel0                functab      0000
intlevel1                functab      0000
intlevel2                functab      0000
intlevel3                functab      0000
intlevel4                functab      0000
intlevel5                functab      0000
reset_vec                reset_vec    0000
stackhi                  (abs)        0000
stacklo                  (abs)        0000
start                    init         0000
start_initialization     cinit        07FA
wtemp0                   (abs)        007E


FUNCTION INFORMATION:

 *************** function _main *****************
 Defined at:
		line 132 in file "STARTlacetti01.07.21.c"
 Parameters:    Size  Location     Type
		None
 Auto vars:     Size  Location     Type
		None
 Return value:  Size  Location     Type
                  1    wreg      void 
 Registers used:
		wreg, status,2, status,0, pclath, cstack
 Tracked objects:
		On entry : 
		On exit  : 
		Unchanged: 
 Data sizes:     COMMON   BANK0   BANK1   BANK2
      Params:         0       0       0       0
      Locals:         0       0       0       0
      Temps:          3       0       0       0
      Totals:         3       0       0       0
Total ram usage:        3 bytes
 Hardware stack levels required when called:    2
 This function calls:
		_flicker
		_magnitafon
		_ohrana
		_ohranastart
		_start
		_stop
		_zajiganiya
		_zvuk
 This function is called by:
		Startup code after reset
 This function uses a non-reentrant model


 *************** function _zajiganiya *****************
 Defined at:
		line 106 in file "STARTlacetti01.07.21.c"
 Parameters:    Size  Location     Type
		None
 Auto vars:     Size  Location     Type
		None
 Return value:  Size  Location     Type
                  1    wreg      void 
 Registers used:
		wreg
 Tracked objects:
		On entry : 
		On exit  : 
		Unchanged: 
 Data sizes:     COMMON   BANK0   BANK1   BANK2
      Params:         0       0       0       0
      Locals:         0       0       0       0
      Temps:          2       0       0       0
      Totals:         2       0       0       0
Total ram usage:        2 bytes
 Hardware stack levels used:    1
 This function calls:
		Nothing
 This function is called by:
		_main
 This function uses a non-reentrant model


 *************** function _stop *****************
 Defined at:
		line 97 in file "STARTlacetti01.07.21.c"
 Parameters:    Size  Location     Type
		None
 Auto vars:     Size  Location     Type
		None
 Return value:  Size  Location     Type
                  1    wreg      void 
 Registers used:
		wreg, status,2
 Tracked objects:
		On entry : 
		On exit  : 
		Unchanged: 
 Data sizes:     COMMON   BANK0   BANK1   BANK2
      Params:         0       0       0       0
      Locals:         0       0       0       0
      Temps:          3       0       0       0
      Totals:         3       0       0       0
Total ram usage:        3 bytes
 Hardware stack levels used:    1
 This function calls:
		Nothing
 This function is called by:
		_main
 This function uses a non-reentrant model


 *************** function _ohrana *****************
 Defined at:
		line 51 in file "STARTlacetti01.07.21.c"
 Parameters:    Size  Location     Type
		None
 Auto vars:     Size  Location     Type
		None
 Return value:  Size  Location     Type
                  1    wreg      void 
 Registers used:
		status,2
 Tracked objects:
		On entry : 
		On exit  : 
		Unchanged: 
 Data sizes:     COMMON   BANK0   BANK1   BANK2
      Params:         0       0       0       0
      Locals:         0       0       0       0
      Temps:          0       0       0       0
      Totals:         0       0       0       0
Total ram usage:        0 bytes
 Hardware stack levels used:    1
 This function calls:
		Nothing
 This function is called by:
		_main
 This function uses a non-reentrant model


 *************** function _magnitafon *****************
 Defined at:
		line 113 in file "STARTlacetti01.07.21.c"
 Parameters:    Size  Location     Type
		None
 Auto vars:     Size  Location     Type
		None
 Return value:  Size  Location     Type
                  1    wreg      void 
 Registers used:
		wreg, status,2, status,0, pclath, cstack
 Tracked objects:
		On entry : 
		On exit  : 
		Unchanged: 
 Data sizes:     COMMON   BANK0   BANK1   BANK2
      Params:         0       0       0       0
      Locals:         0       0       0       0
      Temps:          2       0       0       0
      Totals:         2       0       0       0
Total ram usage:        2 bytes
 Hardware stack levels used:    1
 Hardware stack levels required when called:    1
 This function calls:
		_start
		_zvuk
 This function is called by:
		_main
 This function uses a non-reentrant model


 *************** function _zvuk *****************
 Defined at:
		line 25 in file "STARTlacetti01.07.21.c"
 Parameters:    Size  Location     Type
		None
 Auto vars:     Size  Location     Type
		None
 Return value:  Size  Location     Type
                  1    wreg      void 
 Registers used:
		wreg
 Tracked objects:
		On entry : 
		On exit  : 
		Unchanged: 
 Data sizes:     COMMON   BANK0   BANK1   BANK2
      Params:         0       0       0       0
      Locals:         0       0       0       0
      Temps:          2       0       0       0
      Totals:         2       0       0       0
Total ram usage:        2 bytes
 Hardware stack levels used:    1
 This function calls:
		Nothing
 This function is called by:
		_magnitafon
		_main
 This function uses a non-reentrant model


 *************** function _start *****************
 Defined at:
		line 58 in file "STARTlacetti01.07.21.c"
 Parameters:    Size  Location     Type
		None
 Auto vars:     Size  Location     Type
		None
 Return value:  Size  Location     Type
                  1    wreg      void 
 Registers used:
		wreg, status,2, status,0
 Tracked objects:
		On entry : 
		On exit  : 
		Unchanged: 
 Data sizes:     COMMON   BANK0   BANK1   BANK2
      Params:         0       0       0       0
      Locals:         0       0       0       0
      Temps:          3       0       0       0
      Totals:         3       0       0       0
Total ram usage:        3 bytes
 Hardware stack levels used:    1
 This function calls:
		Nothing
 This function is called by:
		_magnitafon
		_main
 This function uses a non-reentrant model


 *************** function _flicker *****************
 Defined at:
		line 39 in file "STARTlacetti01.07.21.c"
 Parameters:    Size  Location     Type
		None
 Auto vars:     Size  Location     Type
		None
 Return value:  Size  Location     Type
                  1    wreg      void 
 Registers used:
		wreg, status,2, status,0, pclath, cstack
 Tracked objects:
		On entry : 
		On exit  : 
		Unchanged: 
 Data sizes:     COMMON   BANK0   BANK1   BANK2
      Params:         0       0       0       0
      Locals:         0       0       0       0
      Temps:          3       0       0       0
      Totals:         3       0       0       0
Total ram usage:        3 bytes
 Hardware stack levels used:    1
 Hardware stack levels required when called:    1
 This function calls:
		_ohranastart
 This function is called by:
		_main
 This function uses a non-reentrant model


 *************** function _ohranastart *****************
 Defined at:
		line 31 in file "STARTlacetti01.07.21.c"
 Parameters:    Size  Location     Type
		None
 Auto vars:     Size  Location     Type
		None
 Return value:  Size  Location     Type
                  1    wreg      void 
 Registers used:
		None
 Tracked objects:
		On entry : 
		On exit  : 
		Unchanged: 
 Data sizes:     COMMON   BANK0   BANK1   BANK2
      Params:         0       0       0       0
      Locals:         0       0       0       0
      Temps:          0       0       0       0
      Totals:         0       0       0       0
Total ram usage:        0 bytes
 Hardware stack levels used:    1
 This function calls:
		Nothing
 This function is called by:
		_flicker
		_main
 This function uses a non-reentrant model



MODULE INFORMATION

Module		Function		Class		Link	Load	Size
shared
		__initialization		CODE           	07FA	0000	5

shared estimated size: 5

STARTlacetti01.07.21.c
		_ohrana        		CODE           	04D6	0000	8
		_flicker       		CODE           	0546	0000	50
		_zvuk          		CODE           	04E5	0000	16
		_ohranastart   		CODE           	04DD	0000	9
		_stop          		CODE           	0506	0000	23
		_main          		CODE           	0628	0000	467
		_start         		CODE           	0577	0000	178
		_zajiganiya    		CODE           	04F4	0000	19
		_magnitafon    		CODE           	051C	0000	43

STARTlacetti01.07.21.c estimated size: 813

