MPLINK 5.09, LINKER
Linker Map File - Created Tue Jul 16 16:04:14 2019

                                 Section Info
                  Section       Type    Address   Location Size(Bytes)
                ---------  ---------  ---------  ---------  ---------
                   .org_0       code   0x000000    program   0x0004d6
                   .cinit    romdata   0x00026b    program   0x000004
.config_2007_BUILD/DEFAULT/PRODUCTION/PIBTNEW       code   0x002007    program   0x000002



                              Program Memory Usage 
                               Start         End      
                           ---------   ---------      
                            0x000000    0x00026c      
                            0x002007    0x002007      
            622 out of 1158 program addresses used, program memory utilization is 53%



                              Symbols - Sorted by Name
                     Name    Address   Location    Storage File                     
                ---------  ---------  ---------  --------- ---------                
                BD_Loop94   0x000070    program     static C:\Users\Xusniddin\Desktop\mplab\PiBtNew.X\PiBtNew.asm
                Big_delay   0x00006e    program     static C:\Users\Xusniddin\Desktop\mplab\PiBtNew.X\PiBtNew.asm
                     Init   0x000001    program     static C:\Users\Xusniddin\Desktop\mplab\PiBtNew.X\PiBtNew.asm
                      LED   0x000040    program     static C:\Users\Xusniddin\Desktop\mplab\PiBtNew.X\PiBtNew.asm
                 Mainloop   0x00002b    program     static C:\Users\Xusniddin\Desktop\mplab\PiBtNew.X\PiBtNew.asm
               Send0_Loop   0x000200    program     static C:\Users\Xusniddin\Desktop\mplab\PiBtNew.X\PiBtNew.asm
              Send0_Loopp   0x00021d    program     static C:\Users\Xusniddin\Desktop\mplab\PiBtNew.X\PiBtNew.asm
             Send0_Loopp1   0x000239    program     static C:\Users\Xusniddin\Desktop\mplab\PiBtNew.X\PiBtNew.asm
               Send1_Loop   0x0001e3    program     static C:\Users\Xusniddin\Desktop\mplab\PiBtNew.X\PiBtNew.asm
                   Send_0   0x0001fe    program     static C:\Users\Xusniddin\Desktop\mplab\PiBtNew.X\PiBtNew.asm
                   Send_1   0x0001e1    program     static C:\Users\Xusniddin\Desktop\mplab\PiBtNew.X\PiBtNew.asm
                 UMessen1   0x00002e    program     static C:\Users\Xusniddin\Desktop\mplab\PiBtNew.X\PiBtNew.asm
             _.org_0_003C   0x00003c    program     static C:\Users\Xusniddin\Desktop\mplab\PiBtNew.X\PiBtNew.asm
             _.org_0_003E   0x00003e    program     static C:\Users\Xusniddin\Desktop\mplab\PiBtNew.X\PiBtNew.asm
             _.org_0_0259   0x000259    program     static C:\Users\Xusniddin\Desktop\mplab\PiBtNew.X\PiBtNew.asm
             _.org_0_025B   0x00025b    program     static C:\Users\Xusniddin\Desktop\mplab\PiBtNew.X\PiBtNew.asm
             _.org_0_0264   0x000264    program     static C:\Users\Xusniddin\Desktop\mplab\PiBtNew.X\PiBtNew.asm
             _.org_0_0266   0x000266    program     static C:\Users\Xusniddin\Desktop\mplab\PiBtNew.X\PiBtNew.asm
             _.org_0_0268   0x000268    program     static C:\Users\Xusniddin\Desktop\mplab\PiBtNew.X\PiBtNew.asm
                       bt   0x0001ac    program     static C:\Users\Xusniddin\Desktop\mplab\PiBtNew.X\PiBtNew.asm
              cmequalizer   0x000119    program     static C:\Users\Xusniddin\Desktop\mplab\PiBtNew.X\PiBtNew.asm
                   cmmute   0x0000c8    program     static C:\Users\Xusniddin\Desktop\mplab\PiBtNew.X\PiBtNew.asm
                  cmmute1   0x0001be    program     static C:\Users\Xusniddin\Desktop\mplab\PiBtNew.X\PiBtNew.asm
                  cmpause   0x0000f9    program     static C:\Users\Xusniddin\Desktop\mplab\PiBtNew.X\PiBtNew.asm
                  cmpower   0x000109    program     static C:\Users\Xusniddin\Desktop\mplab\PiBtNew.X\PiBtNew.asm
                  cmqizil   0x0000af    program     static C:\Users\Xusniddin\Desktop\mplab\PiBtNew.X\PiBtNew.asm
            cmstrelkachap   0x000153    program     static C:\Users\Xusniddin\Desktop\mplab\PiBtNew.X\PiBtNew.asm
              cmstrelkaon   0x000163    program     static C:\Users\Xusniddin\Desktop\mplab\PiBtNew.X\PiBtNew.asm
             cmstrelkapas   0x00009f    program     static C:\Users\Xusniddin\Desktop\mplab\PiBtNew.X\PiBtNew.asm
            cmstrelkatepa   0x000193    program     static C:\Users\Xusniddin\Desktop\mplab\PiBtNew.X\PiBtNew.asm
               cmvolumpas   0x000173    program     static C:\Users\Xusniddin\Desktop\mplab\PiBtNew.X\PiBtNew.asm
              cmvolumtepa   0x000183    program     static C:\Users\Xusniddin\Desktop\mplab\PiBtNew.X\PiBtNew.asm
                 cmyashil   0x0000e0    program     static C:\Users\Xusniddin\Desktop\mplab\PiBtNew.X\PiBtNew.asm
               delay250ms   0x00025d    program     static C:\Users\Xusniddin\Desktop\mplab\PiBtNew.X\PiBtNew.asm
              delayy4.5ms   0x000254    program     static C:\Users\Xusniddin\Desktop\mplab\PiBtNew.X\PiBtNew.asm
                delayy9ms   0x00021b    program     static C:\Users\Xusniddin\Desktop\mplab\PiBtNew.X\PiBtNew.asm
                     krug   0x00007d    program     static C:\Users\Xusniddin\Desktop\mplab\PiBtNew.X\PiBtNew.asm
                    krug1   0x00008b    program     static C:\Users\Xusniddin\Desktop\mplab\PiBtNew.X\PiBtNew.asm
                    krug2   0x000099    program     static C:\Users\Xusniddin\Desktop\mplab\PiBtNew.X\PiBtNew.asm
                     loop   0x00002f    program     static C:\Users\Xusniddin\Desktop\mplab\PiBtNew.X\PiBtNew.asm
                metka1000   0x0001dc    program     static C:\Users\Xusniddin\Desktop\mplab\PiBtNew.X\PiBtNew.asm
              metka101000   0x0001da    program     static C:\Users\Xusniddin\Desktop\mplab\PiBtNew.X\PiBtNew.asm
            metka10101000   0x0001d8    program     static C:\Users\Xusniddin\Desktop\mplab\PiBtNew.X\PiBtNew.asm
          metka1010101000   0x0001d6    program     static C:\Users\Xusniddin\Desktop\mplab\PiBtNew.X\PiBtNew.asm
        metka101010101000   0x0001d4    program     static C:\Users\Xusniddin\Desktop\mplab\PiBtNew.X\PiBtNew.asm
      metka10101010101000   0x0001d2    program     static C:\Users\Xusniddin\Desktop\mplab\PiBtNew.X\PiBtNew.asm
    metka1010101010101000   0x0001d0    program     static C:\Users\Xusniddin\Desktop\mplab\PiBtNew.X\PiBtNew.asm
  metka101010101010101000   0x0001ce    program     static C:\Users\Xusniddin\Desktop\mplab\PiBtNew.X\PiBtNew.asm
                    power   0x000055    program     static C:\Users\Xusniddin\Desktop\mplab\PiBtNew.X\PiBtNew.asm
             poweruderjat   0x000091    program     static C:\Users\Xusniddin\Desktop\mplab\PiBtNew.X\PiBtNew.asm
                    qizil   0x00005f    program     static C:\Users\Xusniddin\Desktop\mplab\PiBtNew.X\PiBtNew.asm
             qiziluderjat   0x000075    program     static C:\Users\Xusniddin\Desktop\mplab\PiBtNew.X\PiBtNew.asm
                 volumpas   0x000069    program     static C:\Users\Xusniddin\Desktop\mplab\PiBtNew.X\PiBtNew.asm
                volumtepa   0x000064    program     static C:\Users\Xusniddin\Desktop\mplab\PiBtNew.X\PiBtNew.asm
                    yarmi   0x0001a3    program     static C:\Users\Xusniddin\Desktop\mplab\PiBtNew.X\PiBtNew.asm
                   yashil   0x00005a    program     static C:\Users\Xusniddin\Desktop\mplab\PiBtNew.X\PiBtNew.asm
            yashiluderjat   0x000083    program     static C:\Users\Xusniddin\Desktop\mplab\PiBtNew.X\PiBtNew.asm



                              Symbols - Sorted by Address
                     Name    Address   Location    Storage File                     
                ---------  ---------  ---------  --------- ---------                
                     Init   0x000001    program     static C:\Users\Xusniddin\Desktop\mplab\PiBtNew.X\PiBtNew.asm
                 Mainloop   0x00002b    program     static C:\Users\Xusniddin\Desktop\mplab\PiBtNew.X\PiBtNew.asm
                 UMessen1   0x00002e    program     static C:\Users\Xusniddin\Desktop\mplab\PiBtNew.X\PiBtNew.asm
                     loop   0x00002f    program     static C:\Users\Xusniddin\Desktop\mplab\PiBtNew.X\PiBtNew.asm
             _.org_0_003C   0x00003c    program     static C:\Users\Xusniddin\Desktop\mplab\PiBtNew.X\PiBtNew.asm
             _.org_0_003E   0x00003e    program     static C:\Users\Xusniddin\Desktop\mplab\PiBtNew.X\PiBtNew.asm
                      LED   0x000040    program     static C:\Users\Xusniddin\Desktop\mplab\PiBtNew.X\PiBtNew.asm
                    power   0x000055    program     static C:\Users\Xusniddin\Desktop\mplab\PiBtNew.X\PiBtNew.asm
                   yashil   0x00005a    program     static C:\Users\Xusniddin\Desktop\mplab\PiBtNew.X\PiBtNew.asm
                    qizil   0x00005f    program     static C:\Users\Xusniddin\Desktop\mplab\PiBtNew.X\PiBtNew.asm
                volumtepa   0x000064    program     static C:\Users\Xusniddin\Desktop\mplab\PiBtNew.X\PiBtNew.asm
                 volumpas   0x000069    program     static C:\Users\Xusniddin\Desktop\mplab\PiBtNew.X\PiBtNew.asm
                Big_delay   0x00006e    program     static C:\Users\Xusniddin\Desktop\mplab\PiBtNew.X\PiBtNew.asm
                BD_Loop94   0x000070    program     static C:\Users\Xusniddin\Desktop\mplab\PiBtNew.X\PiBtNew.asm
             qiziluderjat   0x000075    program     static C:\Users\Xusniddin\Desktop\mplab\PiBtNew.X\PiBtNew.asm
                     krug   0x00007d    program     static C:\Users\Xusniddin\Desktop\mplab\PiBtNew.X\PiBtNew.asm
            yashiluderjat   0x000083    program     static C:\Users\Xusniddin\Desktop\mplab\PiBtNew.X\PiBtNew.asm
                    krug1   0x00008b    program     static C:\Users\Xusniddin\Desktop\mplab\PiBtNew.X\PiBtNew.asm
             poweruderjat   0x000091    program     static C:\Users\Xusniddin\Desktop\mplab\PiBtNew.X\PiBtNew.asm
                    krug2   0x000099    program     static C:\Users\Xusniddin\Desktop\mplab\PiBtNew.X\PiBtNew.asm
             cmstrelkapas   0x00009f    program     static C:\Users\Xusniddin\Desktop\mplab\PiBtNew.X\PiBtNew.asm
                  cmqizil   0x0000af    program     static C:\Users\Xusniddin\Desktop\mplab\PiBtNew.X\PiBtNew.asm
                   cmmute   0x0000c8    program     static C:\Users\Xusniddin\Desktop\mplab\PiBtNew.X\PiBtNew.asm
                 cmyashil   0x0000e0    program     static C:\Users\Xusniddin\Desktop\mplab\PiBtNew.X\PiBtNew.asm
                  cmpause   0x0000f9    program     static C:\Users\Xusniddin\Desktop\mplab\PiBtNew.X\PiBtNew.asm
                  cmpower   0x000109    program     static C:\Users\Xusniddin\Desktop\mplab\PiBtNew.X\PiBtNew.asm
              cmequalizer   0x000119    program     static C:\Users\Xusniddin\Desktop\mplab\PiBtNew.X\PiBtNew.asm
            cmstrelkachap   0x000153    program     static C:\Users\Xusniddin\Desktop\mplab\PiBtNew.X\PiBtNew.asm
              cmstrelkaon   0x000163    program     static C:\Users\Xusniddin\Desktop\mplab\PiBtNew.X\PiBtNew.asm
               cmvolumpas   0x000173    program     static C:\Users\Xusniddin\Desktop\mplab\PiBtNew.X\PiBtNew.asm
              cmvolumtepa   0x000183    program     static C:\Users\Xusniddin\Desktop\mplab\PiBtNew.X\PiBtNew.asm
            cmstrelkatepa   0x000193    program     static C:\Users\Xusniddin\Desktop\mplab\PiBtNew.X\PiBtNew.asm
                    yarmi   0x0001a3    program     static C:\Users\Xusniddin\Desktop\mplab\PiBtNew.X\PiBtNew.asm
                       bt   0x0001ac    program     static C:\Users\Xusniddin\Desktop\mplab\PiBtNew.X\PiBtNew.asm
                  cmmute1   0x0001be    program     static C:\Users\Xusniddin\Desktop\mplab\PiBtNew.X\PiBtNew.asm
  metka101010101010101000   0x0001ce    program     static C:\Users\Xusniddin\Desktop\mplab\PiBtNew.X\PiBtNew.asm
    metka1010101010101000   0x0001d0    program     static C:\Users\Xusniddin\Desktop\mplab\PiBtNew.X\PiBtNew.asm
      metka10101010101000   0x0001d2    program     static C:\Users\Xusniddin\Desktop\mplab\PiBtNew.X\PiBtNew.asm
        metka101010101000   0x0001d4    program     static C:\Users\Xusniddin\Desktop\mplab\PiBtNew.X\PiBtNew.asm
          metka1010101000   0x0001d6    program     static C:\Users\Xusniddin\Desktop\mplab\PiBtNew.X\PiBtNew.asm
            metka10101000   0x0001d8    program     static C:\Users\Xusniddin\Desktop\mplab\PiBtNew.X\PiBtNew.asm
              metka101000   0x0001da    program     static C:\Users\Xusniddin\Desktop\mplab\PiBtNew.X\PiBtNew.asm
                metka1000   0x0001dc    program     static C:\Users\Xusniddin\Desktop\mplab\PiBtNew.X\PiBtNew.asm
                   Send_1   0x0001e1    program     static C:\Users\Xusniddin\Desktop\mplab\PiBtNew.X\PiBtNew.asm
               Send1_Loop   0x0001e3    program     static C:\Users\Xusniddin\Desktop\mplab\PiBtNew.X\PiBtNew.asm
                   Send_0   0x0001fe    program     static C:\Users\Xusniddin\Desktop\mplab\PiBtNew.X\PiBtNew.asm
               Send0_Loop   0x000200    program     static C:\Users\Xusniddin\Desktop\mplab\PiBtNew.X\PiBtNew.asm
                delayy9ms   0x00021b    program     static C:\Users\Xusniddin\Desktop\mplab\PiBtNew.X\PiBtNew.asm
              Send0_Loopp   0x00021d    program     static C:\Users\Xusniddin\Desktop\mplab\PiBtNew.X\PiBtNew.asm
             Send0_Loopp1   0x000239    program     static C:\Users\Xusniddin\Desktop\mplab\PiBtNew.X\PiBtNew.asm
              delayy4.5ms   0x000254    program     static C:\Users\Xusniddin\Desktop\mplab\PiBtNew.X\PiBtNew.asm
             _.org_0_0259   0x000259    program     static C:\Users\Xusniddin\Desktop\mplab\PiBtNew.X\PiBtNew.asm
             _.org_0_025B   0x00025b    program     static C:\Users\Xusniddin\Desktop\mplab\PiBtNew.X\PiBtNew.asm
               delay250ms   0x00025d    program     static C:\Users\Xusniddin\Desktop\mplab\PiBtNew.X\PiBtNew.asm
             _.org_0_0264   0x000264    program     static C:\Users\Xusniddin\Desktop\mplab\PiBtNew.X\PiBtNew.asm
             _.org_0_0266   0x000266    program     static C:\Users\Xusniddin\Desktop\mplab\PiBtNew.X\PiBtNew.asm
             _.org_0_0268   0x000268    program     static C:\Users\Xusniddin\Desktop\mplab\PiBtNew.X\PiBtNew.asm


