MPLINK 5.09, LINKER
Linker Map File - Created Thu Apr 16 16:51:04 2020

                                 Section Info
                  Section       Type    Address   Location Size(Bytes)
                ---------  ---------  ---------  ---------  ---------
                   .org_0       code   0x000000    program   0x00050a
                   .cinit    romdata   0x000285    program   0x000004
.config_2007_BUILD/DEFAULT/PRODUCTION/PICRBT_       code   0x002007    program   0x000002



                              Program Memory Usage 
                               Start         End      
                           ---------   ---------      
                            0x000000    0x000286      
                            0x002007    0x002007      
            648 out of 1158 program addresses used, program memory utilization is 55%



                              Symbols - Sorted by Name
                     Name    Address   Location    Storage File                     
                ---------  ---------  ---------  --------- ---------                
                BD_Loop94   0x0000a6    program     static C:\Users\Xusniddin\Desktop\mplab\PiCrBt_Botir.X\PiCrBt_Botir.asm
                Big_delay   0x0000a4    program     static C:\Users\Xusniddin\Desktop\mplab\PiCrBt_Botir.X\PiCrBt_Botir.asm
                     Init   0x000001    program     static C:\Users\Xusniddin\Desktop\mplab\PiCrBt_Botir.X\PiCrBt_Botir.asm
                      LED   0x000052    program     static C:\Users\Xusniddin\Desktop\mplab\PiCrBt_Botir.X\PiCrBt_Botir.asm
                 Mainloop   0x00003b    program     static C:\Users\Xusniddin\Desktop\mplab\PiCrBt_Botir.X\PiCrBt_Botir.asm
               Send0_Loop   0x00020f    program     static C:\Users\Xusniddin\Desktop\mplab\PiCrBt_Botir.X\PiCrBt_Botir.asm
              Send0_Loopp   0x00022c    program     static C:\Users\Xusniddin\Desktop\mplab\PiCrBt_Botir.X\PiCrBt_Botir.asm
             Send0_Loopp1   0x000248    program     static C:\Users\Xusniddin\Desktop\mplab\PiCrBt_Botir.X\PiCrBt_Botir.asm
               Send1_Loop   0x0001f2    program     static C:\Users\Xusniddin\Desktop\mplab\PiCrBt_Botir.X\PiCrBt_Botir.asm
                   Send_0   0x00020d    program     static C:\Users\Xusniddin\Desktop\mplab\PiCrBt_Botir.X\PiCrBt_Botir.asm
                   Send_1   0x0001f0    program     static C:\Users\Xusniddin\Desktop\mplab\PiCrBt_Botir.X\PiCrBt_Botir.asm
                 UMessen1   0x00003e    program     static C:\Users\Xusniddin\Desktop\mplab\PiCrBt_Botir.X\PiCrBt_Botir.asm
             _.org_0_004C   0x00004c    program     static C:\Users\Xusniddin\Desktop\mplab\PiCrBt_Botir.X\PiCrBt_Botir.asm
             _.org_0_004E   0x00004e    program     static C:\Users\Xusniddin\Desktop\mplab\PiCrBt_Botir.X\PiCrBt_Botir.asm
             _.org_0_0268   0x000268    program     static C:\Users\Xusniddin\Desktop\mplab\PiCrBt_Botir.X\PiCrBt_Botir.asm
             _.org_0_026A   0x00026a    program     static C:\Users\Xusniddin\Desktop\mplab\PiCrBt_Botir.X\PiCrBt_Botir.asm
             _.org_0_0273   0x000273    program     static C:\Users\Xusniddin\Desktop\mplab\PiCrBt_Botir.X\PiCrBt_Botir.asm
             _.org_0_0275   0x000275    program     static C:\Users\Xusniddin\Desktop\mplab\PiCrBt_Botir.X\PiCrBt_Botir.asm
             _.org_0_0277   0x000277    program     static C:\Users\Xusniddin\Desktop\mplab\PiCrBt_Botir.X\PiCrBt_Botir.asm
             _.org_0_0280   0x000280    program     static C:\Users\Xusniddin\Desktop\mplab\PiCrBt_Botir.X\PiCrBt_Botir.asm
             _.org_0_0282   0x000282    program     static C:\Users\Xusniddin\Desktop\mplab\PiCrBt_Botir.X\PiCrBt_Botir.asm
                       bt   0x0001bb    program     static C:\Users\Xusniddin\Desktop\mplab\PiCrBt_Botir.X\PiCrBt_Botir.asm
                    cmatt   0x0000ed    program     static C:\Users\Xusniddin\Desktop\mplab\PiCrBt_Botir.X\PiCrBt_Botir.asm
                   cmmute   0x0000d7    program     static C:\Users\Xusniddin\Desktop\mplab\PiCrBt_Botir.X\PiCrBt_Botir.asm
                  cmmute1   0x0001cd    program     static C:\Users\Xusniddin\Desktop\mplab\PiCrBt_Botir.X\PiCrBt_Botir.asm
                  cmpause   0x000150    program     static C:\Users\Xusniddin\Desktop\mplab\PiCrBt_Botir.X\PiCrBt_Botir.asm
                  cmpower   0x00015e    program     static C:\Users\Xusniddin\Desktop\mplab\PiCrBt_Botir.X\PiCrBt_Botir.asm
                  cmqizil   0x0000c1    program     static C:\Users\Xusniddin\Desktop\mplab\PiCrBt_Botir.X\PiCrBt_Botir.asm
            cmstrelkachap   0x00016c    program     static C:\Users\Xusniddin\Desktop\mplab\PiCrBt_Botir.X\PiCrBt_Botir.asm
              cmstrelkaon   0x00017a    program     static C:\Users\Xusniddin\Desktop\mplab\PiCrBt_Botir.X\PiCrBt_Botir.asm
             cmstrelkapas   0x0000b3    program     static C:\Users\Xusniddin\Desktop\mplab\PiCrBt_Botir.X\PiCrBt_Botir.asm
            cmstrelkatepa   0x0001a4    program     static C:\Users\Xusniddin\Desktop\mplab\PiCrBt_Botir.X\PiCrBt_Botir.asm
               cmvolumpas   0x000188    program     static C:\Users\Xusniddin\Desktop\mplab\PiCrBt_Botir.X\PiCrBt_Botir.asm
              cmvolumtepa   0x000196    program     static C:\Users\Xusniddin\Desktop\mplab\PiCrBt_Botir.X\PiCrBt_Botir.asm
                 cmyashil   0x000125    program     static C:\Users\Xusniddin\Desktop\mplab\PiCrBt_Botir.X\PiCrBt_Botir.asm
               delay250ms   0x00026c    program     static C:\Users\Xusniddin\Desktop\mplab\PiCrBt_Botir.X\PiCrBt_Botir.asm
                delay29ms   0x00027b    program     static C:\Users\Xusniddin\Desktop\mplab\PiCrBt_Botir.X\PiCrBt_Botir.asm
              delayy4.5ms   0x000263    program     static C:\Users\Xusniddin\Desktop\mplab\PiCrBt_Botir.X\PiCrBt_Botir.asm
                delayy9ms   0x00022a    program     static C:\Users\Xusniddin\Desktop\mplab\PiCrBt_Botir.X\PiCrBt_Botir.asm
                     loop   0x00003f    program     static C:\Users\Xusniddin\Desktop\mplab\PiCrBt_Botir.X\PiCrBt_Botir.asm
                metka1000   0x0001eb    program     static C:\Users\Xusniddin\Desktop\mplab\PiCrBt_Botir.X\PiCrBt_Botir.asm
              metka101000   0x0001e9    program     static C:\Users\Xusniddin\Desktop\mplab\PiCrBt_Botir.X\PiCrBt_Botir.asm
            metka10101000   0x0001e7    program     static C:\Users\Xusniddin\Desktop\mplab\PiCrBt_Botir.X\PiCrBt_Botir.asm
          metka1010101000   0x0001e5    program     static C:\Users\Xusniddin\Desktop\mplab\PiCrBt_Botir.X\PiCrBt_Botir.asm
        metka101010101000   0x0001e3    program     static C:\Users\Xusniddin\Desktop\mplab\PiCrBt_Botir.X\PiCrBt_Botir.asm
      metka10101010101000   0x0001e1    program     static C:\Users\Xusniddin\Desktop\mplab\PiCrBt_Botir.X\PiCrBt_Botir.asm
    metka1010101010101000   0x0001df    program     static C:\Users\Xusniddin\Desktop\mplab\PiCrBt_Botir.X\PiCrBt_Botir.asm
  metka101010101010101000   0x0001dd    program     static C:\Users\Xusniddin\Desktop\mplab\PiCrBt_Botir.X\PiCrBt_Botir.asm
                   metka2   0x00013b    program     static C:\Users\Xusniddin\Desktop\mplab\PiCrBt_Botir.X\PiCrBt_Botir.asm
                    power   0x000086    program     static C:\Users\Xusniddin\Desktop\mplab\PiCrBt_Botir.X\PiCrBt_Botir.asm
                    qizil   0x00007c    program     static C:\Users\Xusniddin\Desktop\mplab\PiCrBt_Botir.X\PiCrBt_Botir.asm
             qiziluderjat   0x0000ab    program     static C:\Users\Xusniddin\Desktop\mplab\PiCrBt_Botir.X\PiCrBt_Botir.asm
              strelkachap   0x00008b    program     static C:\Users\Xusniddin\Desktop\mplab\PiCrBt_Botir.X\PiCrBt_Botir.asm
                strelkaon   0x000090    program     static C:\Users\Xusniddin\Desktop\mplab\PiCrBt_Botir.X\PiCrBt_Botir.asm
               strelkapas   0x000077    program     static C:\Users\Xusniddin\Desktop\mplab\PiCrBt_Botir.X\PiCrBt_Botir.asm
              strelkatepa   0x00009f    program     static C:\Users\Xusniddin\Desktop\mplab\PiCrBt_Botir.X\PiCrBt_Botir.asm
                 volumpas   0x000095    program     static C:\Users\Xusniddin\Desktop\mplab\PiCrBt_Botir.X\PiCrBt_Botir.asm
                volumtepa   0x00009a    program     static C:\Users\Xusniddin\Desktop\mplab\PiCrBt_Botir.X\PiCrBt_Botir.asm
                    yarmi   0x0001b2    program     static C:\Users\Xusniddin\Desktop\mplab\PiCrBt_Botir.X\PiCrBt_Botir.asm
                   yashil   0x000081    program     static C:\Users\Xusniddin\Desktop\mplab\PiCrBt_Botir.X\PiCrBt_Botir.asm
            yashiluderjat   0x0000af    program     static C:\Users\Xusniddin\Desktop\mplab\PiCrBt_Botir.X\PiCrBt_Botir.asm



                              Symbols - Sorted by Address
                     Name    Address   Location    Storage File                     
                ---------  ---------  ---------  --------- ---------                
                     Init   0x000001    program     static C:\Users\Xusniddin\Desktop\mplab\PiCrBt_Botir.X\PiCrBt_Botir.asm
                 Mainloop   0x00003b    program     static C:\Users\Xusniddin\Desktop\mplab\PiCrBt_Botir.X\PiCrBt_Botir.asm
                 UMessen1   0x00003e    program     static C:\Users\Xusniddin\Desktop\mplab\PiCrBt_Botir.X\PiCrBt_Botir.asm
                     loop   0x00003f    program     static C:\Users\Xusniddin\Desktop\mplab\PiCrBt_Botir.X\PiCrBt_Botir.asm
             _.org_0_004C   0x00004c    program     static C:\Users\Xusniddin\Desktop\mplab\PiCrBt_Botir.X\PiCrBt_Botir.asm
             _.org_0_004E   0x00004e    program     static C:\Users\Xusniddin\Desktop\mplab\PiCrBt_Botir.X\PiCrBt_Botir.asm
                      LED   0x000052    program     static C:\Users\Xusniddin\Desktop\mplab\PiCrBt_Botir.X\PiCrBt_Botir.asm
               strelkapas   0x000077    program     static C:\Users\Xusniddin\Desktop\mplab\PiCrBt_Botir.X\PiCrBt_Botir.asm
                    qizil   0x00007c    program     static C:\Users\Xusniddin\Desktop\mplab\PiCrBt_Botir.X\PiCrBt_Botir.asm
                   yashil   0x000081    program     static C:\Users\Xusniddin\Desktop\mplab\PiCrBt_Botir.X\PiCrBt_Botir.asm
                    power   0x000086    program     static C:\Users\Xusniddin\Desktop\mplab\PiCrBt_Botir.X\PiCrBt_Botir.asm
              strelkachap   0x00008b    program     static C:\Users\Xusniddin\Desktop\mplab\PiCrBt_Botir.X\PiCrBt_Botir.asm
                strelkaon   0x000090    program     static C:\Users\Xusniddin\Desktop\mplab\PiCrBt_Botir.X\PiCrBt_Botir.asm
                 volumpas   0x000095    program     static C:\Users\Xusniddin\Desktop\mplab\PiCrBt_Botir.X\PiCrBt_Botir.asm
                volumtepa   0x00009a    program     static C:\Users\Xusniddin\Desktop\mplab\PiCrBt_Botir.X\PiCrBt_Botir.asm
              strelkatepa   0x00009f    program     static C:\Users\Xusniddin\Desktop\mplab\PiCrBt_Botir.X\PiCrBt_Botir.asm
                Big_delay   0x0000a4    program     static C:\Users\Xusniddin\Desktop\mplab\PiCrBt_Botir.X\PiCrBt_Botir.asm
                BD_Loop94   0x0000a6    program     static C:\Users\Xusniddin\Desktop\mplab\PiCrBt_Botir.X\PiCrBt_Botir.asm
             qiziluderjat   0x0000ab    program     static C:\Users\Xusniddin\Desktop\mplab\PiCrBt_Botir.X\PiCrBt_Botir.asm
            yashiluderjat   0x0000af    program     static C:\Users\Xusniddin\Desktop\mplab\PiCrBt_Botir.X\PiCrBt_Botir.asm
             cmstrelkapas   0x0000b3    program     static C:\Users\Xusniddin\Desktop\mplab\PiCrBt_Botir.X\PiCrBt_Botir.asm
                  cmqizil   0x0000c1    program     static C:\Users\Xusniddin\Desktop\mplab\PiCrBt_Botir.X\PiCrBt_Botir.asm
                   cmmute   0x0000d7    program     static C:\Users\Xusniddin\Desktop\mplab\PiCrBt_Botir.X\PiCrBt_Botir.asm
                    cmatt   0x0000ed    program     static C:\Users\Xusniddin\Desktop\mplab\PiCrBt_Botir.X\PiCrBt_Botir.asm
                 cmyashil   0x000125    program     static C:\Users\Xusniddin\Desktop\mplab\PiCrBt_Botir.X\PiCrBt_Botir.asm
                   metka2   0x00013b    program     static C:\Users\Xusniddin\Desktop\mplab\PiCrBt_Botir.X\PiCrBt_Botir.asm
                  cmpause   0x000150    program     static C:\Users\Xusniddin\Desktop\mplab\PiCrBt_Botir.X\PiCrBt_Botir.asm
                  cmpower   0x00015e    program     static C:\Users\Xusniddin\Desktop\mplab\PiCrBt_Botir.X\PiCrBt_Botir.asm
            cmstrelkachap   0x00016c    program     static C:\Users\Xusniddin\Desktop\mplab\PiCrBt_Botir.X\PiCrBt_Botir.asm
              cmstrelkaon   0x00017a    program     static C:\Users\Xusniddin\Desktop\mplab\PiCrBt_Botir.X\PiCrBt_Botir.asm
               cmvolumpas   0x000188    program     static C:\Users\Xusniddin\Desktop\mplab\PiCrBt_Botir.X\PiCrBt_Botir.asm
              cmvolumtepa   0x000196    program     static C:\Users\Xusniddin\Desktop\mplab\PiCrBt_Botir.X\PiCrBt_Botir.asm
            cmstrelkatepa   0x0001a4    program     static C:\Users\Xusniddin\Desktop\mplab\PiCrBt_Botir.X\PiCrBt_Botir.asm
                    yarmi   0x0001b2    program     static C:\Users\Xusniddin\Desktop\mplab\PiCrBt_Botir.X\PiCrBt_Botir.asm
                       bt   0x0001bb    program     static C:\Users\Xusniddin\Desktop\mplab\PiCrBt_Botir.X\PiCrBt_Botir.asm
                  cmmute1   0x0001cd    program     static C:\Users\Xusniddin\Desktop\mplab\PiCrBt_Botir.X\PiCrBt_Botir.asm
  metka101010101010101000   0x0001dd    program     static C:\Users\Xusniddin\Desktop\mplab\PiCrBt_Botir.X\PiCrBt_Botir.asm
    metka1010101010101000   0x0001df    program     static C:\Users\Xusniddin\Desktop\mplab\PiCrBt_Botir.X\PiCrBt_Botir.asm
      metka10101010101000   0x0001e1    program     static C:\Users\Xusniddin\Desktop\mplab\PiCrBt_Botir.X\PiCrBt_Botir.asm
        metka101010101000   0x0001e3    program     static C:\Users\Xusniddin\Desktop\mplab\PiCrBt_Botir.X\PiCrBt_Botir.asm
          metka1010101000   0x0001e5    program     static C:\Users\Xusniddin\Desktop\mplab\PiCrBt_Botir.X\PiCrBt_Botir.asm
            metka10101000   0x0001e7    program     static C:\Users\Xusniddin\Desktop\mplab\PiCrBt_Botir.X\PiCrBt_Botir.asm
              metka101000   0x0001e9    program     static C:\Users\Xusniddin\Desktop\mplab\PiCrBt_Botir.X\PiCrBt_Botir.asm
                metka1000   0x0001eb    program     static C:\Users\Xusniddin\Desktop\mplab\PiCrBt_Botir.X\PiCrBt_Botir.asm
                   Send_1   0x0001f0    program     static C:\Users\Xusniddin\Desktop\mplab\PiCrBt_Botir.X\PiCrBt_Botir.asm
               Send1_Loop   0x0001f2    program     static C:\Users\Xusniddin\Desktop\mplab\PiCrBt_Botir.X\PiCrBt_Botir.asm
                   Send_0   0x00020d    program     static C:\Users\Xusniddin\Desktop\mplab\PiCrBt_Botir.X\PiCrBt_Botir.asm
               Send0_Loop   0x00020f    program     static C:\Users\Xusniddin\Desktop\mplab\PiCrBt_Botir.X\PiCrBt_Botir.asm
                delayy9ms   0x00022a    program     static C:\Users\Xusniddin\Desktop\mplab\PiCrBt_Botir.X\PiCrBt_Botir.asm
              Send0_Loopp   0x00022c    program     static C:\Users\Xusniddin\Desktop\mplab\PiCrBt_Botir.X\PiCrBt_Botir.asm
             Send0_Loopp1   0x000248    program     static C:\Users\Xusniddin\Desktop\mplab\PiCrBt_Botir.X\PiCrBt_Botir.asm
              delayy4.5ms   0x000263    program     static C:\Users\Xusniddin\Desktop\mplab\PiCrBt_Botir.X\PiCrBt_Botir.asm
             _.org_0_0268   0x000268    program     static C:\Users\Xusniddin\Desktop\mplab\PiCrBt_Botir.X\PiCrBt_Botir.asm
             _.org_0_026A   0x00026a    program     static C:\Users\Xusniddin\Desktop\mplab\PiCrBt_Botir.X\PiCrBt_Botir.asm
               delay250ms   0x00026c    program     static C:\Users\Xusniddin\Desktop\mplab\PiCrBt_Botir.X\PiCrBt_Botir.asm
             _.org_0_0273   0x000273    program     static C:\Users\Xusniddin\Desktop\mplab\PiCrBt_Botir.X\PiCrBt_Botir.asm
             _.org_0_0275   0x000275    program     static C:\Users\Xusniddin\Desktop\mplab\PiCrBt_Botir.X\PiCrBt_Botir.asm
             _.org_0_0277   0x000277    program     static C:\Users\Xusniddin\Desktop\mplab\PiCrBt_Botir.X\PiCrBt_Botir.asm
                delay29ms   0x00027b    program     static C:\Users\Xusniddin\Desktop\mplab\PiCrBt_Botir.X\PiCrBt_Botir.asm
             _.org_0_0280   0x000280    program     static C:\Users\Xusniddin\Desktop\mplab\PiCrBt_Botir.X\PiCrBt_Botir.asm
             _.org_0_0282   0x000282    program     static C:\Users\Xusniddin\Desktop\mplab\PiCrBt_Botir.X\PiCrBt_Botir.asm


