MPLINK 5.09, LINKER
Linker Map File - Created Wed Oct 09 17:00:13 2019

                                 Section Info
                  Section       Type    Address   Location Size(Bytes)
                ---------  ---------  ---------  ---------  ---------
                   .org_0       code   0x000000    program   0x0004ce
                   .cinit    romdata   0x000267    program   0x000004
.config_2007_BUILD/DEFAULT/PRODUCTION/KENCRBT       code   0x002007    program   0x000002



                              Program Memory Usage 
                               Start         End      
                           ---------   ---------      
                            0x000000    0x000268      
                            0x002007    0x002007      
            618 out of 1158 program addresses used, program memory utilization is 53%



                              Symbols - Sorted by Name
                     Name    Address   Location    Storage File                     
                ---------  ---------  ---------  --------- ---------                
                BD_Loop94   0x0000a4    program     static C:\Users\Xusniddin\Desktop\mplab\KenCrBtNew.X\KenCrBtNew.asm
                Big_delay   0x0000a2    program     static C:\Users\Xusniddin\Desktop\mplab\KenCrBtNew.X\KenCrBtNew.asm
                     Init   0x000001    program     static C:\Users\Xusniddin\Desktop\mplab\KenCrBtNew.X\KenCrBtNew.asm
                      LED   0x000050    program     static C:\Users\Xusniddin\Desktop\mplab\KenCrBtNew.X\KenCrBtNew.asm
                 Mainloop   0x00003b    program     static C:\Users\Xusniddin\Desktop\mplab\KenCrBtNew.X\KenCrBtNew.asm
               Send0_Loop   0x0001fb    program     static C:\Users\Xusniddin\Desktop\mplab\KenCrBtNew.X\KenCrBtNew.asm
              Send0_Loopp   0x000218    program     static C:\Users\Xusniddin\Desktop\mplab\KenCrBtNew.X\KenCrBtNew.asm
             Send0_Loopp1   0x000234    program     static C:\Users\Xusniddin\Desktop\mplab\KenCrBtNew.X\KenCrBtNew.asm
               Send1_Loop   0x0001de    program     static C:\Users\Xusniddin\Desktop\mplab\KenCrBtNew.X\KenCrBtNew.asm
                   Send_0   0x0001f9    program     static C:\Users\Xusniddin\Desktop\mplab\KenCrBtNew.X\KenCrBtNew.asm
                   Send_1   0x0001dc    program     static C:\Users\Xusniddin\Desktop\mplab\KenCrBtNew.X\KenCrBtNew.asm
                 UMessen1   0x00003e    program     static C:\Users\Xusniddin\Desktop\mplab\KenCrBtNew.X\KenCrBtNew.asm
             _.org_0_004C   0x00004c    program     static C:\Users\Xusniddin\Desktop\mplab\KenCrBtNew.X\KenCrBtNew.asm
             _.org_0_004E   0x00004e    program     static C:\Users\Xusniddin\Desktop\mplab\KenCrBtNew.X\KenCrBtNew.asm
             _.org_0_0254   0x000254    program     static C:\Users\Xusniddin\Desktop\mplab\KenCrBtNew.X\KenCrBtNew.asm
             _.org_0_0256   0x000256    program     static C:\Users\Xusniddin\Desktop\mplab\KenCrBtNew.X\KenCrBtNew.asm
             _.org_0_025F   0x00025f    program     static C:\Users\Xusniddin\Desktop\mplab\KenCrBtNew.X\KenCrBtNew.asm
             _.org_0_0261   0x000261    program     static C:\Users\Xusniddin\Desktop\mplab\KenCrBtNew.X\KenCrBtNew.asm
             _.org_0_0263   0x000263    program     static C:\Users\Xusniddin\Desktop\mplab\KenCrBtNew.X\KenCrBtNew.asm
                       bt   0x0001a7    program     static C:\Users\Xusniddin\Desktop\mplab\KenCrBtNew.X\KenCrBtNew.asm
              cmequalizer   0x00013e    program     static C:\Users\Xusniddin\Desktop\mplab\KenCrBtNew.X\KenCrBtNew.asm
                   cmmute   0x0000f5    program     static C:\Users\Xusniddin\Desktop\mplab\KenCrBtNew.X\KenCrBtNew.asm
                  cmmute1   0x0001b9    program     static C:\Users\Xusniddin\Desktop\mplab\KenCrBtNew.X\KenCrBtNew.asm
                  cmpause   0x00011e    program     static C:\Users\Xusniddin\Desktop\mplab\KenCrBtNew.X\KenCrBtNew.asm
                  cmpower   0x00012e    program     static C:\Users\Xusniddin\Desktop\mplab\KenCrBtNew.X\KenCrBtNew.asm
                  cmqizil   0x0000e3    program     static C:\Users\Xusniddin\Desktop\mplab\KenCrBtNew.X\KenCrBtNew.asm
            cmstrelkachap   0x00014e    program     static C:\Users\Xusniddin\Desktop\mplab\KenCrBtNew.X\KenCrBtNew.asm
              cmstrelkaon   0x00015e    program     static C:\Users\Xusniddin\Desktop\mplab\KenCrBtNew.X\KenCrBtNew.asm
             cmstrelkapas   0x0000d3    program     static C:\Users\Xusniddin\Desktop\mplab\KenCrBtNew.X\KenCrBtNew.asm
            cmstrelkatepa   0x00018e    program     static C:\Users\Xusniddin\Desktop\mplab\KenCrBtNew.X\KenCrBtNew.asm
               cmvolumpas   0x00016e    program     static C:\Users\Xusniddin\Desktop\mplab\KenCrBtNew.X\KenCrBtNew.asm
              cmvolumtepa   0x00017e    program     static C:\Users\Xusniddin\Desktop\mplab\KenCrBtNew.X\KenCrBtNew.asm
                 cmyashil   0x00010c    program     static C:\Users\Xusniddin\Desktop\mplab\KenCrBtNew.X\KenCrBtNew.asm
               delay250ms   0x000258    program     static C:\Users\Xusniddin\Desktop\mplab\KenCrBtNew.X\KenCrBtNew.asm
              delayy4.5ms   0x00024f    program     static C:\Users\Xusniddin\Desktop\mplab\KenCrBtNew.X\KenCrBtNew.asm
                delayy9ms   0x000216    program     static C:\Users\Xusniddin\Desktop\mplab\KenCrBtNew.X\KenCrBtNew.asm
                     krug   0x0000b1    program     static C:\Users\Xusniddin\Desktop\mplab\KenCrBtNew.X\KenCrBtNew.asm
                    krug1   0x0000bf    program     static C:\Users\Xusniddin\Desktop\mplab\KenCrBtNew.X\KenCrBtNew.asm
                    krug2   0x0000cd    program     static C:\Users\Xusniddin\Desktop\mplab\KenCrBtNew.X\KenCrBtNew.asm
                     loop   0x00003f    program     static C:\Users\Xusniddin\Desktop\mplab\KenCrBtNew.X\KenCrBtNew.asm
                metka1000   0x0001d7    program     static C:\Users\Xusniddin\Desktop\mplab\KenCrBtNew.X\KenCrBtNew.asm
              metka101000   0x0001d5    program     static C:\Users\Xusniddin\Desktop\mplab\KenCrBtNew.X\KenCrBtNew.asm
            metka10101000   0x0001d3    program     static C:\Users\Xusniddin\Desktop\mplab\KenCrBtNew.X\KenCrBtNew.asm
          metka1010101000   0x0001d1    program     static C:\Users\Xusniddin\Desktop\mplab\KenCrBtNew.X\KenCrBtNew.asm
        metka101010101000   0x0001cf    program     static C:\Users\Xusniddin\Desktop\mplab\KenCrBtNew.X\KenCrBtNew.asm
      metka10101010101000   0x0001cd    program     static C:\Users\Xusniddin\Desktop\mplab\KenCrBtNew.X\KenCrBtNew.asm
    metka1010101010101000   0x0001cb    program     static C:\Users\Xusniddin\Desktop\mplab\KenCrBtNew.X\KenCrBtNew.asm
  metka101010101010101000   0x0001c9    program     static C:\Users\Xusniddin\Desktop\mplab\KenCrBtNew.X\KenCrBtNew.asm
                    power   0x000084    program     static C:\Users\Xusniddin\Desktop\mplab\KenCrBtNew.X\KenCrBtNew.asm
             poweruderjat   0x0000c5    program     static C:\Users\Xusniddin\Desktop\mplab\KenCrBtNew.X\KenCrBtNew.asm
                    qizil   0x00007a    program     static C:\Users\Xusniddin\Desktop\mplab\KenCrBtNew.X\KenCrBtNew.asm
             qiziluderjat   0x0000a9    program     static C:\Users\Xusniddin\Desktop\mplab\KenCrBtNew.X\KenCrBtNew.asm
              strelkachap   0x000089    program     static C:\Users\Xusniddin\Desktop\mplab\KenCrBtNew.X\KenCrBtNew.asm
                strelkaon   0x00008e    program     static C:\Users\Xusniddin\Desktop\mplab\KenCrBtNew.X\KenCrBtNew.asm
               strelkapas   0x000075    program     static C:\Users\Xusniddin\Desktop\mplab\KenCrBtNew.X\KenCrBtNew.asm
              strelkatepa   0x00009d    program     static C:\Users\Xusniddin\Desktop\mplab\KenCrBtNew.X\KenCrBtNew.asm
                 volumpas   0x000093    program     static C:\Users\Xusniddin\Desktop\mplab\KenCrBtNew.X\KenCrBtNew.asm
                volumtepa   0x000098    program     static C:\Users\Xusniddin\Desktop\mplab\KenCrBtNew.X\KenCrBtNew.asm
                    yarmi   0x00019e    program     static C:\Users\Xusniddin\Desktop\mplab\KenCrBtNew.X\KenCrBtNew.asm
                   yashil   0x00007f    program     static C:\Users\Xusniddin\Desktop\mplab\KenCrBtNew.X\KenCrBtNew.asm
            yashiluderjat   0x0000b7    program     static C:\Users\Xusniddin\Desktop\mplab\KenCrBtNew.X\KenCrBtNew.asm



                              Symbols - Sorted by Address
                     Name    Address   Location    Storage File                     
                ---------  ---------  ---------  --------- ---------                
                     Init   0x000001    program     static C:\Users\Xusniddin\Desktop\mplab\KenCrBtNew.X\KenCrBtNew.asm
                 Mainloop   0x00003b    program     static C:\Users\Xusniddin\Desktop\mplab\KenCrBtNew.X\KenCrBtNew.asm
                 UMessen1   0x00003e    program     static C:\Users\Xusniddin\Desktop\mplab\KenCrBtNew.X\KenCrBtNew.asm
                     loop   0x00003f    program     static C:\Users\Xusniddin\Desktop\mplab\KenCrBtNew.X\KenCrBtNew.asm
             _.org_0_004C   0x00004c    program     static C:\Users\Xusniddin\Desktop\mplab\KenCrBtNew.X\KenCrBtNew.asm
             _.org_0_004E   0x00004e    program     static C:\Users\Xusniddin\Desktop\mplab\KenCrBtNew.X\KenCrBtNew.asm
                      LED   0x000050    program     static C:\Users\Xusniddin\Desktop\mplab\KenCrBtNew.X\KenCrBtNew.asm
               strelkapas   0x000075    program     static C:\Users\Xusniddin\Desktop\mplab\KenCrBtNew.X\KenCrBtNew.asm
                    qizil   0x00007a    program     static C:\Users\Xusniddin\Desktop\mplab\KenCrBtNew.X\KenCrBtNew.asm
                   yashil   0x00007f    program     static C:\Users\Xusniddin\Desktop\mplab\KenCrBtNew.X\KenCrBtNew.asm
                    power   0x000084    program     static C:\Users\Xusniddin\Desktop\mplab\KenCrBtNew.X\KenCrBtNew.asm
              strelkachap   0x000089    program     static C:\Users\Xusniddin\Desktop\mplab\KenCrBtNew.X\KenCrBtNew.asm
                strelkaon   0x00008e    program     static C:\Users\Xusniddin\Desktop\mplab\KenCrBtNew.X\KenCrBtNew.asm
                 volumpas   0x000093    program     static C:\Users\Xusniddin\Desktop\mplab\KenCrBtNew.X\KenCrBtNew.asm
                volumtepa   0x000098    program     static C:\Users\Xusniddin\Desktop\mplab\KenCrBtNew.X\KenCrBtNew.asm
              strelkatepa   0x00009d    program     static C:\Users\Xusniddin\Desktop\mplab\KenCrBtNew.X\KenCrBtNew.asm
                Big_delay   0x0000a2    program     static C:\Users\Xusniddin\Desktop\mplab\KenCrBtNew.X\KenCrBtNew.asm
                BD_Loop94   0x0000a4    program     static C:\Users\Xusniddin\Desktop\mplab\KenCrBtNew.X\KenCrBtNew.asm
             qiziluderjat   0x0000a9    program     static C:\Users\Xusniddin\Desktop\mplab\KenCrBtNew.X\KenCrBtNew.asm
                     krug   0x0000b1    program     static C:\Users\Xusniddin\Desktop\mplab\KenCrBtNew.X\KenCrBtNew.asm
            yashiluderjat   0x0000b7    program     static C:\Users\Xusniddin\Desktop\mplab\KenCrBtNew.X\KenCrBtNew.asm
                    krug1   0x0000bf    program     static C:\Users\Xusniddin\Desktop\mplab\KenCrBtNew.X\KenCrBtNew.asm
             poweruderjat   0x0000c5    program     static C:\Users\Xusniddin\Desktop\mplab\KenCrBtNew.X\KenCrBtNew.asm
                    krug2   0x0000cd    program     static C:\Users\Xusniddin\Desktop\mplab\KenCrBtNew.X\KenCrBtNew.asm
             cmstrelkapas   0x0000d3    program     static C:\Users\Xusniddin\Desktop\mplab\KenCrBtNew.X\KenCrBtNew.asm
                  cmqizil   0x0000e3    program     static C:\Users\Xusniddin\Desktop\mplab\KenCrBtNew.X\KenCrBtNew.asm
                   cmmute   0x0000f5    program     static C:\Users\Xusniddin\Desktop\mplab\KenCrBtNew.X\KenCrBtNew.asm
                 cmyashil   0x00010c    program     static C:\Users\Xusniddin\Desktop\mplab\KenCrBtNew.X\KenCrBtNew.asm
                  cmpause   0x00011e    program     static C:\Users\Xusniddin\Desktop\mplab\KenCrBtNew.X\KenCrBtNew.asm
                  cmpower   0x00012e    program     static C:\Users\Xusniddin\Desktop\mplab\KenCrBtNew.X\KenCrBtNew.asm
              cmequalizer   0x00013e    program     static C:\Users\Xusniddin\Desktop\mplab\KenCrBtNew.X\KenCrBtNew.asm
            cmstrelkachap   0x00014e    program     static C:\Users\Xusniddin\Desktop\mplab\KenCrBtNew.X\KenCrBtNew.asm
              cmstrelkaon   0x00015e    program     static C:\Users\Xusniddin\Desktop\mplab\KenCrBtNew.X\KenCrBtNew.asm
               cmvolumpas   0x00016e    program     static C:\Users\Xusniddin\Desktop\mplab\KenCrBtNew.X\KenCrBtNew.asm
              cmvolumtepa   0x00017e    program     static C:\Users\Xusniddin\Desktop\mplab\KenCrBtNew.X\KenCrBtNew.asm
            cmstrelkatepa   0x00018e    program     static C:\Users\Xusniddin\Desktop\mplab\KenCrBtNew.X\KenCrBtNew.asm
                    yarmi   0x00019e    program     static C:\Users\Xusniddin\Desktop\mplab\KenCrBtNew.X\KenCrBtNew.asm
                       bt   0x0001a7    program     static C:\Users\Xusniddin\Desktop\mplab\KenCrBtNew.X\KenCrBtNew.asm
                  cmmute1   0x0001b9    program     static C:\Users\Xusniddin\Desktop\mplab\KenCrBtNew.X\KenCrBtNew.asm
  metka101010101010101000   0x0001c9    program     static C:\Users\Xusniddin\Desktop\mplab\KenCrBtNew.X\KenCrBtNew.asm
    metka1010101010101000   0x0001cb    program     static C:\Users\Xusniddin\Desktop\mplab\KenCrBtNew.X\KenCrBtNew.asm
      metka10101010101000   0x0001cd    program     static C:\Users\Xusniddin\Desktop\mplab\KenCrBtNew.X\KenCrBtNew.asm
        metka101010101000   0x0001cf    program     static C:\Users\Xusniddin\Desktop\mplab\KenCrBtNew.X\KenCrBtNew.asm
          metka1010101000   0x0001d1    program     static C:\Users\Xusniddin\Desktop\mplab\KenCrBtNew.X\KenCrBtNew.asm
            metka10101000   0x0001d3    program     static C:\Users\Xusniddin\Desktop\mplab\KenCrBtNew.X\KenCrBtNew.asm
              metka101000   0x0001d5    program     static C:\Users\Xusniddin\Desktop\mplab\KenCrBtNew.X\KenCrBtNew.asm
                metka1000   0x0001d7    program     static C:\Users\Xusniddin\Desktop\mplab\KenCrBtNew.X\KenCrBtNew.asm
                   Send_1   0x0001dc    program     static C:\Users\Xusniddin\Desktop\mplab\KenCrBtNew.X\KenCrBtNew.asm
               Send1_Loop   0x0001de    program     static C:\Users\Xusniddin\Desktop\mplab\KenCrBtNew.X\KenCrBtNew.asm
                   Send_0   0x0001f9    program     static C:\Users\Xusniddin\Desktop\mplab\KenCrBtNew.X\KenCrBtNew.asm
               Send0_Loop   0x0001fb    program     static C:\Users\Xusniddin\Desktop\mplab\KenCrBtNew.X\KenCrBtNew.asm
                delayy9ms   0x000216    program     static C:\Users\Xusniddin\Desktop\mplab\KenCrBtNew.X\KenCrBtNew.asm
              Send0_Loopp   0x000218    program     static C:\Users\Xusniddin\Desktop\mplab\KenCrBtNew.X\KenCrBtNew.asm
             Send0_Loopp1   0x000234    program     static C:\Users\Xusniddin\Desktop\mplab\KenCrBtNew.X\KenCrBtNew.asm
              delayy4.5ms   0x00024f    program     static C:\Users\Xusniddin\Desktop\mplab\KenCrBtNew.X\KenCrBtNew.asm
             _.org_0_0254   0x000254    program     static C:\Users\Xusniddin\Desktop\mplab\KenCrBtNew.X\KenCrBtNew.asm
             _.org_0_0256   0x000256    program     static C:\Users\Xusniddin\Desktop\mplab\KenCrBtNew.X\KenCrBtNew.asm
               delay250ms   0x000258    program     static C:\Users\Xusniddin\Desktop\mplab\KenCrBtNew.X\KenCrBtNew.asm
             _.org_0_025F   0x00025f    program     static C:\Users\Xusniddin\Desktop\mplab\KenCrBtNew.X\KenCrBtNew.asm
             _.org_0_0261   0x000261    program     static C:\Users\Xusniddin\Desktop\mplab\KenCrBtNew.X\KenCrBtNew.asm
             _.org_0_0263   0x000263    program     static C:\Users\Xusniddin\Desktop\mplab\KenCrBtNew.X\KenCrBtNew.asm


