Microchip MPLAB XC8 Compiler V2.00 ()

Linker command line:

-W-3 --edf=C:\Program Files (x86)\Microchip\xc8\v2.00\pic\dat\en_msgs.txt \
  -cs -h+dist/default/production\Bakavoy_New.X.production.sym \
  --cmf=dist/default/production\Bakavoy_New.X.production.cmf -z -Q12F675 \
  -oC:\Users\User\AppData\Local\Temp\sia8.2 --defsym=__MPLAB_BUILD=1 \
  -Mdist/default/production/Bakavoy_New.X.production.map -E1 -ver=XC8 \
  --acfsm=1493 -ASTACK=037h-05dh -pstack=STACK -ACODE=00h-03FEh \
  -ASTRCODE=00h-03FEh -ASTRING=00h-0FFhx3,0300h-03FEh \
  -ACONST=00h-0FFhx3,0300h-03FEh -AENTRY=00h-0FFhx3,0300h-03FEh \
  -ABANK0=020h-05Dh -ARAM=020h-05Dh -AABS1=020h-05Fh -ACOMMON=05Eh-05Fh \
  -ASFR0=00h-01Fh -ASFR1=080h-0DDh -preset_vec=00h,intentry,init,end_init \
  -ppowerup=CODE -pcinit=CODE -pfunctab=ENTRY -ACONFIG=02007h-02007h \
  -pconfig=CONFIG -DCONFIG=2 -AIDLOC=02000h-02003h -pidloc=IDLOC -DIDLOC=2 \
  -AEEDATA=00h-07Fh/02100h -peeprom_data=EEDATA -DEEDATA=2 -posccal=03FFh \
  -DCODE=2 -DSTRCODE=2 -DSTRING=2 -DCONST=2 -DENTRY=2 -k \
  C:\Users\User\AppData\Local\Temp\sia8.o \
  dist/default/production\Bakavoy_New.X.production.o 

Object code version is 3.11

Machine type is 12F675



                Name                               Link     Load   Length Selector   Space Scale
C:\Users\User\AppData\Local\Temp\sia8.o
                end_init                              0        0        1        0       0
                config                             2007     2007        1     400E       0
dist/default/production\Bakavoy_New.X.production.o
                cinit                               3F5      3F5        A      7EA       0
                text6                               244      244       62      488       0
                text5                               1E3      1E3       15      3C6       0
                text4                               21B      21B       29      436       0
                text3                               1F8      1F8       23      3F0       0
                text2                               1BB      1BB       14      376       0
                text1                               1CF      1CF       14      39E       0
                maintext                            2A6      2A6      14F      54C       0
                cstackBANK0                          20       20       10       20       1
                bssBANK0                             30       30        7       20       1

TOTAL           Name                               Link     Load   Length     Space
        CLASS   STACK          

        CLASS   CODE           
                end_init                              0        0        1         0
                cinit                               3F5      3F5        A         0
                text6                               244      244       62         0
                text5                               1E3      1E3       15         0
                text4                               21B      21B       29         0
                text3                               1F8      1F8       23         0
                text2                               1BB      1BB       14         0
                text1                               1CF      1CF       14         0
                maintext                            2A6      2A6      14F         0

        CLASS   STRCODE        

        CLASS   STRING         

        CLASS   CONST          

        CLASS   ENTRY          

        CLASS   BANK0          
                cstackBANK0                          20       20       10         1
                bssBANK0                             30       30        7         1

        CLASS   RAM            

        CLASS   ABS1           
                abs_s1                               5E       5E        2         1

        CLASS   COMMON         

        CLASS   SFR0           

        CLASS   SFR1           

        CLASS   CONFIG         
                config                             2007     2007        1         0

        CLASS   IDLOC          

        CLASS   EEDATA         

        CLASS   BANK1          



SEGMENTS        Name                           Load    Length   Top    Selector   Space  Class     Delta

                reset_vec                      000000  000001  000001         0       0  CODE        2
                cstackBANK0                    000020  000017  000037        20       1  BANK0       1
                text2                          0001BB  000014  0001CF       376       0  CODE        2
                text1                          0001CF  000014  0001E3       39E       0  CODE        2
                text5                          0001E3  000015  0001F8       3C6       0  CODE        2
                text3                          0001F8  000023  00021B       3F0       0  CODE        2
                text4                          00021B  000029  000244       436       0  CODE        2
                text6                          000244  000062  0002A6       488       0  CODE        2
                maintext                       0002A6  00014F  0003F5       54C       0  CODE        2
                cinit                          0003F5  00000A  0003FF       7EA       0  CODE        2
                config                         002007  000001  002008      400E       0  CONFIG      2


UNUSED ADDRESS RANGES

        Name                Unused          Largest block    Delta
        BANK0            0037-005D             27           1
        CODE             0001-01BA            1BA           2
        CONST            0001-01BA             FF           2
        EEDATA           2100-217F             80           2
        ENTRY            0001-01BA             FF           2
        IDLOC            2000-2003              4           2
        RAM              0037-005D             27           1
        SFR0             0000-001F             20           1
        SFR1             0080-00DD             5E           1
        STACK            0037-005D             27           1
        STRCODE          0001-01BA            1BA           2
        STRING           0001-01BA             FF           2

                                  Symbol Table

?___wmul                 cstackBANK0  0020
WriteEEPROM@adress       cstackBANK0  0022
WriteEEPROM@data         cstackBANK0  0020
_ANSEL                   (abs)        009F
_CMCON                   (abs)        0019
_EEADR                   (abs)        009B
_EECON1bits              (abs)        009C
_EECON2                  (abs)        009D
_EEDATA                  (abs)        009A
_GPIO                    (abs)        0005
_GPIO2                   (abs)        002A
_GPIO3                   (abs)        002B
_GPIObits                (abs)        0005
_OPTION_REG              (abs)        0081
_RD                      (abs)        04E0
_RP0                     (abs)        001D
_ReadEEPROM              text6        0244
_TRISIO                  (abs)        0085
_UpDown                  bssBANK0     0036
_WR                      (abs)        04E1
_WREN                    (abs)        04E2
_WriteEEPROM             text5        01E3
__CFG_BOREN$OFF          (abs)        0000
__CFG_CP$ON              (abs)        0000
__CFG_CPD$ON             (abs)        0000
__CFG_FOSC$INTRCIO       (abs)        0000
__CFG_MCLRE$OFF          (abs)        0000
__CFG_PWRTE$OFF          (abs)        0000
__CFG_WDTE$OFF           (abs)        0000
__Habs1                  abs1         07FE
__Hbank0                 bank0        07FE
__Hbank1                 bank1        07FE
__HbssBANK0              bssBANK0     07FE
__Hcinit                 cinit        03FF
__Hclrtext               clrtext      07FE
__Hcode                  code         07FE
__Hcommon                common       07FE
__Hconfig                config       2008
__HcstackBANK0           cstackBANK0  07FE
__HcstackCOMMON          cstackCOMMON 07FE
__Heeprom_data           eeprom_data  0000
__Hend_init              end_init     0001
__Hfunctab               functab      0000
__Hidloc                 idloc        0000
__Hinit                  init         0000
__Hintentry              intentry     0000
__Hmaintext              maintext     07FE
__Hosccal                osccal       03FF
__Hpowerup               powerup      0000
__Hram                   ram          07FE
__Hreset_vec             reset_vec    0000
__Hsfr0                  sfr0         07FE
__Hsfr1                  sfr1         07FE
__Hspace_0               (abs)        2008
__Hspace_1               (abs)        07FE
__Hspace_2               (abs)        0000
__Hspace_3               (abs)        0000
__Hstack                 stack        0000
__Hstrings               strings      07FE
__Htext                  text         07FE
__Labs1                  abs1         07FE
__Lbank0                 bank0        07FE
__Lbank1                 bank1        07FE
__LbssBANK0              bssBANK0     07FE
__Lcinit                 cinit        03F5
__Lclrtext               clrtext      07FE
__Lcode                  code         07FE
__Lcommon                common       07FE
__Lconfig                config       2007
__LcstackBANK0           cstackBANK0  07FE
__LcstackCOMMON          cstackCOMMON 07FE
__Leeprom_data           eeprom_data  0000
__Lend_init              end_init     0000
__Lfunctab               functab      0000
__Lidloc                 idloc        0000
__Linit                  init         0000
__Lintentry              intentry     0000
__Lmaintext              maintext     07FE
__Losccal                osccal       03FF
__Lpowerup               powerup      0000
__Lram                   ram          07FE
__Lreset_vec             reset_vec    0000
__Lsfr0                  sfr0         07FE
__Lsfr1                  sfr1         07FE
__Lspace_0               (abs)        0000
__Lspace_1               (abs)        0000
__Lspace_2               (abs)        0000
__Lspace_3               (abs)        0000
__Lstack                 stack        0000
__Lstrings               strings      07FE
__Ltext                  text         07FE
__S0                     (abs)        2008
__S1                     (abs)        0037
__S2                     (abs)        0000
__S3                     (abs)        0000
___int_sp                stack        0000
___latbits               (abs)        0000
___osccal_val            osccal       03FF
___sp                    stack        0000
___wmul                  text4        021B
___wmul@multiplicand     cstackBANK0  0022
___wmul@multiplier       cstackBANK0  0020
___wmul@product          cstackBANK0  0024
__end_of_ReadEEPROM      text6        02A6
__end_of_WriteEEPROM     text5        01F8
__end_of___wmul          text4        0244
__end_of__initialization cinit        03FD
__end_of_delay_ms        text3        021B
__end_of_down            text2        01CF
__end_of_main            maintext     03F5
__end_of_up              text1        01E3
__initialization         cinit        03F5
__pbssBANK0              bssBANK0     0030
__pcstackBANK0           cstackBANK0  0020
__pcstackCOMMON          cstackCOMMON 0000
__pmaintext              maintext     02A6
__ptext1                 text1        01CF
__ptext2                 text2        01BB
__ptext3                 text3        01F8
__ptext4                 text4        021B
__ptext5                 text5        01E3
__ptext6                 text6        0244
__size_of_ReadEEPROM     (abs)        0000
__size_of_WriteEEPROM    (abs)        0000
__size_of___wmul         (abs)        0000
__size_of_delay_ms       (abs)        0000
__size_of_down           (abs)        0000
__size_of_main           (abs)        0000
__size_of_up             (abs)        0000
_delay_ms                text3        01F8
_down                    text2        01BB
_i                       bssBANK0     0034
_main                    maintext     02A6
_timesDown               bssBANK0     0030
_timesUp                 bssBANK0     0032
_up                      text1        01CF
btemp                    (abs)        005E
delay_ms@i               cstackBANK0  0029
delay_ms@x               cstackBANK0  0026
down@time                cstackBANK0  002B
end_of_initialization    cinit        03FD
intlevel0                functab      0000
intlevel1                functab      0000
intlevel2                functab      0000
intlevel3                functab      0000
intlevel4                functab      0000
intlevel5                functab      0000
reset_vec                reset_vec    0000
stackhi                  (abs)        0000
stacklo                  (abs)        0000
start                    init         0000
start_initialization     cinit        03F5
up@time                  cstackBANK0  002B
wtemp0                   (abs)        005E


FUNCTION INFORMATION:

 *************** function _main *****************
 Defined at:
		line 74 in file "Bakavoy_New.c"
 Parameters:    Size  Location     Type
		None
 Auto vars:     Size  Location     Type
		None
 Return value:  Size  Location     Type
                  1    wreg      void 
 Registers used:
		wreg, status,2, status,0, pclath, cstack
 Tracked objects:
		On entry : 
		On exit  : 
		Unchanged: 
 Data sizes:     COMMON   BANK0
      Params:         0       0
      Locals:         0       0
      Temps:          0       3
      Totals:         0       3
Total ram usage:        3 bytes
 Hardware stack levels required when called:    2
 This function calls:
		_ReadEEPROM
		_WriteEEPROM
		_down
		_up
 This function is called by:
		Startup code after reset
 This function uses a non-reentrant model


 *************** function _up *****************
 Defined at:
		line 62 in file "Bakavoy_New.c"
 Parameters:    Size  Location     Type
  time            2   11[BANK0 ] int 
 Auto vars:     Size  Location     Type
		None
 Return value:  Size  Location     Type
                  1    wreg      void 
 Registers used:
		wreg, status,2, status,0, pclath, cstack
 Tracked objects:
		On entry : 
		On exit  : 
		Unchanged: 
 Data sizes:     COMMON   BANK0
      Params:         0       2
      Locals:         0       0
      Temps:          0       0
      Totals:         0       2
Total ram usage:        2 bytes
 Hardware stack levels used:    1
 Hardware stack levels required when called:    1
 This function calls:
		___wmul
		_delay_ms
 This function is called by:
		_main
 This function uses a non-reentrant model


 *************** function _down *****************
 Defined at:
		line 68 in file "Bakavoy_New.c"
 Parameters:    Size  Location     Type
  time            2   11[BANK0 ] int 
 Auto vars:     Size  Location     Type
		None
 Return value:  Size  Location     Type
                  1    wreg      void 
 Registers used:
		wreg, status,2, status,0, pclath, cstack
 Tracked objects:
		On entry : 
		On exit  : 
		Unchanged: 
 Data sizes:     COMMON   BANK0
      Params:         0       2
      Locals:         0       0
      Temps:          0       0
      Totals:         0       2
Total ram usage:        2 bytes
 Hardware stack levels used:    1
 Hardware stack levels required when called:    1
 This function calls:
		___wmul
		_delay_ms
 This function is called by:
		_main
 This function uses a non-reentrant model


 *************** function _delay_ms *****************
 Defined at:
		line 17 in file "Bakavoy_New.c"
 Parameters:    Size  Location     Type
  x               2    6[BANK0 ] int 
 Auto vars:     Size  Location     Type
  i               2    9[BANK0 ] int 
 Return value:  Size  Location     Type
                  1    wreg      void 
 Registers used:
		wreg, status,2
 Tracked objects:
		On entry : 
		On exit  : 
		Unchanged: 
 Data sizes:     COMMON   BANK0
      Params:         0       2
      Locals:         0       2
      Temps:          0       1
      Totals:         0       5
Total ram usage:        5 bytes
 Hardware stack levels used:    1
 This function calls:
		Nothing
 This function is called by:
		_up
		_down
 This function uses a non-reentrant model


 *************** function ___wmul *****************
 Defined at:
		line 15 in file "C:\Program Files (x86)\Microchip\xc8\v2.00\pic\sources\c90\common\Umul16.c"
 Parameters:    Size  Location     Type
  multiplier      2    0[BANK0 ] unsigned int 
  multiplicand    2    2[BANK0 ] unsigned int 
 Auto vars:     Size  Location     Type
  product         2    4[BANK0 ] unsigned int 
 Return value:  Size  Location     Type
                  2    0[BANK0 ] unsigned int 
 Registers used:
		wreg, status,2, status,0
 Tracked objects:
		On entry : 
		On exit  : 
		Unchanged: 
 Data sizes:     COMMON   BANK0
      Params:         0       4
      Locals:         0       2
      Temps:          0       0
      Totals:         0       6
Total ram usage:        6 bytes
 Hardware stack levels used:    1
 This function calls:
		Nothing
 This function is called by:
		_up
		_down
 This function uses a non-reentrant model


 *************** function _WriteEEPROM *****************
 Defined at:
		line 49 in file "Bakavoy_New.c"
 Parameters:    Size  Location     Type
  data            2    0[BANK0 ] int 
  adress          2    2[BANK0 ] int 
 Auto vars:     Size  Location     Type
		None
 Return value:  Size  Location     Type
                  1    wreg      void 
 Registers used:
		wreg
 Tracked objects:
		On entry : 
		On exit  : 
		Unchanged: 
 Data sizes:     COMMON   BANK0
      Params:         0       4
      Locals:         0       0
      Temps:          0       0
      Totals:         0       4
Total ram usage:        4 bytes
 Hardware stack levels used:    1
 This function calls:
		Nothing
 This function is called by:
		_main
 This function uses a non-reentrant model


 *************** function _ReadEEPROM *****************
 Defined at:
		line 23 in file "Bakavoy_New.c"
 Parameters:    Size  Location     Type
		None
 Auto vars:     Size  Location     Type
		None
 Return value:  Size  Location     Type
                  1    wreg      void 
 Registers used:
		wreg, status,2, status,0
 Tracked objects:
		On entry : 
		On exit  : 
		Unchanged: 
 Data sizes:     COMMON   BANK0
      Params:         0       0
      Locals:         0       0
      Temps:          0       2
      Totals:         0       2
Total ram usage:        2 bytes
 Hardware stack levels used:    1
 This function calls:
		Nothing
 This function is called by:
		_main
 This function uses a non-reentrant model



MODULE INFORMATION

Module		Function		Class		Link	Load	Size
C:\Program Files (x86)\Microchip\xc8\v2.00\pic\sources\c90\common\Umul16.c
		___wmul        		CODE           	021B	0000	42

C:\Program Files (x86)\Microchip\xc8\v2.00\pic\sources\c90\common\Umul16.c estimated size: 42

Bakavoy_New.c
		_down          		CODE           	01BB	0000	21
		_main          		CODE           	02A6	0000	336
		_ReadEEPROM    		CODE           	0244	0000	99
		_WriteEEPROM   		CODE           	01E3	0000	22
		_up            		CODE           	01CF	0000	21
		_delay_ms      		CODE           	01F8	0000	36

Bakavoy_New.c estimated size: 535

shared
		__initialization		CODE           	03F5	0000	9

shared estimated size: 9

