MPLINK 5.09, LINKER
Linker Map File - Created Sat Dec 14 23:03:28 2019

                                 Section Info
                  Section       Type    Address   Location Size(Bytes)
                ---------  ---------  ---------  ---------  ---------
                   .org_0       code   0x000000    program   0x000028
                   .cinit    romdata   0x000014    program   0x000004
.config_2007_BUILD/DEFAULT/PRODUCTION/TMR0.O       code   0x002007    program   0x000002



                              Program Memory Usage 
                               Start         End      
                           ---------   ---------      
                            0x000000    0x000015      
                            0x002007    0x002007      
            23 out of 1094 program addresses used, program memory utilization is 2%



                              Symbols - Sorted by Name
                     Name    Address   Location    Storage File                     
                ---------  ---------  ---------  --------- ---------                
                   INICIO   0x000000    program     static C:\Users\Xusniddin\Desktop\mplab\TMR0.X\TMR0.asm
                    START   0x000005    program     static C:\Users\Xusniddin\Desktop\mplab\TMR0.X\TMR0.asm
              Timer0_10ms   0x00000e    program     static C:\Users\Xusniddin\Desktop\mplab\TMR0.X\TMR0.asm
    Timer0_Desbordamiento   0x000011    program     static C:\Users\Xusniddin\Desktop\mplab\TMR0.X\TMR0.asm



                              Symbols - Sorted by Address
                     Name    Address   Location    Storage File                     
                ---------  ---------  ---------  --------- ---------                
                   INICIO   0x000000    program     static C:\Users\Xusniddin\Desktop\mplab\TMR0.X\TMR0.asm
                    START   0x000005    program     static C:\Users\Xusniddin\Desktop\mplab\TMR0.X\TMR0.asm
              Timer0_10ms   0x00000e    program     static C:\Users\Xusniddin\Desktop\mplab\TMR0.X\TMR0.asm
    Timer0_Desbordamiento   0x000011    program     static C:\Users\Xusniddin\Desktop\mplab\TMR0.X\TMR0.asm


