MPLINK 5.08, LINKER
Linker Map File - Created Wed Oct 09 17:01:38 2019

                                 Section Info
                  Section       Type    Address   Location Size(Bytes)
                ---------  ---------  ---------  ---------  ---------
                   .org_0       code   0x000000    program   0x000730
                   .cinit    romdata   0x000398    program   0x000004
.config_2007_BUILD/DEFAULT/PRODUCTION/KENCRBT       code   0x002007    program   0x000002



                              Program Memory Usage 
                               Start         End      
                           ---------   ---------      
                            0x000000    0x000399      
                            0x002007    0x002007      
            923 out of 1158 program addresses used, program memory utilization is 79%



                              Symbols - Sorted by Name
                     Name    Address   Location    Storage File                     
                ---------  ---------  ---------  --------- ---------                
                BD_Loop94   0x0000a5    program     static C:\Users\Xusniddin\Desktop\mplab\KenCrBt.X\KenCrBt.asm
                Big_delay   0x0000a3    program     static C:\Users\Xusniddin\Desktop\mplab\KenCrBt.X\KenCrBt.asm
                     Init   0x000001    program     static C:\Users\Xusniddin\Desktop\mplab\KenCrBt.X\KenCrBt.asm
                      LED   0x000051    program     static C:\Users\Xusniddin\Desktop\mplab\KenCrBt.X\KenCrBt.asm
                 Mainloop   0x00003b    program     static C:\Users\Xusniddin\Desktop\mplab\KenCrBt.X\KenCrBt.asm
               Send0_Loop   0x00033b    program     static C:\Users\Xusniddin\Desktop\mplab\KenCrBt.X\KenCrBt.asm
              Send0_Loopp   0x000358    program     static C:\Users\Xusniddin\Desktop\mplab\KenCrBt.X\KenCrBt.asm
             Send0_Loopp1   0x000374    program     static C:\Users\Xusniddin\Desktop\mplab\KenCrBt.X\KenCrBt.asm
               Send1_Loop   0x00031e    program     static C:\Users\Xusniddin\Desktop\mplab\KenCrBt.X\KenCrBt.asm
                   Send_0   0x000339    program     static C:\Users\Xusniddin\Desktop\mplab\KenCrBt.X\KenCrBt.asm
                   Send_1   0x00031c    program     static C:\Users\Xusniddin\Desktop\mplab\KenCrBt.X\KenCrBt.asm
                 UMessen1   0x00003e    program     static C:\Users\Xusniddin\Desktop\mplab\KenCrBt.X\KenCrBt.asm
             _.org_0_004C   0x00004c    program     static C:\Users\Xusniddin\Desktop\mplab\KenCrBt.X\KenCrBt.asm
             _.org_0_004E   0x00004e    program     static C:\Users\Xusniddin\Desktop\mplab\KenCrBt.X\KenCrBt.asm
             _.org_0_0394   0x000394    program     static C:\Users\Xusniddin\Desktop\mplab\KenCrBt.X\KenCrBt.asm
             _.org_0_0396   0x000396    program     static C:\Users\Xusniddin\Desktop\mplab\KenCrBt.X\KenCrBt.asm
                       bt   0x0002e3    program     static C:\Users\Xusniddin\Desktop\mplab\KenCrBt.X\KenCrBt.asm
                  cmpower   0x000158    program     static C:\Users\Xusniddin\Desktop\mplab\KenCrBt.X\KenCrBt.asm
                  cmqizil   0x0000e4    program     static C:\Users\Xusniddin\Desktop\mplab\KenCrBt.X\KenCrBt.asm
            cmstrelkachap   0x000192    program     static C:\Users\Xusniddin\Desktop\mplab\KenCrBt.X\KenCrBt.asm
              cmstrelkaon   0x0001cc    program     static C:\Users\Xusniddin\Desktop\mplab\KenCrBt.X\KenCrBt.asm
             cmstrelkapas   0x0000aa    program     static C:\Users\Xusniddin\Desktop\mplab\KenCrBt.X\KenCrBt.asm
            cmstrelkatepa   0x00027a    program     static C:\Users\Xusniddin\Desktop\mplab\KenCrBt.X\KenCrBt.asm
               cmvolumpas   0x000206    program     static C:\Users\Xusniddin\Desktop\mplab\KenCrBt.X\KenCrBt.asm
              cmvolumtepa   0x000240    program     static C:\Users\Xusniddin\Desktop\mplab\KenCrBt.X\KenCrBt.asm
                 cmyashil   0x00011e    program     static C:\Users\Xusniddin\Desktop\mplab\KenCrBt.X\KenCrBt.asm
              delayy4.5ms   0x00038f    program     static C:\Users\Xusniddin\Desktop\mplab\KenCrBt.X\KenCrBt.asm
                delayy9ms   0x000356    program     static C:\Users\Xusniddin\Desktop\mplab\KenCrBt.X\KenCrBt.asm
                     loop   0x00003f    program     static C:\Users\Xusniddin\Desktop\mplab\KenCrBt.X\KenCrBt.asm
                    power   0x000085    program     static C:\Users\Xusniddin\Desktop\mplab\KenCrBt.X\KenCrBt.asm
                    qizil   0x00007b    program     static C:\Users\Xusniddin\Desktop\mplab\KenCrBt.X\KenCrBt.asm
              strelkachap   0x00008a    program     static C:\Users\Xusniddin\Desktop\mplab\KenCrBt.X\KenCrBt.asm
                strelkaon   0x00008f    program     static C:\Users\Xusniddin\Desktop\mplab\KenCrBt.X\KenCrBt.asm
               strelkapas   0x000076    program     static C:\Users\Xusniddin\Desktop\mplab\KenCrBt.X\KenCrBt.asm
              strelkatepa   0x00009e    program     static C:\Users\Xusniddin\Desktop\mplab\KenCrBt.X\KenCrBt.asm
                 volumpas   0x000094    program     static C:\Users\Xusniddin\Desktop\mplab\KenCrBt.X\KenCrBt.asm
                volumtepa   0x000099    program     static C:\Users\Xusniddin\Desktop\mplab\KenCrBt.X\KenCrBt.asm
                    yarmi   0x0002b4    program     static C:\Users\Xusniddin\Desktop\mplab\KenCrBt.X\KenCrBt.asm
                   yashil   0x000080    program     static C:\Users\Xusniddin\Desktop\mplab\KenCrBt.X\KenCrBt.asm



                              Symbols - Sorted by Address
                     Name    Address   Location    Storage File                     
                ---------  ---------  ---------  --------- ---------                
                     Init   0x000001    program     static C:\Users\Xusniddin\Desktop\mplab\KenCrBt.X\KenCrBt.asm
                 Mainloop   0x00003b    program     static C:\Users\Xusniddin\Desktop\mplab\KenCrBt.X\KenCrBt.asm
                 UMessen1   0x00003e    program     static C:\Users\Xusniddin\Desktop\mplab\KenCrBt.X\KenCrBt.asm
                     loop   0x00003f    program     static C:\Users\Xusniddin\Desktop\mplab\KenCrBt.X\KenCrBt.asm
             _.org_0_004C   0x00004c    program     static C:\Users\Xusniddin\Desktop\mplab\KenCrBt.X\KenCrBt.asm
             _.org_0_004E   0x00004e    program     static C:\Users\Xusniddin\Desktop\mplab\KenCrBt.X\KenCrBt.asm
                      LED   0x000051    program     static C:\Users\Xusniddin\Desktop\mplab\KenCrBt.X\KenCrBt.asm
               strelkapas   0x000076    program     static C:\Users\Xusniddin\Desktop\mplab\KenCrBt.X\KenCrBt.asm
                    qizil   0x00007b    program     static C:\Users\Xusniddin\Desktop\mplab\KenCrBt.X\KenCrBt.asm
                   yashil   0x000080    program     static C:\Users\Xusniddin\Desktop\mplab\KenCrBt.X\KenCrBt.asm
                    power   0x000085    program     static C:\Users\Xusniddin\Desktop\mplab\KenCrBt.X\KenCrBt.asm
              strelkachap   0x00008a    program     static C:\Users\Xusniddin\Desktop\mplab\KenCrBt.X\KenCrBt.asm
                strelkaon   0x00008f    program     static C:\Users\Xusniddin\Desktop\mplab\KenCrBt.X\KenCrBt.asm
                 volumpas   0x000094    program     static C:\Users\Xusniddin\Desktop\mplab\KenCrBt.X\KenCrBt.asm
                volumtepa   0x000099    program     static C:\Users\Xusniddin\Desktop\mplab\KenCrBt.X\KenCrBt.asm
              strelkatepa   0x00009e    program     static C:\Users\Xusniddin\Desktop\mplab\KenCrBt.X\KenCrBt.asm
                Big_delay   0x0000a3    program     static C:\Users\Xusniddin\Desktop\mplab\KenCrBt.X\KenCrBt.asm
                BD_Loop94   0x0000a5    program     static C:\Users\Xusniddin\Desktop\mplab\KenCrBt.X\KenCrBt.asm
             cmstrelkapas   0x0000aa    program     static C:\Users\Xusniddin\Desktop\mplab\KenCrBt.X\KenCrBt.asm
                  cmqizil   0x0000e4    program     static C:\Users\Xusniddin\Desktop\mplab\KenCrBt.X\KenCrBt.asm
                 cmyashil   0x00011e    program     static C:\Users\Xusniddin\Desktop\mplab\KenCrBt.X\KenCrBt.asm
                  cmpower   0x000158    program     static C:\Users\Xusniddin\Desktop\mplab\KenCrBt.X\KenCrBt.asm
            cmstrelkachap   0x000192    program     static C:\Users\Xusniddin\Desktop\mplab\KenCrBt.X\KenCrBt.asm
              cmstrelkaon   0x0001cc    program     static C:\Users\Xusniddin\Desktop\mplab\KenCrBt.X\KenCrBt.asm
               cmvolumpas   0x000206    program     static C:\Users\Xusniddin\Desktop\mplab\KenCrBt.X\KenCrBt.asm
              cmvolumtepa   0x000240    program     static C:\Users\Xusniddin\Desktop\mplab\KenCrBt.X\KenCrBt.asm
            cmstrelkatepa   0x00027a    program     static C:\Users\Xusniddin\Desktop\mplab\KenCrBt.X\KenCrBt.asm
                    yarmi   0x0002b4    program     static C:\Users\Xusniddin\Desktop\mplab\KenCrBt.X\KenCrBt.asm
                       bt   0x0002e3    program     static C:\Users\Xusniddin\Desktop\mplab\KenCrBt.X\KenCrBt.asm
                   Send_1   0x00031c    program     static C:\Users\Xusniddin\Desktop\mplab\KenCrBt.X\KenCrBt.asm
               Send1_Loop   0x00031e    program     static C:\Users\Xusniddin\Desktop\mplab\KenCrBt.X\KenCrBt.asm
                   Send_0   0x000339    program     static C:\Users\Xusniddin\Desktop\mplab\KenCrBt.X\KenCrBt.asm
               Send0_Loop   0x00033b    program     static C:\Users\Xusniddin\Desktop\mplab\KenCrBt.X\KenCrBt.asm
                delayy9ms   0x000356    program     static C:\Users\Xusniddin\Desktop\mplab\KenCrBt.X\KenCrBt.asm
              Send0_Loopp   0x000358    program     static C:\Users\Xusniddin\Desktop\mplab\KenCrBt.X\KenCrBt.asm
             Send0_Loopp1   0x000374    program     static C:\Users\Xusniddin\Desktop\mplab\KenCrBt.X\KenCrBt.asm
              delayy4.5ms   0x00038f    program     static C:\Users\Xusniddin\Desktop\mplab\KenCrBt.X\KenCrBt.asm
             _.org_0_0394   0x000394    program     static C:\Users\Xusniddin\Desktop\mplab\KenCrBt.X\KenCrBt.asm
             _.org_0_0396   0x000396    program     static C:\Users\Xusniddin\Desktop\mplab\KenCrBt.X\KenCrBt.asm


