MPLINK 5.09, LINKER
Linker Map File - Created Sun Apr 12 20:33:13 2020

                                 Section Info
                  Section       Type    Address   Location Size(Bytes)
                ---------  ---------  ---------  ---------  ---------
                   .org_0       code   0x000000    program   0x000140
                   .cinit    romdata   0x0000a0    program   0x000004
.config_2007_BUILD/DEFAULT/PRODUCTION/LYUK BO       code   0x002007    program   0x000002



                              Program Memory Usage 
                               Start         End      
                           ---------   ---------      
                            0x000000    0x0000a1      
                            0x002007    0x002007      
            163 out of 1158 program addresses used, program memory utilization is 14%



                              Symbols - Sorted by Name
                     Name    Address   Location    Storage File                     
                ---------  ---------  ---------  --------- ---------                
             _.org_0_0051   0x000051    program     static C:\Users\Xusniddin\Desktop\mplab\LYUK BOTIR.X\LYUK BOTIR.asm
             _.org_0_0053   0x000053    program     static C:\Users\Xusniddin\Desktop\mplab\LYUK BOTIR.X\LYUK BOTIR.asm
             _.org_0_0055   0x000055    program     static C:\Users\Xusniddin\Desktop\mplab\LYUK BOTIR.X\LYUK BOTIR.asm
             _.org_0_0061   0x000061    program     static C:\Users\Xusniddin\Desktop\mplab\LYUK BOTIR.X\LYUK BOTIR.asm
             _.org_0_0063   0x000063    program     static C:\Users\Xusniddin\Desktop\mplab\LYUK BOTIR.X\LYUK BOTIR.asm
             _.org_0_0065   0x000065    program     static C:\Users\Xusniddin\Desktop\mplab\LYUK BOTIR.X\LYUK BOTIR.asm
             _.org_0_0072   0x000072    program     static C:\Users\Xusniddin\Desktop\mplab\LYUK BOTIR.X\LYUK BOTIR.asm
             _.org_0_0074   0x000074    program     static C:\Users\Xusniddin\Desktop\mplab\LYUK BOTIR.X\LYUK BOTIR.asm
             _.org_0_0076   0x000076    program     static C:\Users\Xusniddin\Desktop\mplab\LYUK BOTIR.X\LYUK BOTIR.asm
             _.org_0_0081   0x000081    program     static C:\Users\Xusniddin\Desktop\mplab\LYUK BOTIR.X\LYUK BOTIR.asm
             _.org_0_0083   0x000083    program     static C:\Users\Xusniddin\Desktop\mplab\LYUK BOTIR.X\LYUK BOTIR.asm
             _.org_0_0085   0x000085    program     static C:\Users\Xusniddin\Desktop\mplab\LYUK BOTIR.X\LYUK BOTIR.asm
             _.org_0_008E   0x00008e    program     static C:\Users\Xusniddin\Desktop\mplab\LYUK BOTIR.X\LYUK BOTIR.asm
             _.org_0_0090   0x000090    program     static C:\Users\Xusniddin\Desktop\mplab\LYUK BOTIR.X\LYUK BOTIR.asm
             _.org_0_0092   0x000092    program     static C:\Users\Xusniddin\Desktop\mplab\LYUK BOTIR.X\LYUK BOTIR.asm
             _.org_0_009B   0x00009b    program     static C:\Users\Xusniddin\Desktop\mplab\LYUK BOTIR.X\LYUK BOTIR.asm
             _.org_0_009D   0x00009d    program     static C:\Users\Xusniddin\Desktop\mplab\LYUK BOTIR.X\LYUK BOTIR.asm
                      aux   0x000026    program     static C:\Users\Xusniddin\Desktop\mplab\LYUK BOTIR.X\LYUK BOTIR.asm
                 aux_10.5   0x000058    program     static C:\Users\Xusniddin\Desktop\mplab\LYUK BOTIR.X\LYUK BOTIR.asm
                  aux_3.5   0x000069    program     static C:\Users\Xusniddin\Desktop\mplab\LYUK BOTIR.X\LYUK BOTIR.asm
                     blok   0x000018    program     static C:\Users\Xusniddin\Desktop\mplab\LYUK BOTIR.X\LYUK BOTIR.asm
                delay50ms   0x000096    program     static C:\Users\Xusniddin\Desktop\mplab\LYUK BOTIR.X\LYUK BOTIR.asm
                  delay_1   0x00007a    program     static C:\Users\Xusniddin\Desktop\mplab\LYUK BOTIR.X\LYUK BOTIR.asm
          delay_20msekund   0x000087    program     static C:\Users\Xusniddin\Desktop\mplab\LYUK BOTIR.X\LYUK BOTIR.asm
                delay_3.5   0x000048    program     static C:\Users\Xusniddin\Desktop\mplab\LYUK BOTIR.X\LYUK BOTIR.asm
                     prog   0x000014    program     static C:\Users\Xusniddin\Desktop\mplab\LYUK BOTIR.X\LYUK BOTIR.asm
           sekund_10.5aux   0x000044    program     static C:\Users\Xusniddin\Desktop\mplab\LYUK BOTIR.X\LYUK BOTIR.asm
          sekund_10.5info   0x000036    program     static C:\Users\Xusniddin\Desktop\mplab\LYUK BOTIR.X\LYUK BOTIR.asm
               sekund_3.5   0x00002e    program     static C:\Users\Xusniddin\Desktop\mplab\LYUK BOTIR.X\LYUK BOTIR.asm
            sekund_3.5aux   0x000032    program     static C:\Users\Xusniddin\Desktop\mplab\LYUK BOTIR.X\LYUK BOTIR.asm



                              Symbols - Sorted by Address
                     Name    Address   Location    Storage File                     
                ---------  ---------  ---------  --------- ---------                
                     prog   0x000014    program     static C:\Users\Xusniddin\Desktop\mplab\LYUK BOTIR.X\LYUK BOTIR.asm
                     blok   0x000018    program     static C:\Users\Xusniddin\Desktop\mplab\LYUK BOTIR.X\LYUK BOTIR.asm
                      aux   0x000026    program     static C:\Users\Xusniddin\Desktop\mplab\LYUK BOTIR.X\LYUK BOTIR.asm
               sekund_3.5   0x00002e    program     static C:\Users\Xusniddin\Desktop\mplab\LYUK BOTIR.X\LYUK BOTIR.asm
            sekund_3.5aux   0x000032    program     static C:\Users\Xusniddin\Desktop\mplab\LYUK BOTIR.X\LYUK BOTIR.asm
          sekund_10.5info   0x000036    program     static C:\Users\Xusniddin\Desktop\mplab\LYUK BOTIR.X\LYUK BOTIR.asm
           sekund_10.5aux   0x000044    program     static C:\Users\Xusniddin\Desktop\mplab\LYUK BOTIR.X\LYUK BOTIR.asm
                delay_3.5   0x000048    program     static C:\Users\Xusniddin\Desktop\mplab\LYUK BOTIR.X\LYUK BOTIR.asm
             _.org_0_0051   0x000051    program     static C:\Users\Xusniddin\Desktop\mplab\LYUK BOTIR.X\LYUK BOTIR.asm
             _.org_0_0053   0x000053    program     static C:\Users\Xusniddin\Desktop\mplab\LYUK BOTIR.X\LYUK BOTIR.asm
             _.org_0_0055   0x000055    program     static C:\Users\Xusniddin\Desktop\mplab\LYUK BOTIR.X\LYUK BOTIR.asm
                 aux_10.5   0x000058    program     static C:\Users\Xusniddin\Desktop\mplab\LYUK BOTIR.X\LYUK BOTIR.asm
             _.org_0_0061   0x000061    program     static C:\Users\Xusniddin\Desktop\mplab\LYUK BOTIR.X\LYUK BOTIR.asm
             _.org_0_0063   0x000063    program     static C:\Users\Xusniddin\Desktop\mplab\LYUK BOTIR.X\LYUK BOTIR.asm
             _.org_0_0065   0x000065    program     static C:\Users\Xusniddin\Desktop\mplab\LYUK BOTIR.X\LYUK BOTIR.asm
                  aux_3.5   0x000069    program     static C:\Users\Xusniddin\Desktop\mplab\LYUK BOTIR.X\LYUK BOTIR.asm
             _.org_0_0072   0x000072    program     static C:\Users\Xusniddin\Desktop\mplab\LYUK BOTIR.X\LYUK BOTIR.asm
             _.org_0_0074   0x000074    program     static C:\Users\Xusniddin\Desktop\mplab\LYUK BOTIR.X\LYUK BOTIR.asm
             _.org_0_0076   0x000076    program     static C:\Users\Xusniddin\Desktop\mplab\LYUK BOTIR.X\LYUK BOTIR.asm
                  delay_1   0x00007a    program     static C:\Users\Xusniddin\Desktop\mplab\LYUK BOTIR.X\LYUK BOTIR.asm
             _.org_0_0081   0x000081    program     static C:\Users\Xusniddin\Desktop\mplab\LYUK BOTIR.X\LYUK BOTIR.asm
             _.org_0_0083   0x000083    program     static C:\Users\Xusniddin\Desktop\mplab\LYUK BOTIR.X\LYUK BOTIR.asm
             _.org_0_0085   0x000085    program     static C:\Users\Xusniddin\Desktop\mplab\LYUK BOTIR.X\LYUK BOTIR.asm
          delay_20msekund   0x000087    program     static C:\Users\Xusniddin\Desktop\mplab\LYUK BOTIR.X\LYUK BOTIR.asm
             _.org_0_008E   0x00008e    program     static C:\Users\Xusniddin\Desktop\mplab\LYUK BOTIR.X\LYUK BOTIR.asm
             _.org_0_0090   0x000090    program     static C:\Users\Xusniddin\Desktop\mplab\LYUK BOTIR.X\LYUK BOTIR.asm
             _.org_0_0092   0x000092    program     static C:\Users\Xusniddin\Desktop\mplab\LYUK BOTIR.X\LYUK BOTIR.asm
                delay50ms   0x000096    program     static C:\Users\Xusniddin\Desktop\mplab\LYUK BOTIR.X\LYUK BOTIR.asm
             _.org_0_009B   0x00009b    program     static C:\Users\Xusniddin\Desktop\mplab\LYUK BOTIR.X\LYUK BOTIR.asm
             _.org_0_009D   0x00009d    program     static C:\Users\Xusniddin\Desktop\mplab\LYUK BOTIR.X\LYUK BOTIR.asm


