Microchip MPLAB XC8 Compiler V2.00 ()

Linker command line:

-W-3 --edf=C:\Program Files (x86)\Microchip\xc8\v2.00\pic\dat\en_msgs.txt \
  -cs -h+dist/default/production\SonyCr-02.01.22.c.X.production.sym \
  --cmf=dist/default/production\SonyCr-02.01.22.c.X.production.cmf -z \
  -Q12F675 -oC:\Users\User\AppData\Local\Temp\sa4k.2 \
  --defsym=__MPLAB_BUILD=1 \
  -Mdist/default/production/SonyCr-02.01.22.c.X.production.map -E1 -ver=XC8 \
  --acfsm=1493 -ASTACK=02Eh-05dh -pstack=STACK -ACODE=00h-03FEh \
  -ASTRCODE=00h-03FEh -ASTRING=00h-0FFhx3,0300h-03FEh \
  -ACONST=00h-0FFhx3,0300h-03FEh -AENTRY=00h-0FFhx3,0300h-03FEh \
  -ABANK0=020h-05Dh -ARAM=020h-05Dh -AABS1=020h-05Fh -ACOMMON=05Eh-05Fh \
  -ASFR0=00h-01Fh -ASFR1=080h-0DDh -preset_vec=00h,intentry,init,end_init \
  -ppowerup=CODE -pcinit=CODE -pfunctab=ENTRY -ACONFIG=02007h-02007h \
  -pconfig=CONFIG -DCONFIG=2 -AIDLOC=02000h-02003h -pidloc=IDLOC -DIDLOC=2 \
  -AEEDATA=00h-07Fh/02100h -peeprom_data=EEDATA -DEEDATA=2 -posccal=03FFh \
  -DCODE=2 -DSTRCODE=2 -DSTRING=2 -DCONST=2 -DENTRY=2 -k \
  C:\Users\User\AppData\Local\Temp\sa4k.o \
  dist/default/production\SonyCr-02.01.22.c.X.production.o 

Object code version is 3.11

Machine type is 12F675



                Name                               Link     Load   Length Selector   Space Scale
C:\Users\User\AppData\Local\Temp\sa4k.o
                end_init                              0        0        1        0       0
                config                             2007     2007        1     400E       0
dist/default/production\SonyCr-02.01.22.c.X.production.o
                cinit                               3F2      3F2        D      7E4       0
                text6                                95       95       22      12A       0
                text5                                7A       7A       1B       F4       0
                text4                                B7       B7       2C      16E       0
                text3                                E3       E3       2C      1C6       0
                text2                               10F      10F       2C      21E       0
                text1                               13B      13B       A1      276       0
                maintext                            1DC      1DC      216      3B8       0
                cstackBANK0                          20       20        6       20       1
                dataBANK0                            2B       2B        3       20       1
                bssBANK0                             26       26        5       20       1
                idataBANK0                           77       77        3       EE       0

TOTAL           Name                               Link     Load   Length     Space
        CLASS   STACK          

        CLASS   CODE           
                end_init                              0        0        1         0
                cinit                               3F2      3F2        D         0
                text6                                95       95       22         0
                text5                                7A       7A       1B         0
                text4                                B7       B7       2C         0
                text3                                E3       E3       2C         0
                text2                               10F      10F       2C         0
                text1                               13B      13B       A1         0
                maintext                            1DC      1DC      216         0
                idataBANK0                           77       77        3         0

        CLASS   STRCODE        

        CLASS   STRING         

        CLASS   CONST          

        CLASS   ENTRY          

        CLASS   BANK0          
                cstackBANK0                          20       20        6         1
                dataBANK0                            2B       2B        3         1
                bssBANK0                             26       26        5         1

        CLASS   RAM            

        CLASS   ABS1           
                abs_s1                               5E       5E        2         1

        CLASS   COMMON         

        CLASS   SFR0           

        CLASS   SFR1           

        CLASS   CONFIG         
                config                             2007     2007        1         0

        CLASS   IDLOC          

        CLASS   EEDATA         

        CLASS   BANK1          



SEGMENTS        Name                           Load    Length   Top    Selector   Space  Class     Delta

                reset_vec                      000000  000001  000001         0       0  CODE        2
                cstackBANK0                    000020  00000E  00002E        20       1  BANK0       1
                idataBANK0                     000077  000003  00007A        EE       0  CODE        2
                text5                          00007A  00001B  000095        F4       0  CODE        2
                text6                          000095  000022  0000B7       12A       0  CODE        2
                text4                          0000B7  00002C  0000E3       16E       0  CODE        2
                text3                          0000E3  00002C  00010F       1C6       0  CODE        2
                text2                          00010F  00002C  00013B       21E       0  CODE        2
                text1                          00013B  0000A1  0001DC       276       0  CODE        2
                maintext                       0001DC  000216  0003F2       3B8       0  CODE        2
                cinit                          0003F2  00000D  0003FF       7E4       0  CODE        2
                config                         002007  000001  002008      400E       0  CONFIG      2


UNUSED ADDRESS RANGES

        Name                Unused          Largest block    Delta
        BANK0            002E-005D             30           1
        CODE             0001-0076             76           2
        CONST            0001-0076             76           2
        EEDATA           2100-217F             80           2
        ENTRY            0001-0076             76           2
        IDLOC            2000-2003              4           2
        RAM              002E-005D             30           1
        SFR0             0000-001F             20           1
        SFR1             0080-00DD             5E           1
        STACK            002E-005D             30           1
        STRCODE          0001-0076             76           2
        STRING           0001-0076             76           2

                                  Symbol Table

_ADC                     text6       0095
_ADC1                    text5       007A
_ADCON0                  (abs)       001F
_ADON                    (abs)       00F8
_ADRESH                  (abs)       001E
_ANSEL                   (abs)       009F
_CMCON                   (abs)       0019
_GO_DONE                 (abs)       00F9
_GP2                     (abs)       002A
_INTCON                  (abs)       000B
_OPTION_REG              (abs)       0081
_PIE1bits                (abs)       008C
_TRISIO                  (abs)       0085
__CFG_BOREN$OFF          (abs)       0000
__CFG_CP$ON              (abs)       0000
__CFG_CPD$ON             (abs)       0000
__CFG_FOSC$INTRCIO       (abs)       0000
__CFG_MCLRE$OFF          (abs)       0000
__CFG_PWRTE$OFF          (abs)       0000
__CFG_WDTE$OFF           (abs)       0000
__Habs1                  abs1        07FE
__Hbank0                 bank0       07FE
__Hbank1                 bank1       07FE
__HbssBANK0              bssBANK0    07FE
__Hcinit                 cinit       03FF
__Hclrtext               clrtext     07FE
__Hcode                  code        07FE
__Hcommon                common      07FE
__Hconfig                config      2008
__HcstackBANK0           cstackBANK0 07FE
__HdataBANK0             dataBANK0   07FE
__Heeprom_data           eeprom_data 0000
__Hend_init              end_init    0001
__Hfunctab               functab     0000
__HidataBANK0            idataBANK0  07FE
__Hidloc                 idloc       0000
__Hinit                  init        0000
__Hintentry              intentry    0000
__Hmaintext              maintext    07FE
__Hosccal                osccal      03FF
__Hpowerup               powerup     0000
__Hram                   ram         07FE
__Hreset_vec             reset_vec   0000
__Hsfr0                  sfr0        07FE
__Hsfr1                  sfr1        07FE
__Hspace_0               (abs)       2008
__Hspace_1               (abs)       07FE
__Hspace_2               (abs)       0000
__Hspace_3               (abs)       0000
__Hstack                 stack       0000
__Hstrings               strings     07FE
__Htext                  text        07FE
__Labs1                  abs1        07FE
__Lbank0                 bank0       07FE
__Lbank1                 bank1       07FE
__LbssBANK0              bssBANK0    07FE
__Lcinit                 cinit       03F2
__Lclrtext               clrtext     07FE
__Lcode                  code        07FE
__Lcommon                common      07FE
__Lconfig                config      2007
__LcstackBANK0           cstackBANK0 07FE
__LdataBANK0             dataBANK0   07FE
__Leeprom_data           eeprom_data 0000
__Lend_init              end_init    0000
__Lfunctab               functab     0000
__LidataBANK0            idataBANK0  07FE
__Lidloc                 idloc       0000
__Linit                  init        0000
__Lintentry              intentry    0000
__Lmaintext              maintext    07FE
__Losccal                osccal      03FF
__Lpowerup               powerup     0000
__Lram                   ram         07FE
__Lreset_vec             reset_vec   0000
__Lsfr0                  sfr0        07FE
__Lsfr1                  sfr1        07FE
__Lspace_0               (abs)       0000
__Lspace_1               (abs)       0000
__Lspace_2               (abs)       0000
__Lspace_3               (abs)       0000
__Lstack                 stack       0000
__Lstrings               strings     07FE
__Ltext                  text        07FE
__S0                     (abs)       2008
__S1                     (abs)       002E
__S2                     (abs)       0000
__S3                     (abs)       0000
___int_sp                stack       0000
___latbits               (abs)       0000
___osccal_val            osccal      03FF
___sp                    stack       0000
__end_of_ADC             text6       00B7
__end_of_ADC1            text5       0095
__end_of__initialization cinit       03FD
__end_of_bit0            text4       00E3
__end_of_bit1            text3       010F
__end_of_commandd        text1       01DC
__end_of_main            maintext    03F2
__end_of_ms2_4And0_6ms   text2       013B
__initialization         cinit       03F2
__pbssBANK0              bssBANK0    0026
__pcstackBANK0           cstackBANK0 0020
__pdataBANK0             dataBANK0   002B
__pidataBANK0            idataBANK0  0077
__pmaintext              maintext    01DC
__ptext1                 text1       013B
__ptext2                 text2       010F
__ptext3                 text3       00E3
__ptext4                 text4       00B7
__ptext5                 text5       007A
__ptext6                 text6       0095
__size_of_ADC            (abs)       0000
__size_of_ADC1           (abs)       0000
__size_of_bit0           (abs)       0000
__size_of_bit1           (abs)       0000
__size_of_commandd       (abs)       0000
__size_of_main           (abs)       0000
__size_of_ms2_4And0_6ms  (abs)       0000
_bit0                    text4       00B7
_bit1                    text3       00E3
_codeAddress             dataBANK0   002C
_codeAddressPlus         dataBANK0   002B
_codeCommand             dataBANK0   002D
_commandd                text1       013B
_i                       bssBANK0    0028
_loopBit                 bssBANK0    002A
_main                    maintext    01DC
_ms2_4And0_6ms           text2       010F
_volt                    bssBANK0    0026
btemp                    (abs)       005E
commandd@loopBit1        cstackBANK0 0024
commandd@loopBit2        cstackBANK0 0021
commandd@loopBit3        cstackBANK0 0022
end_of_initialization    cinit       03FD
intlevel0                functab     0000
intlevel1                functab     0000
intlevel2                functab     0000
intlevel3                functab     0000
intlevel4                functab     0000
intlevel5                functab     0000
reset_vec                reset_vec   0000
stackhi                  (abs)       0000
stacklo                  (abs)       0000
start                    init        0000
start_initialization     cinit       03F2
wtemp0                   (abs)       005E


FUNCTION INFORMATION:

 *************** function _main *****************
 Defined at:
		line 101 in file "SonyCr-02.01.22.c"
 Parameters:    Size  Location     Type
		None
 Auto vars:     Size  Location     Type
		None
 Return value:  Size  Location     Type
                  1    wreg      void 
 Registers used:
		wreg, status,2, status,0, pclath, cstack
 Tracked objects:
		On entry : 
		On exit  : 
		Unchanged: 
 Data sizes:     COMMON   BANK0
      Params:         0       0
      Locals:         0       0
      Temps:          0       1
      Totals:         0       1
Total ram usage:        1 bytes
 Hardware stack levels required when called:    2
 This function calls:
		_ADC
		_ADC1
		_commandd
 This function is called by:
		Startup code after reset
 This function uses a non-reentrant model


 *************** function _commandd *****************
 Defined at:
		line 49 in file "SonyCr-02.01.22.c"
 Parameters:    Size  Location     Type
  loopBit1        1    wreg     unsigned char 
  loopBit2        1    1[BANK0 ] unsigned char 
  loopBit3        1    2[BANK0 ] unsigned char 
 Auto vars:     Size  Location     Type
  loopBit1        1    4[BANK0 ] unsigned char 
 Return value:  Size  Location     Type
                  1    wreg      unsigned char 
 Registers used:
		wreg, status,2, status,0, pclath, cstack
 Tracked objects:
		On entry : 
		On exit  : 
		Unchanged: 
 Data sizes:     COMMON   BANK0
      Params:         0       2
      Locals:         0       1
      Temps:          0       1
      Totals:         0       4
Total ram usage:        4 bytes
 Hardware stack levels used:    1
 Hardware stack levels required when called:    1
 This function calls:
		_bit0
		_bit1
		_ms2_4And0_6ms
 This function is called by:
		_main
 This function uses a non-reentrant model


 *************** function _ms2_4And0_6ms *****************
 Defined at:
		line 19 in file "SonyCr-02.01.22.c"
 Parameters:    Size  Location     Type
		None
 Auto vars:     Size  Location     Type
		None
 Return value:  Size  Location     Type
                  1    wreg      void 
 Registers used:
		wreg, status,2
 Tracked objects:
		On entry : 
		On exit  : 
		Unchanged: 
 Data sizes:     COMMON   BANK0
      Params:         0       0
      Locals:         0       0
      Temps:          0       1
      Totals:         0       1
Total ram usage:        1 bytes
 Hardware stack levels used:    1
 This function calls:
		Nothing
 This function is called by:
		_commandd
 This function uses a non-reentrant model


 *************** function _bit1 *****************
 Defined at:
		line 29 in file "SonyCr-02.01.22.c"
 Parameters:    Size  Location     Type
		None
 Auto vars:     Size  Location     Type
		None
 Return value:  Size  Location     Type
                  1    wreg      void 
 Registers used:
		wreg, status,2
 Tracked objects:
		On entry : 
		On exit  : 
		Unchanged: 
 Data sizes:     COMMON   BANK0
      Params:         0       0
      Locals:         0       0
      Temps:          0       1
      Totals:         0       1
Total ram usage:        1 bytes
 Hardware stack levels used:    1
 This function calls:
		Nothing
 This function is called by:
		_commandd
 This function uses a non-reentrant model


 *************** function _bit0 *****************
 Defined at:
		line 39 in file "SonyCr-02.01.22.c"
 Parameters:    Size  Location     Type
		None
 Auto vars:     Size  Location     Type
		None
 Return value:  Size  Location     Type
                  1    wreg      void 
 Registers used:
		wreg, status,2
 Tracked objects:
		On entry : 
		On exit  : 
		Unchanged: 
 Data sizes:     COMMON   BANK0
      Params:         0       0
      Locals:         0       0
      Temps:          0       1
      Totals:         0       1
Total ram usage:        1 bytes
 Hardware stack levels used:    1
 This function calls:
		Nothing
 This function is called by:
		_commandd
 This function uses a non-reentrant model


 *************** function _ADC1 *****************
 Defined at:
		line 92 in file "SonyCr-02.01.22.c"
 Parameters:    Size  Location     Type
		None
 Auto vars:     Size  Location     Type
		None
 Return value:  Size  Location     Type
                  1    wreg      void 
 Registers used:
		wreg
 Tracked objects:
		On entry : 
		On exit  : 
		Unchanged: 
 Data sizes:     COMMON   BANK0
      Params:         0       0
      Locals:         0       0
      Temps:          0       2
      Totals:         0       2
Total ram usage:        2 bytes
 Hardware stack levels used:    1
 This function calls:
		Nothing
 This function is called by:
		_main
 This function uses a non-reentrant model


 *************** function _ADC *****************
 Defined at:
		line 82 in file "SonyCr-02.01.22.c"
 Parameters:    Size  Location     Type
		None
 Auto vars:     Size  Location     Type
		None
 Return value:  Size  Location     Type
                  1    wreg      void 
 Registers used:
		wreg
 Tracked objects:
		On entry : 
		On exit  : 
		Unchanged: 
 Data sizes:     COMMON   BANK0
      Params:         0       0
      Locals:         0       0
      Temps:          0       2
      Totals:         0       2
Total ram usage:        2 bytes
 Hardware stack levels used:    1
 This function calls:
		Nothing
 This function is called by:
		_main
 This function uses a non-reentrant model



MODULE INFORMATION

Module		Function		Class		Link	Load	Size
shared
		__initialization		CODE           	03F2	0000	12

shared estimated size: 12

SonyCr-02.01.22.c
		_ADC           		CODE           	0095	0000	35
		_ms2_4And0_6ms 		CODE           	010F	0000	45
		_main          		CODE           	01DC	0000	535
		_ADC1          		CODE           	007A	0000	28
		_bit0          		CODE           	00B7	0000	45
		_bit1          		CODE           	00E3	0000	45
		_commandd      		CODE           	013B	0000	162

SonyCr-02.01.22.c estimated size: 895

