MPLINK 5.09, LINKER
Linker Map File - Created Wed Jul 17 19:21:02 2019

                                 Section Info
                  Section       Type    Address   Location Size(Bytes)
                ---------  ---------  ---------  ---------  ---------
                   .org_0       code   0x000000    program   0x0004d2
                   .cinit    romdata   0x000269    program   0x000004
.config_2007_BUILD/DEFAULT/PRODUCTION/PINEW.O       code   0x002007    program   0x000002



                              Program Memory Usage 
                               Start         End      
                           ---------   ---------      
                            0x000000    0x00026a      
                            0x002007    0x002007      
            620 out of 1158 program addresses used, program memory utilization is 53%



                              Symbols - Sorted by Name
                     Name    Address   Location    Storage File                     
                ---------  ---------  ---------  --------- ---------                
                BD_Loop94   0x000070    program     static C:\Users\Xusniddin\Desktop\mplab\PiNew.X\PiNew.asm
                Big_delay   0x00006e    program     static C:\Users\Xusniddin\Desktop\mplab\PiNew.X\PiNew.asm
                     Init   0x000001    program     static C:\Users\Xusniddin\Desktop\mplab\PiNew.X\PiNew.asm
                      LED   0x000040    program     static C:\Users\Xusniddin\Desktop\mplab\PiNew.X\PiNew.asm
                 Mainloop   0x00002b    program     static C:\Users\Xusniddin\Desktop\mplab\PiNew.X\PiNew.asm
               Send0_Loop   0x0001fe    program     static C:\Users\Xusniddin\Desktop\mplab\PiNew.X\PiNew.asm
              Send0_Loopp   0x00021b    program     static C:\Users\Xusniddin\Desktop\mplab\PiNew.X\PiNew.asm
             Send0_Loopp1   0x000237    program     static C:\Users\Xusniddin\Desktop\mplab\PiNew.X\PiNew.asm
               Send1_Loop   0x0001e1    program     static C:\Users\Xusniddin\Desktop\mplab\PiNew.X\PiNew.asm
                   Send_0   0x0001fc    program     static C:\Users\Xusniddin\Desktop\mplab\PiNew.X\PiNew.asm
                   Send_1   0x0001df    program     static C:\Users\Xusniddin\Desktop\mplab\PiNew.X\PiNew.asm
                 UMessen1   0x00002e    program     static C:\Users\Xusniddin\Desktop\mplab\PiNew.X\PiNew.asm
             _.org_0_003C   0x00003c    program     static C:\Users\Xusniddin\Desktop\mplab\PiNew.X\PiNew.asm
             _.org_0_003E   0x00003e    program     static C:\Users\Xusniddin\Desktop\mplab\PiNew.X\PiNew.asm
             _.org_0_0257   0x000257    program     static C:\Users\Xusniddin\Desktop\mplab\PiNew.X\PiNew.asm
             _.org_0_0259   0x000259    program     static C:\Users\Xusniddin\Desktop\mplab\PiNew.X\PiNew.asm
             _.org_0_0262   0x000262    program     static C:\Users\Xusniddin\Desktop\mplab\PiNew.X\PiNew.asm
             _.org_0_0264   0x000264    program     static C:\Users\Xusniddin\Desktop\mplab\PiNew.X\PiNew.asm
             _.org_0_0266   0x000266    program     static C:\Users\Xusniddin\Desktop\mplab\PiNew.X\PiNew.asm
                       bt   0x0001aa    program     static C:\Users\Xusniddin\Desktop\mplab\PiNew.X\PiNew.asm
              cmequalizer   0x000117    program     static C:\Users\Xusniddin\Desktop\mplab\PiNew.X\PiNew.asm
                   cmmute   0x0000c7    program     static C:\Users\Xusniddin\Desktop\mplab\PiNew.X\PiNew.asm
                  cmmute1   0x0001bc    program     static C:\Users\Xusniddin\Desktop\mplab\PiNew.X\PiNew.asm
                  cmpause   0x0000f7    program     static C:\Users\Xusniddin\Desktop\mplab\PiNew.X\PiNew.asm
                  cmpower   0x000107    program     static C:\Users\Xusniddin\Desktop\mplab\PiNew.X\PiNew.asm
                  cmqizil   0x0000af    program     static C:\Users\Xusniddin\Desktop\mplab\PiNew.X\PiNew.asm
            cmstrelkachap   0x000151    program     static C:\Users\Xusniddin\Desktop\mplab\PiNew.X\PiNew.asm
              cmstrelkaon   0x000161    program     static C:\Users\Xusniddin\Desktop\mplab\PiNew.X\PiNew.asm
             cmstrelkapas   0x00009f    program     static C:\Users\Xusniddin\Desktop\mplab\PiNew.X\PiNew.asm
            cmstrelkatepa   0x000191    program     static C:\Users\Xusniddin\Desktop\mplab\PiNew.X\PiNew.asm
               cmvolumpas   0x000171    program     static C:\Users\Xusniddin\Desktop\mplab\PiNew.X\PiNew.asm
              cmvolumtepa   0x000181    program     static C:\Users\Xusniddin\Desktop\mplab\PiNew.X\PiNew.asm
                 cmyashil   0x0000df    program     static C:\Users\Xusniddin\Desktop\mplab\PiNew.X\PiNew.asm
               delay250ms   0x00025b    program     static C:\Users\Xusniddin\Desktop\mplab\PiNew.X\PiNew.asm
              delayy4.5ms   0x000252    program     static C:\Users\Xusniddin\Desktop\mplab\PiNew.X\PiNew.asm
                delayy9ms   0x000219    program     static C:\Users\Xusniddin\Desktop\mplab\PiNew.X\PiNew.asm
                     krug   0x00007d    program     static C:\Users\Xusniddin\Desktop\mplab\PiNew.X\PiNew.asm
                    krug1   0x00008b    program     static C:\Users\Xusniddin\Desktop\mplab\PiNew.X\PiNew.asm
                    krug2   0x000099    program     static C:\Users\Xusniddin\Desktop\mplab\PiNew.X\PiNew.asm
                     loop   0x00002f    program     static C:\Users\Xusniddin\Desktop\mplab\PiNew.X\PiNew.asm
                metka1000   0x0001da    program     static C:\Users\Xusniddin\Desktop\mplab\PiNew.X\PiNew.asm
              metka101000   0x0001d8    program     static C:\Users\Xusniddin\Desktop\mplab\PiNew.X\PiNew.asm
            metka10101000   0x0001d6    program     static C:\Users\Xusniddin\Desktop\mplab\PiNew.X\PiNew.asm
          metka1010101000   0x0001d4    program     static C:\Users\Xusniddin\Desktop\mplab\PiNew.X\PiNew.asm
        metka101010101000   0x0001d2    program     static C:\Users\Xusniddin\Desktop\mplab\PiNew.X\PiNew.asm
      metka10101010101000   0x0001d0    program     static C:\Users\Xusniddin\Desktop\mplab\PiNew.X\PiNew.asm
    metka1010101010101000   0x0001ce    program     static C:\Users\Xusniddin\Desktop\mplab\PiNew.X\PiNew.asm
  metka101010101010101000   0x0001cc    program     static C:\Users\Xusniddin\Desktop\mplab\PiNew.X\PiNew.asm
                    power   0x000055    program     static C:\Users\Xusniddin\Desktop\mplab\PiNew.X\PiNew.asm
             poweruderjat   0x000091    program     static C:\Users\Xusniddin\Desktop\mplab\PiNew.X\PiNew.asm
                    qizil   0x00005f    program     static C:\Users\Xusniddin\Desktop\mplab\PiNew.X\PiNew.asm
             qiziluderjat   0x000075    program     static C:\Users\Xusniddin\Desktop\mplab\PiNew.X\PiNew.asm
                 volumpas   0x000069    program     static C:\Users\Xusniddin\Desktop\mplab\PiNew.X\PiNew.asm
                volumtepa   0x000064    program     static C:\Users\Xusniddin\Desktop\mplab\PiNew.X\PiNew.asm
                    yarmi   0x0001a1    program     static C:\Users\Xusniddin\Desktop\mplab\PiNew.X\PiNew.asm
                   yashil   0x00005a    program     static C:\Users\Xusniddin\Desktop\mplab\PiNew.X\PiNew.asm
            yashiluderjat   0x000083    program     static C:\Users\Xusniddin\Desktop\mplab\PiNew.X\PiNew.asm



                              Symbols - Sorted by Address
                     Name    Address   Location    Storage File                     
                ---------  ---------  ---------  --------- ---------                
                     Init   0x000001    program     static C:\Users\Xusniddin\Desktop\mplab\PiNew.X\PiNew.asm
                 Mainloop   0x00002b    program     static C:\Users\Xusniddin\Desktop\mplab\PiNew.X\PiNew.asm
                 UMessen1   0x00002e    program     static C:\Users\Xusniddin\Desktop\mplab\PiNew.X\PiNew.asm
                     loop   0x00002f    program     static C:\Users\Xusniddin\Desktop\mplab\PiNew.X\PiNew.asm
             _.org_0_003C   0x00003c    program     static C:\Users\Xusniddin\Desktop\mplab\PiNew.X\PiNew.asm
             _.org_0_003E   0x00003e    program     static C:\Users\Xusniddin\Desktop\mplab\PiNew.X\PiNew.asm
                      LED   0x000040    program     static C:\Users\Xusniddin\Desktop\mplab\PiNew.X\PiNew.asm
                    power   0x000055    program     static C:\Users\Xusniddin\Desktop\mplab\PiNew.X\PiNew.asm
                   yashil   0x00005a    program     static C:\Users\Xusniddin\Desktop\mplab\PiNew.X\PiNew.asm
                    qizil   0x00005f    program     static C:\Users\Xusniddin\Desktop\mplab\PiNew.X\PiNew.asm
                volumtepa   0x000064    program     static C:\Users\Xusniddin\Desktop\mplab\PiNew.X\PiNew.asm
                 volumpas   0x000069    program     static C:\Users\Xusniddin\Desktop\mplab\PiNew.X\PiNew.asm
                Big_delay   0x00006e    program     static C:\Users\Xusniddin\Desktop\mplab\PiNew.X\PiNew.asm
                BD_Loop94   0x000070    program     static C:\Users\Xusniddin\Desktop\mplab\PiNew.X\PiNew.asm
             qiziluderjat   0x000075    program     static C:\Users\Xusniddin\Desktop\mplab\PiNew.X\PiNew.asm
                     krug   0x00007d    program     static C:\Users\Xusniddin\Desktop\mplab\PiNew.X\PiNew.asm
            yashiluderjat   0x000083    program     static C:\Users\Xusniddin\Desktop\mplab\PiNew.X\PiNew.asm
                    krug1   0x00008b    program     static C:\Users\Xusniddin\Desktop\mplab\PiNew.X\PiNew.asm
             poweruderjat   0x000091    program     static C:\Users\Xusniddin\Desktop\mplab\PiNew.X\PiNew.asm
                    krug2   0x000099    program     static C:\Users\Xusniddin\Desktop\mplab\PiNew.X\PiNew.asm
             cmstrelkapas   0x00009f    program     static C:\Users\Xusniddin\Desktop\mplab\PiNew.X\PiNew.asm
                  cmqizil   0x0000af    program     static C:\Users\Xusniddin\Desktop\mplab\PiNew.X\PiNew.asm
                   cmmute   0x0000c7    program     static C:\Users\Xusniddin\Desktop\mplab\PiNew.X\PiNew.asm
                 cmyashil   0x0000df    program     static C:\Users\Xusniddin\Desktop\mplab\PiNew.X\PiNew.asm
                  cmpause   0x0000f7    program     static C:\Users\Xusniddin\Desktop\mplab\PiNew.X\PiNew.asm
                  cmpower   0x000107    program     static C:\Users\Xusniddin\Desktop\mplab\PiNew.X\PiNew.asm
              cmequalizer   0x000117    program     static C:\Users\Xusniddin\Desktop\mplab\PiNew.X\PiNew.asm
            cmstrelkachap   0x000151    program     static C:\Users\Xusniddin\Desktop\mplab\PiNew.X\PiNew.asm
              cmstrelkaon   0x000161    program     static C:\Users\Xusniddin\Desktop\mplab\PiNew.X\PiNew.asm
               cmvolumpas   0x000171    program     static C:\Users\Xusniddin\Desktop\mplab\PiNew.X\PiNew.asm
              cmvolumtepa   0x000181    program     static C:\Users\Xusniddin\Desktop\mplab\PiNew.X\PiNew.asm
            cmstrelkatepa   0x000191    program     static C:\Users\Xusniddin\Desktop\mplab\PiNew.X\PiNew.asm
                    yarmi   0x0001a1    program     static C:\Users\Xusniddin\Desktop\mplab\PiNew.X\PiNew.asm
                       bt   0x0001aa    program     static C:\Users\Xusniddin\Desktop\mplab\PiNew.X\PiNew.asm
                  cmmute1   0x0001bc    program     static C:\Users\Xusniddin\Desktop\mplab\PiNew.X\PiNew.asm
  metka101010101010101000   0x0001cc    program     static C:\Users\Xusniddin\Desktop\mplab\PiNew.X\PiNew.asm
    metka1010101010101000   0x0001ce    program     static C:\Users\Xusniddin\Desktop\mplab\PiNew.X\PiNew.asm
      metka10101010101000   0x0001d0    program     static C:\Users\Xusniddin\Desktop\mplab\PiNew.X\PiNew.asm
        metka101010101000   0x0001d2    program     static C:\Users\Xusniddin\Desktop\mplab\PiNew.X\PiNew.asm
          metka1010101000   0x0001d4    program     static C:\Users\Xusniddin\Desktop\mplab\PiNew.X\PiNew.asm
            metka10101000   0x0001d6    program     static C:\Users\Xusniddin\Desktop\mplab\PiNew.X\PiNew.asm
              metka101000   0x0001d8    program     static C:\Users\Xusniddin\Desktop\mplab\PiNew.X\PiNew.asm
                metka1000   0x0001da    program     static C:\Users\Xusniddin\Desktop\mplab\PiNew.X\PiNew.asm
                   Send_1   0x0001df    program     static C:\Users\Xusniddin\Desktop\mplab\PiNew.X\PiNew.asm
               Send1_Loop   0x0001e1    program     static C:\Users\Xusniddin\Desktop\mplab\PiNew.X\PiNew.asm
                   Send_0   0x0001fc    program     static C:\Users\Xusniddin\Desktop\mplab\PiNew.X\PiNew.asm
               Send0_Loop   0x0001fe    program     static C:\Users\Xusniddin\Desktop\mplab\PiNew.X\PiNew.asm
                delayy9ms   0x000219    program     static C:\Users\Xusniddin\Desktop\mplab\PiNew.X\PiNew.asm
              Send0_Loopp   0x00021b    program     static C:\Users\Xusniddin\Desktop\mplab\PiNew.X\PiNew.asm
             Send0_Loopp1   0x000237    program     static C:\Users\Xusniddin\Desktop\mplab\PiNew.X\PiNew.asm
              delayy4.5ms   0x000252    program     static C:\Users\Xusniddin\Desktop\mplab\PiNew.X\PiNew.asm
             _.org_0_0257   0x000257    program     static C:\Users\Xusniddin\Desktop\mplab\PiNew.X\PiNew.asm
             _.org_0_0259   0x000259    program     static C:\Users\Xusniddin\Desktop\mplab\PiNew.X\PiNew.asm
               delay250ms   0x00025b    program     static C:\Users\Xusniddin\Desktop\mplab\PiNew.X\PiNew.asm
             _.org_0_0262   0x000262    program     static C:\Users\Xusniddin\Desktop\mplab\PiNew.X\PiNew.asm
             _.org_0_0264   0x000264    program     static C:\Users\Xusniddin\Desktop\mplab\PiNew.X\PiNew.asm
             _.org_0_0266   0x000266    program     static C:\Users\Xusniddin\Desktop\mplab\PiNew.X\PiNew.asm


